Archive member included to satisfy reference by file (symbol)

c:/program files (x86)/atmel/studio/7.0/toolchain/avr8/avr8-gnu-toolchain/bin/../lib/gcc/avr/5.4.0/avr6\libgcc.a(_mulsi3.o)
                              system/filesystem/fat.o (__mulsi3)
c:/program files (x86)/atmel/studio/7.0/toolchain/avr8/avr8-gnu-toolchain/bin/../lib/gcc/avr/5.4.0/avr6\libgcc.a(_udivmodqi4.o)
                              system/math/math.o (__udivmodqi4)
c:/program files (x86)/atmel/studio/7.0/toolchain/avr8/avr8-gnu-toolchain/bin/../lib/gcc/avr/5.4.0/avr6\libgcc.a(_udivmodhi4.o)
                              system/filesystem/fat.o (__udivmodhi4)
c:/program files (x86)/atmel/studio/7.0/toolchain/avr8/avr8-gnu-toolchain/bin/../lib/gcc/avr/5.4.0/avr6\libgcc.a(_divmodhi4.o)
                              system/base64/base64.o (__divmodhi4)
c:/program files (x86)/atmel/studio/7.0/toolchain/avr8/avr8-gnu-toolchain/bin/../lib/gcc/avr/5.4.0/avr6\libgcc.a(_udivmodsi4.o)
                              hardware/timer1/timer1.o (__udivmodsi4)
c:/program files (x86)/atmel/studio/7.0/toolchain/avr8/avr8-gnu-toolchain/bin/../lib/gcc/avr/5.4.0/avr6\libgcc.a(_exit.o)
                              C:/Program Files (x86)/Atmel/Studio/7.0/Packs/atmel/ATmega_DFP/1.6.364/gcc/dev/atmega2561/avr6/crtatmega2561.o (exit)
c:/program files (x86)/atmel/studio/7.0/toolchain/avr8/avr8-gnu-toolchain/bin/../lib/gcc/avr/5.4.0/avr6\libgcc.a(_tablejump2.o)
                              iTelex/eMail.o (__tablejump2__)
c:/program files (x86)/atmel/studio/7.0/toolchain/avr8/avr8-gnu-toolchain/bin/../lib/gcc/avr/5.4.0/avr6\libgcc.a(_copy_data.o)
                              apps/modules/cmd_dyndns.o (__do_copy_data)
c:/program files (x86)/atmel/studio/7.0/toolchain/avr8/avr8-gnu-toolchain/bin/../lib/gcc/avr/5.4.0/avr6\libgcc.a(_clear_bss.o)
                              apps/modules/cmd_stats.o (__do_clear_bss)
c:/program files (x86)/atmel/studio/7.0/toolchain/avr8/avr8-gnu-toolchain/bin/../lib/gcc/avr/5.4.0/avr6\libgcc.a(_bswapsi2.o)
                              system/net/ntp.o (__bswapsi2)
c:/program files (x86)/atmel/studio/7.0/toolchain/avr8/avr8-gnu-toolchain/bin/../lib/gcc/avr/5.4.0/avr6\libgcc.a(_umulhisi3.o)
                              system/filesystem/fat.o (__umulhisi3)
c:/program files (x86)/atmel/studio/7.0/toolchain/avr8/avr8-gnu-toolchain/bin/../lib/gcc/avr/5.4.0/avr6\libgcc.a(_usmulhisi3.o)
                              system/clock/clock.o (__usmulhisi3)
c:/program files (x86)/atmel/studio/7.0/toolchain/avr8/avr8-gnu-toolchain/bin/../lib/gcc/avr/5.4.0/avr6\libgcc.a(_muluhisi3.o)
                              system/filesystem/fat.o (__muluhisi3)
c:/program files (x86)/atmel/studio/7.0/toolchain/avr8/avr8-gnu-toolchain/bin/../lib/gcc/avr/5.4.0/avr6\libgcc.a(_mulshisi3.o)
                              system/clock/clock.o (__mulshisi3)
c:/program files (x86)/atmel/studio/7.0/toolchain/avr8/avr8-gnu-toolchain/bin/../lib/gcc/avr/5.4.0/../../../../avr/lib/avr6\libc.a(malloc.o)
                              system/filesystem/fat.o (malloc)
c:/program files (x86)/atmel/studio/7.0/toolchain/avr8/avr8-gnu-toolchain/bin/../lib/gcc/avr/5.4.0/../../../../avr/lib/avr6\libc.a(atoi.o)
                              iTelex/CgiFormTools.o (atoi)
c:/program files (x86)/atmel/studio/7.0/toolchain/avr8/avr8-gnu-toolchain/bin/../lib/gcc/avr/5.4.0/../../../../avr/lib/avr6\libc.a(atol.o)
                              apps/modules/cmd_ntp.o (atol)
c:/program files (x86)/atmel/studio/7.0/toolchain/avr8/avr8-gnu-toolchain/bin/../lib/gcc/avr/5.4.0/../../../../avr/lib/avr6\libc.a(memcmp_P.o)
                              apps/httpd/httpd2.o (memcmp_P)
c:/program files (x86)/atmel/studio/7.0/toolchain/avr8/avr8-gnu-toolchain/bin/../lib/gcc/avr/5.4.0/../../../../avr/lib/avr6\libc.a(memcpy_P.o)
                              iTelex/IspMaster.o (memcpy_P)
c:/program files (x86)/atmel/studio/7.0/toolchain/avr8/avr8-gnu-toolchain/bin/../lib/gcc/avr/5.4.0/../../../../avr/lib/avr6\libc.a(strcat_P.o)
                              iTelex/eMail.o (strcat_P)
c:/program files (x86)/atmel/studio/7.0/toolchain/avr8/avr8-gnu-toolchain/bin/../lib/gcc/avr/5.4.0/../../../../avr/lib/avr6\libc.a(strchr_P.o)
                              iTelex/iTelex.o (strchr_P)
c:/program files (x86)/atmel/studio/7.0/toolchain/avr8/avr8-gnu-toolchain/bin/../lib/gcc/avr/5.4.0/../../../../avr/lib/avr6\libc.a(strcmp_P.o)
                              apps/modules/cmd_dyndns.o (strcmp_P)
c:/program files (x86)/atmel/studio/7.0/toolchain/avr8/avr8-gnu-toolchain/bin/../lib/gcc/avr/5.4.0/../../../../avr/lib/avr6\libc.a(strcpy_P.o)
                              apps/modules/cmd_dyndns.o (strcpy_P)
c:/program files (x86)/atmel/studio/7.0/toolchain/avr8/avr8-gnu-toolchain/bin/../lib/gcc/avr/5.4.0/../../../../avr/lib/avr6\libc.a(strlen_P.o)
                              system/config/eeconfig.o (__strlen_P)
[...]
Memory Configuration

Name             Origin             Length             Attributes
text             0x00000000         0x00040000         xr
data             0x00800200         0x00002000         rw !x
eeprom           0x00810000         0x00001000         rw !x
fuse             0x00820000         0x00000003         rw !x
lock             0x00830000         0x00000400         rw !x
signature        0x00840000         0x00000400         rw !x
user_signatures  0x00850000         0x00000400         rw !x
*default*        0x00000000         0xffffffff

Linker script and memory map

Address of section .data set to 0x800200
LOAD C:/Program Files (x86)/Atmel/Studio/7.0/Packs/atmel/ATmega_DFP/1.6.364/gcc/dev/atmega2561/avr6/crtatmega2561.o
LOAD apps/apps_init.o
LOAD apps/cron/cron.o
LOAD apps/modules/cmd_arp.o
LOAD apps/modules/cmd_cron.o
LOAD apps/modules/cmd_dns.o
LOAD apps/modules/cmd_dyndns.o
LOAD apps/modules/cmd_eemem.o
LOAD apps/modules/cmd_foo.o
LOAD apps/modules/cmd_ifconfig.o
LOAD apps/modules/cmd_ntp.o
LOAD apps/modules/cmd_reset.o
LOAD apps/modules/cmd_stats.o
LOAD apps/modules/cmd_twi.o
LOAD apps/modul_init.o
LOAD apps/telnet/telnet.o
LOAD hardware/ext_int/ext_int.o
LOAD hardware/timer1/timer1.o
LOAD hardware/uart/mega/uart_0.o
LOAD hardware/uart/mega/uart_1.o
LOAD hardware/uart/uart_core.o
LOAD iTelex/CgiFormTools.o
LOAD iTelex/ConfigNtp.o
LOAD iTelex/eMail.o
LOAD iTelex/Gemeinsam/BaudotCode.o
LOAD iTelex/Gemeinsam/BusKomm.o
LOAD iTelex/Gemeinsam/FifoPuffer.o
LOAD iTelex/IspMaster.o
LOAD iTelex/MissbrauchSperre.o
LOAD iTelex/RamCorrTest.o
LOAD iTelex/StringTab.o
LOAD iTelex/SwTwi.o
LOAD system/base64/base64.o
LOAD system/buffer/fifo.o
LOAD system/config/eeconfig.o
LOAD system/filesystem/byteordering.o
LOAD system/filesystem/fat.o
LOAD system/filesystem/filesystem.o
LOAD system/filesystem/partition.o
LOAD system/math/checksum.o
LOAD system/math/crc8.o
LOAD system/math/math.o
LOAD system/net/arp.o
LOAD system/net/dhcpc.o
LOAD system/net/dns.o
LOAD system/net/endian.o
LOAD system/net/ethernet.o
LOAD system/net/icmp.o
LOAD system/net/ip.o
LOAD system/net/network.o
LOAD system/net/ntp.o
LOAD system/net/udp.o
LOAD system/shell/shell.o
LOAD system/stdout/stdout.o
LOAD system/string/string.o
LOAD system/thread/thread.o
LOAD apps/httpd/files.o
LOAD apps/httpd/httpd2_pharse.o
LOAD apps/httpd/httpd2.o
LOAD apps/httpd/cgibin/cgi-bin.o
LOAD hardware/network/enc28j60.o
LOAD hardware/spi/spi_0.o
LOAD hardware/spi/spi_1.o
LOAD hardware/spi/spi_2.o
LOAD hardware/timer0/timer0.o
LOAD hardware/led/led_core.o
LOAD hardware/memory/xram.o
LOAD hardware/spi/spi_core.o
LOAD hardware/gpio/gpio_core.o
LOAD hardware/gpio/gpio_out.o
LOAD hardware/gpio/gpio_in.o
LOAD hardware/sd_raw/sd_raw.o
LOAD system/clock/clock.o
LOAD system/net/tcp.o
LOAD system/net/dyndns.o
LOAD system/init.o
LOAD system/softreset/softreset.o
LOAD iTelex/Protokoll.o
LOAD iTelex/TlnBuch.o
LOAD iTelex/TlnServer.o
LOAD iTelex/iTelex.o
LOAD main.o
START GROUP
END GROUP
                0x00002000                __stack = 0x2000
Address of section .data set to 0x802200
                0x0080ffff                __heap_end = 0x80ffff
START GROUP
LOAD c:/program files (x86)/atmel/studio/7.0/toolchain/avr8/avr8-gnu-toolchain/bin/../lib/gcc/avr/5.4.0/avr6\libgcc.a
LOAD c:/program files (x86)/atmel/studio/7.0/toolchain/avr8/avr8-gnu-toolchain/bin/../lib/gcc/avr/5.4.0/../../../../avr/lib/avr6\libm.a
LOAD c:/program files (x86)/atmel/studio/7.0/toolchain/avr8/avr8-gnu-toolchain/bin/../lib/gcc/avr/5.4.0/../../../../avr/lib/avr6\libc.a
LOAD C:/Program Files (x86)/Atmel/Studio/7.0/Packs/atmel/ATmega_DFP/1.6.364/gcc/dev/atmega2561/avr6\libatmega2561.a
END GROUP
                0x00000000                __TEXT_REGION_ORIGIN__ = DEFINED (__TEXT_REGION_ORIGIN__)?__TEXT_REGION_ORIGIN__:0x0
                [0x00800200]                __DATA_REGION_ORIGIN__ = DEFINED (__DATA_REGION_ORIGIN__)?__DATA_REGION_ORIGIN__:0x800200
                [0x00040000]                __TEXT_REGION_LENGTH__ = DEFINED (__TEXT_REGION_LENGTH__)?__TEXT_REGION_LENGTH__:0x100000
                [0x00002000]                __DATA_REGION_LENGTH__ = DEFINED (__DATA_REGION_LENGTH__)?__DATA_REGION_LENGTH__:0xfe00
                [0x00001000]                __EEPROM_REGION_LENGTH__ = DEFINED (__EEPROM_REGION_LENGTH__)?__EEPROM_REGION_LENGTH__:0x10000
                [0x00000003]                __FUSE_REGION_LENGTH__ = DEFINED (__FUSE_REGION_LENGTH__)?__FUSE_REGION_LENGTH__:0x400
                0x00000400                __LOCK_REGION_LENGTH__ = DEFINED (__LOCK_REGION_LENGTH__)?__LOCK_REGION_LENGTH__:0x400
                0x00000400                __SIGNATURE_REGION_LENGTH__ = DEFINED (__SIGNATURE_REGION_LENGTH__)?__SIGNATURE_REGION_LENGTH__:0x400
                0x00000400                __USER_SIGNATURE_REGION_LENGTH__ = DEFINED (__USER_SIGNATURE_REGION_LENGTH__)?__USER_SIGNATURE_REGION_LENGTH__:0x400

.hash
 *(.hash)

.dynsym
 *(.dynsym)

.dynstr
 *(.dynstr)

.gnu.version
 *(.gnu.version)

.gnu.version_d
 *(.gnu.version_d)

.gnu.version_r
 *(.gnu.version_r)

.rel.init
 *(.rel.init)

.rela.init
 *(.rela.init)

.rel.text
 *(.rel.text)
 *(.rel.text.*)
 *(.rel.gnu.linkonce.t*)

.rela.text
 *(.rela.text)
 *(.rela.text.*)
 *(.rela.gnu.linkonce.t*)

.rel.fini
 *(.rel.fini)

.rela.fini
 *(.rela.fini)

.rel.rodata
 *(.rel.rodata)
 *(.rel.rodata.*)
 *(.rel.gnu.linkonce.r*)

.rela.rodata
 *(.rela.rodata)
 *(.rela.rodata.*)
 *(.rela.gnu.linkonce.r*)

.rel.data
 *(.rel.data)
 *(.rel.data.*)
 *(.rel.gnu.linkonce.d*)

.rela.data
 *(.rela.data)
 *(.rela.data.*)
 *(.rela.gnu.linkonce.d*)

.rel.ctors
 *(.rel.ctors)

.rela.ctors
 *(.rela.ctors)

.rel.dtors
 *(.rel.dtors)

.rela.dtors
 *(.rela.dtors)

.rel.got
 *(.rel.got)

.rela.got
 *(.rela.got)

.rel.bss
 *(.rel.bss)

.rela.bss
 *(.rela.bss)

.rel.plt
 *(.rel.plt)

.rela.plt
 *(.rela.plt)

.text           0x00000000    0x29baa
 *(.vectors)
 .vectors       0x00000000       0xcc C:/Program Files (x86)/Atmel/Studio/7.0/Packs/atmel/ATmega_DFP/1.6.364/gcc/dev/atmega2561/avr6/crtatmega2561.o
                0x00000000                __vector_default
                0x00000000                __vectors
 *(.vectors)
 *(.progmem.gcc*)
 .progmem.gcc_sw_table.POP3DatenVerarbeiten
                0x000000cc       0x1c iTelex/eMail.o
 .progmem.gcc_sw_table.SMTPDatenVerarbeiten
                0x000000e8       0x1c iTelex/eMail.o
 .progmem.gcc_sw_table.TlnEintragGroesse
                0x00000104        0xe iTelex/TlnBuch.o
 .progmem.gcc_sw_table.TlnEintragen
                0x00000112        0xe iTelex/TlnBuch.o
 .progmem.gcc_sw_table.TlnLesen
                0x00000120        0xe iTelex/TlnBuch.o
                0x0000012e                . = ALIGN (0x2)
                0x0000012e                __trampolines_start = .
 *(.trampolines)
 .trampolines   0x0000012e       0x30 linker stubs
 *(.trampolines*)
                0x0000015e                __trampolines_end = .
 *libprintf_flt.a:*(.progmem.data)
 *libc.a:*(.progmem.data)
 *(.progmem*)
 .progmem.data.__c.2528
                0x0000015e        0xf apps/modules/cmd_arp.o
 .progmem.data.__c.2526
                0x0000016d        0xd apps/modules/cmd_arp.o
 .progmem.data.__c.2514
                0x0000017a        0x4 apps/modules/cmd_arp.o
 .progmem.data.__c.2514
                0x0000017e       0x11 apps/modules/cmd_dns.o
 .progmem.data.__c.2512
                0x0000018f       0x10 apps/modules/cmd_dns.o
 .progmem.data.__c.2504
                0x0000019f        0x4 apps/modules/cmd_dns.o
 .progmem.data.__c.2568
                0x000001a3        0x7 apps/modules/cmd_eemem.o
 .progmem.data.__c.2566
                0x000001aa        0x6 apps/modules/cmd_eemem.o
 .progmem.data.__c.2558
                0x000001b0       0x4c apps/modules/cmd_eemem.o
 .progmem.data.__c.2556
                0x000001fc        0x6 apps/modules/cmd_eemem.o
 .progmem.data.__c.2554
                0x00000202        0x6 apps/modules/cmd_eemem.o
 .progmem.data.__c.2552
                0x00000208        0x4 apps/modules/cmd_eemem.o
 .progmem.data.__c.2550
                0x0000020c        0x4 apps/modules/cmd_eemem.o
 .progmem.data.__c.2548
                0x00000210        0xe apps/modules/cmd_eemem.o
 .progmem.data.__c.2546
                0x0000021e        0xe apps/modules/cmd_eemem.o
 .progmem.data.__c.2544
                0x0000022c        0x4 apps/modules/cmd_eemem.o
 .progmem.data.__c.2542
                0x00000230        0xa apps/modules/cmd_eemem.o
 .progmem.data.__c.2540
                0x0000023a        0xe apps/modules/cmd_eemem.o
 .progmem.data.__c.2538
                0x00000248        0x3 apps/modules/cmd_eemem.o
 .progmem.data.__c.2536
                0x0000024b        0x8 apps/modules/cmd_eemem.o
 .progmem.data.__c.2528
                0x00000253        0xa apps/modules/cmd_eemem.o
 .progmem.data.__c.2526
                0x0000025d        0x6 apps/modules/cmd_eemem.o
 .progmem.data.__c.2460
                0x00000263        0x8 apps/modules/cmd_foo.o
 .progmem.data.__c.2730
                0x0000026b       0x33 apps/modules/cmd_ifconfig.o
 .progmem.data.__c.2728
                0x0000029e       0xce apps/modules/cmd_ifconfig.o
 .progmem.data.__c.2726
                0x0000036c        0x4 apps/modules/cmd_ifconfig.o
 .progmem.data.__c.2724
                0x00000370       0x76 apps/modules/cmd_ifconfig.o
 .progmem.data.__c.2722
                0x000003e6        0x4 apps/modules/cmd_ifconfig.o
 .progmem.data.__c.2720
                0x000003ea       0x74 apps/modules/cmd_ifconfig.o
 .progmem.data.__c.2718
                0x0000045e        0x5 apps/modules/cmd_ifconfig.o
 .progmem.data.__c.2716
                0x00000463       0x74 apps/modules/cmd_ifconfig.o
 .progmem.data.__c.2714
                0x000004d7        0x5 apps/modules/cmd_ifconfig.o
 .progmem.data.__c.2712
                0x000004dc       0x75 apps/modules/cmd_ifconfig.o
 .progmem.data.__c.2710
                0x00000551        0x3 apps/modules/cmd_ifconfig.o
 .progmem.data.__c.2708
                0x00000554        0xc apps/modules/cmd_ifconfig.o
 .progmem.data.__c.2706
                0x00000560        0x8 apps/modules/cmd_ifconfig.o
 .progmem.data.__c.2704
                0x00000568        0x3 apps/modules/cmd_ifconfig.o
 .progmem.data.__c.2702
                0x0000056b        0x5 apps/modules/cmd_ifconfig.o
 .progmem.data.__c.2700
                0x00000570       0x59 apps/modules/cmd_ifconfig.o
 .progmem.data.__c.2698
                0x000005c9        0x5 apps/modules/cmd_ifconfig.o
 .progmem.data.__c.2696
                0x000005ce       0x4e apps/modules/cmd_ifconfig.o
 .progmem.data.__c.2694
                0x0000061c        0x7 apps/modules/cmd_ifconfig.o
 .progmem.data.__c.2692
                0x00000623        0x9 apps/modules/cmd_ifconfig.o
 .progmem.data.__c.2690
                0x0000062c        0x6 apps/modules/cmd_ifconfig.o
 .progmem.data.__c.2688
                0x00000632        0x9 apps/modules/cmd_ifconfig.o
 .progmem.data.__c.2686
                0x0000063b        0x8 apps/modules/cmd_ifconfig.o
 .progmem.data.__c.2677
                0x00000643       0x2c apps/modules/cmd_ifconfig.o
 .progmem.data.__c.2675
                0x0000066f        0x9 apps/modules/cmd_ifconfig.o
 .progmem.data.__c.2673
                0x00000678        0xd apps/modules/cmd_ifconfig.o
 .progmem.data.__c.2671
                0x00000685        0xd apps/modules/cmd_ifconfig.o
 .progmem.data.__c.2669
                0x00000692        0x8 apps/modules/cmd_ifconfig.o
 .progmem.data.__c.2662
                0x0000069a        0xc apps/modules/cmd_ifconfig.o
 .progmem.data.__c.2660
                0x000006a6        0x9 apps/modules/cmd_ifconfig.o
 .progmem.data.MAC_NP
                0x000006af        0x4 apps/modules/cmd_ifconfig.o
                0x000006af                MAC_NP
 .progmem.data.DNS_NP
                0x000006b3        0x4 apps/modules/cmd_ifconfig.o
                0x000006b3                DNS_NP
 .progmem.data.GATE_NP
                0x000006b7        0x5 apps/modules/cmd_ifconfig.o
                0x000006b7                GATE_NP
 .progmem.data.MASK_NP
                0x000006bc        0x5 apps/modules/cmd_ifconfig.o
                0x000006bc                MASK_NP
 .progmem.data.IP_NP
                0x000006c1        0x3 apps/modules/cmd_ifconfig.o
                0x000006c1                IP_NP
 .progmem.data.DHCP_NP
                0x000006c4        0x5 apps/modules/cmd_ifconfig.o
                0x000006c4                DHCP_NP
 .progmem.data.__c.2673
                0x000006c9       0x12 apps/modules/cmd_ntp.o
 .progmem.data.__c.2671
                0x000006db        0x9 apps/modules/cmd_ntp.o
 .progmem.data.__c.2669
                0x000006e4       0x1c apps/modules/cmd_ntp.o
 .progmem.data.__c.2667
                0x00000700       0x13 apps/modules/cmd_ntp.o
 .progmem.data.__c.2665
                0x00000713        0x9 apps/modules/cmd_ntp.o
 .progmem.data.__c.2656
                0x0000071c        0x4 apps/modules/cmd_ntp.o
 .progmem.data.UTCZONE_P
                0x00000720        0x8 apps/modules/cmd_ntp.o
                0x00000720                UTCZONE_P
 .progmem.data.__c.2661
                0x00000728        0x6 apps/modules/cmd_reset.o
 .progmem.data.__c.2657
                0x0000072e        0x6 apps/modules/cmd_reset.o
 .progmem.data.__c.2659
                0x00000734        0x6 apps/modules/cmd_reset.o
 .progmem.data.__c.2655
                0x0000073a        0x6 apps/modules/cmd_reset.o
 .progmem.data.__c.2653
                0x00000740       0x81 apps/modules/cmd_reset.o
 .progmem.data.__c.2641
                0x000007c1        0xa apps/modules/cmd_reset.o
 .progmem.data.__c.2639
                0x000007cb        0x6 apps/modules/cmd_reset.o
 .progmem.data.__c.2789
                0x000007d1       0x13 apps/modules/cmd_stats.o
 .progmem.data.__c.2787
                0x000007e4       0xa6 apps/modules/cmd_stats.o
 .progmem.data.__c.2778
                0x0000088a       0x13 apps/modules/cmd_stats.o
 .progmem.data.__c.2776
                0x0000089d       0x13 apps/modules/cmd_stats.o
 .progmem.data.__c.2774
                0x000008b0       0x15 apps/modules/cmd_stats.o
 .progmem.data.__c.2772
                0x000008c5       0x14 apps/modules/cmd_stats.o
 .progmem.data.__c.2770
                0x000008d9       0x11 apps/modules/cmd_stats.o
 .progmem.data.__c.2768
                0x000008ea        0xc apps/modules/cmd_stats.o
 .progmem.data.__c.2766
                0x000008f6       0x41 apps/modules/cmd_stats.o
 .progmem.data.__c.2764
                0x00000937       0x35 apps/modules/cmd_stats.o
 .progmem.data.__c.2755
                0x0000096c        0xa apps/modules/cmd_stats.o
 .progmem.data.__c.2753
                0x00000976        0x6 apps/modules/cmd_stats.o
 .progmem.data.__c.2472
                0x0000097c        0x3 apps/telnet/telnet.o
 .progmem.data.__c.2470
                0x0000097f        0xa apps/telnet/telnet.o
 .progmem.data.__c.2468
                0x00000989        0x5 apps/telnet/telnet.o
 .progmem.data.__c.2463
                0x0000098e       0x2d apps/telnet/telnet.o
 .progmem.data.__c.2456
                0x000009bb        0x7 apps/telnet/telnet.o
 .progmem.data.__c.2454
                0x000009c2       0x19 apps/telnet/telnet.o
 .progmem.data.__c.2659
                0x000009db        0x4 iTelex/CgiFormTools.o
 .progmem.data.__c.2657
                0x000009df        0x3 iTelex/CgiFormTools.o
 .progmem.data.__c.2655
                0x000009e2        0x5 iTelex/CgiFormTools.o
 .progmem.data.__c.2653
                0x000009e7        0x5 iTelex/CgiFormTools.o
 .progmem.data.__c.2651
                0x000009ec        0x5 iTelex/CgiFormTools.o
 .progmem.data.__c.2641
                0x000009f1        0x6 iTelex/CgiFormTools.o
 .progmem.data.__c.2639
                0x000009f7        0x6 iTelex/CgiFormTools.o
 .progmem.data.__c.2637
                0x000009fd        0x5 iTelex/CgiFormTools.o
 .progmem.data.__c.2625
                0x00000a02        0x5 iTelex/CgiFormTools.o
 .progmem.data.__c.2623
                0x00000a07        0x5 iTelex/CgiFormTools.o
 .progmem.data.__c.2621
                0x00000a0c        0x5 iTelex/CgiFormTools.o
 .progmem.data.__c.2611
                0x00000a11       0x1c iTelex/CgiFormTools.o
 .progmem.data.__c.2609
                0x00000a2d       0x2e iTelex/CgiFormTools.o
 .progmem.data.__c.2604
                0x00000a5b        0xf iTelex/CgiFormTools.o
 .progmem.data.__c.2599
                0x00000a6a        0xa iTelex/CgiFormTools.o
 .progmem.data.__c.2597
                0x00000a74       0x14 iTelex/CgiFormTools.o
 .progmem.data.__c.2595
                0x00000a88       0x1d iTelex/CgiFormTools.o
 .progmem.data.__c.2592
                0x00000aa5        0xc iTelex/CgiFormTools.o
 .progmem.data.__c.2590
                0x00000ab1       0x19 iTelex/CgiFormTools.o
 .progmem.data.__c.2588
                0x00000aca       0x17 iTelex/CgiFormTools.o
 .progmem.data.__c.2579
                0x00000ae1        0xc iTelex/CgiFormTools.o
 .progmem.data.__c.2577
                0x00000aed        0x9 iTelex/CgiFormTools.o
 .progmem.data.__c.2575
                0x00000af6       0x1c iTelex/CgiFormTools.o
 .progmem.data.__c.2568
                0x00000b12       0x3d iTelex/CgiFormTools.o
 .progmem.data.__c.2560
                0x00000b4f       0x3e iTelex/CgiFormTools.o
 .progmem.data.__c.2552
                0x00000b8d       0x18 iTelex/CgiFormTools.o
 .progmem.data.__c.2550
                0x00000ba5       0x17 iTelex/CgiFormTools.o
 .progmem.data.__c.2544
                0x00000bbc       0x35 iTelex/CgiFormTools.o
 .progmem.data.__c.2542
                0x00000bf1        0xf iTelex/CgiFormTools.o
 .progmem.data.__c.2537
                0x00000c00        0x3 iTelex/CgiFormTools.o
 .progmem.data.__c.3324
                0x00000c03       0x22 iTelex/ConfigNtp.o
 .progmem.data.__c.3322
                0x00000c25        0xe iTelex/ConfigNtp.o
 .progmem.data.__c.3320
                0x00000c33       0x37 iTelex/ConfigNtp.o
 .progmem.data.__c.3318
                0x00000c6a        0xc iTelex/ConfigNtp.o
 .progmem.data.__c.3306
                0x00000c76       0x22 iTelex/ConfigNtp.o
 .progmem.data.__c.3304
                0x00000c98        0x5 iTelex/ConfigNtp.o
 .progmem.data.__c.3302
                0x00000c9d        0x5 iTelex/ConfigNtp.o
 .progmem.data.__c.3300
                0x00000ca2       0x13 iTelex/ConfigNtp.o
 .progmem.data.__c.3298
                0x00000cb5        0x8 iTelex/ConfigNtp.o
 .progmem.data.__c.3296
                0x00000cbd        0x2 iTelex/ConfigNtp.o
 .progmem.data.AutoDst_P
                0x00000cbf        0x8 iTelex/ConfigNtp.o
                0x00000cbf                AutoDst_P
 .progmem.data.UtcZoneStr_P
                0x00000cc7        0x8 iTelex/ConfigNtp.o
                0x00000cc7                UtcZoneStr_P
 .progmem.data.NtpServerStr_P
                0x00000ccf        0xa iTelex/ConfigNtp.o
                0x00000ccf                NtpServerStr_P
 .progmem.data.NtpOn_P
                0x00000cd9        0x4 iTelex/ConfigNtp.o
                0x00000cd9                NtpOn_P
 .progmem.data.__c.3598
                0x00000cdd       0x14 iTelex/eMail.o
 .progmem.data.__c.3593
                0x00000cf1        0x5 iTelex/eMail.o
 .progmem.data.__c.3591
                0x00000cf6        0x5 iTelex/eMail.o
 .progmem.data.__c.3589
                0x00000cfb        0x5 iTelex/eMail.o
 .progmem.data.__c.3586
                0x00000d00        0x2 iTelex/eMail.o
 .progmem.data.__c.3584
                0x00000d02        0x5 iTelex/eMail.o
 .progmem.data.__c.3582
                0x00000d07       0x1f iTelex/eMail.o
 .progmem.data.__c.3580
                0x00000d26       0x14 iTelex/eMail.o
 .progmem.data.__c.3565
                0x00000d3a        0x7 iTelex/eMail.o
 .progmem.data.__c.3563
                0x00000d41        0x6 iTelex/eMail.o
 .progmem.data.__c.3558
                0x00000d47        0x7 iTelex/eMail.o
 .progmem.data.__c.3547
                0x00000d4e        0xa iTelex/eMail.o
 .progmem.data.__c.3543
                0x00000d58       0x39 iTelex/eMail.o
 .progmem.data.__c.3541
                0x00000d91        0x8 iTelex/eMail.o
 .progmem.data.__c.3539
                0x00000d99        0x7 iTelex/eMail.o
 .progmem.data.__c.3536
                0x00000da0        0x7 iTelex/eMail.o
 .progmem.data.__c.3533
                0x00000da7        0x4 iTelex/eMail.o
 .progmem.data.__c.3531
                0x00000dab        0xa iTelex/eMail.o
 .progmem.data.__c.3528
                0x00000db5        0x4 iTelex/eMail.o
 .progmem.data.__c.3526
                0x00000db9        0xc iTelex/eMail.o
 .progmem.data.__c.3518
                0x00000dc5        0x3 iTelex/eMail.o
 .progmem.data.__c.3515
                0x00000dc8        0x3 iTelex/eMail.o
 .progmem.data.__c.3512
                0x00000dcb        0xd iTelex/eMail.o
 .progmem.data.__c.3508
                0x00000dd8       0x1a iTelex/eMail.o
 .progmem.data.__c.3505
                0x00000df2       0x1f iTelex/eMail.o
 .progmem.data.__c.3501
                0x00000e11       0x4d iTelex/eMail.o
 .progmem.data.__c.3499
                0x00000e5e       0x12 iTelex/eMail.o
 .progmem.data.__c.3497
                0x00000e70       0x1f iTelex/eMail.o
 .progmem.data.__c.3491
                0x00000e8f       0x18 iTelex/eMail.o
 .progmem.data.__c.3489
                0x00000ea7        0x9 iTelex/eMail.o
 .progmem.data.__c.3484
                0x00000eb0        0x7 iTelex/eMail.o
 .progmem.data.__c.3474
                0x00000eb7        0x3 iTelex/eMail.o
 .progmem.data.__c.3471
                0x00000eba        0x6 iTelex/eMail.o
 .progmem.data.__c.3469
                0x00000ec0        0x9 iTelex/eMail.o
 .progmem.data.__c.3467
                0x00000ec9        0x4 iTelex/eMail.o
 .progmem.data.__c.3464
                0x00000ecd        0x7 iTelex/eMail.o
 .progmem.data.__c.3462
                0x00000ed4        0x7 iTelex/eMail.o
 .progmem.data.__c.3456
                0x00000edb        0x7 iTelex/eMail.o
 .progmem.data.__c.3453
                0x00000ee2        0x3 iTelex/eMail.o
 .progmem.data.__c.3451
                0x00000ee5        0x6 iTelex/eMail.o
 .progmem.data.__c.3447
                0x00000eeb        0x3 iTelex/eMail.o
 .progmem.data.__c.3445
                0x00000eee        0x6 iTelex/eMail.o
 .progmem.data.__c.3438
                0x00000ef4       0x1e iTelex/eMail.o
 .progmem.data.__c.3436
                0x00000f12        0x9 iTelex/eMail.o
 .progmem.data.__c.3428
                0x00000f1b       0x41 iTelex/eMail.o
 .progmem.data.__c.3426
                0x00000f5c       0x47 iTelex/eMail.o
 .progmem.data.__c.3424
                0x00000fa3       0x12 iTelex/eMail.o
 .progmem.data.__c.3422
                0x00000fb5       0x1e iTelex/eMail.o
 .progmem.data.__c.3417
                0x00000fd3       0x11 iTelex/eMail.o
 .progmem.data.__c.3415
                0x00000fe4       0x16 iTelex/eMail.o
 .progmem.data.__c.3413
                0x00000ffa       0x1f iTelex/eMail.o
 .progmem.data.__c.3408
                0x00001019        0xb iTelex/eMail.o
 .progmem.data.__c.3406
                0x00001024        0xd iTelex/eMail.o
 .progmem.data.__c.3404
                0x00001031        0x5 iTelex/eMail.o
 .progmem.data.__c.3402
                0x00001036        0x5 iTelex/eMail.o
 .progmem.data.__c.3400
                0x0000103b        0x8 iTelex/eMail.o
 .progmem.data.__c.3398
                0x00001043        0x5 iTelex/eMail.o
 .progmem.data.__c.3396
                0x00001048        0x3 iTelex/eMail.o
 .progmem.data.__c.3394
                0x0000104b        0x5 iTelex/eMail.o
 .progmem.data.__c.3392
                0x00001050        0x2 iTelex/eMail.o
 .progmem.data.EmailDruckZiel_P
                0x00001052        0x9 iTelex/eMail.o
                0x00001052                EmailDruckZiel_P
 .progmem.data.EmailAusgabeFilternKennung_P
                0x0000105b       0x13 iTelex/eMail.o
                0x0000105b                EmailAusgabeFilternKennung_P
 .progmem.data.EmailAbfrageTakt_P
                0x0000106e        0xe iTelex/eMail.o
                0x0000106e                EmailAbfrageTakt_P
 .progmem.data.EmailEigenesPasswort_P
                0x0000107c        0xa iTelex/eMail.o
                0x0000107c                EmailEigenesPasswort_P
 .progmem.data.EmailEigeneAdresse_P
                0x00001086        0x9 iTelex/eMail.o
                0x00001086                EmailEigeneAdresse_P
 .progmem.data.EmailSMTPServerAdresse_P
                0x0000108f        0xb iTelex/eMail.o
                0x0000108f                EmailSMTPServerAdresse_P
 .progmem.data.EmailPOPServerAdresse_P
                0x0000109a        0xa iTelex/eMail.o
                0x0000109a                EmailPOPServerAdresse_P
 .progmem.data.TtyCodeTab_STD_Zi
                0x000010a4       0x20 iTelex/Gemeinsam/BaudotCode.o
                0x000010a4                TtyCodeTab_STD_Zi
 .progmem.data.TtyCodeTab_STD_Bu
                0x000010c4       0x20 iTelex/Gemeinsam/BaudotCode.o
                0x000010c4                TtyCodeTab_STD_Bu
 .progmem.data.__c.3814
                0x000010e4        0x8 iTelex/IspMaster.o
 .progmem.data.__c.3645
                0x000010ec       0x20 iTelex/IspMaster.o
 .progmem.data.__c.3653
                0x0000110c        0x2 iTelex/IspMaster.o
 .progmem.data.__c.3777
                0x0000110e       0x3f iTelex/IspMaster.o
 .progmem.data.__c.3775
                0x0000114d       0x31 iTelex/IspMaster.o
 .progmem.data.__c.3773
                0x0000117e       0x13 iTelex/IspMaster.o
 .progmem.data.__c.3771
                0x00001191       0x13 iTelex/IspMaster.o
 .progmem.data.__c.3764
                0x000011a4       0x2d iTelex/IspMaster.o
 .progmem.data.__c.3761
                0x000011d1       0x12 iTelex/IspMaster.o
 .progmem.data.__c.3757
                0x000011e3       0x29 iTelex/IspMaster.o
 .progmem.data.__c.3755
                0x0000120c       0x21 iTelex/IspMaster.o
 .progmem.data.__c.3753
                0x0000122d       0x11 iTelex/IspMaster.o
 .progmem.data.__c.3750
                0x0000123e       0x1c iTelex/IspMaster.o
 .progmem.data.__c.3743
                0x0000125a       0x3d iTelex/IspMaster.o
 .progmem.data.__c.3741
                0x00001297       0x1a iTelex/IspMaster.o
 .progmem.data.__c.3739
                0x000012b1       0x10 iTelex/IspMaster.o
 .progmem.data.__c.3737
                0x000012c1       0x12 iTelex/IspMaster.o
 .progmem.data.__c.3735
                0x000012d3       0x1c iTelex/IspMaster.o
 .progmem.data.__c.3733
                0x000012ef       0x5e iTelex/IspMaster.o
 .progmem.data.__c.3731
                0x0000134d       0x20 iTelex/IspMaster.o
 .progmem.data.__c.3729
                0x0000136d        0x5 iTelex/IspMaster.o
 .progmem.data.__c.3727
                0x00001372       0x40 iTelex/IspMaster.o
 .progmem.data.__c.3723
                0x000013b2       0x40 iTelex/IspMaster.o
 .progmem.data.__c.3721
                0x000013f2       0x40 iTelex/IspMaster.o
 .progmem.data.__c.3719
                0x00001432       0x12 iTelex/IspMaster.o
 .progmem.data.__c.3717
                0x00001444        0xd iTelex/IspMaster.o
 .progmem.data.__c.3715
                0x00001451       0x16 iTelex/IspMaster.o
 .progmem.data.__c.3707
                0x00001467        0xd iTelex/IspMaster.o
 .progmem.data.__c.3705
                0x00001474       0x1b iTelex/IspMaster.o
 .progmem.data.__c.3697
                0x0000148f        0x6 iTelex/IspMaster.o
 .progmem.data.__c.3695
                0x00001495       0x14 iTelex/IspMaster.o
 .progmem.data.__c.3693
                0x000014a9       0x1f iTelex/IspMaster.o
 .progmem.data.__c.3691
                0x000014c8       0x14 iTelex/IspMaster.o
 .progmem.data.__c.3689
                0x000014dc       0x15 iTelex/IspMaster.o
 .progmem.data.__c.3687
                0x000014f1       0x29 iTelex/IspMaster.o
 .progmem.data.__c.3685
                0x0000151a       0x2b iTelex/IspMaster.o
 .progmem.data.__c.3683
                0x00001545        0x5 iTelex/IspMaster.o
 .progmem.data.__c.3681
                0x0000154a       0x15 iTelex/IspMaster.o
 .progmem.data.__c.3679
                0x0000155f       0x22 iTelex/IspMaster.o
 .progmem.data.__c.3810
                0x00001581       0x51 iTelex/IspMaster.o
 .progmem.data.__c.3808
                0x000015d2       0x47 iTelex/IspMaster.o
 .progmem.data.__c.3806
                0x00001619        0x5 iTelex/IspMaster.o
 .progmem.data.__c.3804
                0x0000161e        0x5 iTelex/IspMaster.o
 .progmem.data.__c.3802
                0x00001623       0x47 iTelex/IspMaster.o
 .progmem.data.__c.3800
                0x0000166a       0x48 iTelex/IspMaster.o
 .progmem.data.__c.3798
                0x000016b2       0x52 iTelex/IspMaster.o
 .progmem.data.__c.3796
                0x00001704       0x2d iTelex/IspMaster.o
 .progmem.data.__c.3794
                0x00001731       0x12 iTelex/IspMaster.o
 .progmem.data.__c.3792
                0x00001743       0x31 iTelex/IspMaster.o
 .progmem.data.__c.3790
                0x00001774       0x1c iTelex/IspMaster.o
 .progmem.data.__c.3788
                0x00001790        0x8 iTelex/IspMaster.o
 .progmem.data.__c.3630
                0x00001798       0x1b iTelex/IspMaster.o
 .progmem.data.__c.3627
                0x000017b3       0x10 iTelex/IspMaster.o
 .progmem.data.__c.3625
                0x000017c3        0x6 iTelex/IspMaster.o
 .progmem.data.__c.3619
                0x000017c9       0x12 iTelex/IspMaster.o
 .progmem.data.__c.3617
                0x000017db       0x19 iTelex/IspMaster.o
 .progmem.data.__c.3614
                0x000017f4       0x1a iTelex/IspMaster.o
 .progmem.data.__c.3611
                0x0000180e       0x29 iTelex/IspMaster.o
 .progmem.data.__c.3599
                0x00001837        0x5 iTelex/IspMaster.o
 .progmem.data.__c.3597
                0x0000183c       0x3f iTelex/IspMaster.o
 .progmem.data.__c.3594
                0x0000187b       0x1b iTelex/IspMaster.o
 .progmem.data.__c.3592
                0x00001896       0x19 iTelex/IspMaster.o
 .progmem.data.__c.3590
                0x000018af       0x19 iTelex/IspMaster.o
 .progmem.data.ClickToContinue_P
                0x000018c8       0x31 iTelex/IspMaster.o
                0x000018c8                ClickToContinue_P
 .progmem.data.ProgID_P
                0x000018f9        0x7 iTelex/IspMaster.o
                0x000018f9                ProgID_P
 .progmem.data.BinServerPath_P
                0x00001900        0x9 iTelex/IspMaster.o
                0x00001900                BinServerPath_P
 .progmem.data.IStrList
                0x00001909      0x4f8 iTelex/StringTab.o
                0x00001909                IStrList
 .progmem.data.strnl_AutoSommerzeit
                0x00001e01       0x20 iTelex/StringTab.o
                0x00001e01                strnl_AutoSommerzeit
 .progmem.data.strit_AutoSommerzeit
                0x00001e21       0x1c iTelex/StringTab.o
                0x00001e21                strit_AutoSommerzeit
 .progmem.data.stren_AutoSommerzeit
                0x00001e3d       0x2d iTelex/StringTab.o
                0x00001e3d                stren_AutoSommerzeit
 .progmem.data.strde_AutoSommerzeit
                0x00001e6a       0x21 iTelex/StringTab.o
                0x00001e6a                strde_AutoSommerzeit
 .progmem.data.strnl_Zeitzone
                0x00001e8b        0x9 iTelex/StringTab.o
                0x00001e8b                strnl_Zeitzone
 .progmem.data.strit_Zeitzone
                0x00001e94        0xc iTelex/StringTab.o
                0x00001e94                strit_Zeitzone
 .progmem.data.stren_Zeitzone
                0x00001ea0        0x9 iTelex/StringTab.o
                0x00001ea0                stren_Zeitzone
 .progmem.data.strde_Zeitzone
                0x00001ea9        0x9 iTelex/StringTab.o
                0x00001ea9                strde_Zeitzone
 .progmem.data.strnl_NtpServerHostname
                0x00001eb2       0x16 iTelex/StringTab.o
                0x00001eb2                strnl_NtpServerHostname
 .progmem.data.strit_NtpServerHostname
                0x00001ec8       0x1b iTelex/StringTab.o
                0x00001ec8                strit_NtpServerHostname
 .progmem.data.stren_NtpServerHostname
                0x00001ee3       0x16 iTelex/StringTab.o
                0x00001ee3                stren_NtpServerHostname
 .progmem.data.strde_NtpServerHostname
                0x00001ef9       0x19 iTelex/StringTab.o
                0x00001ef9                strde_NtpServerHostname
 .progmem.data.strnl_NtpOn
                0x00001f12       0x14 iTelex/StringTab.o
                0x00001f12                strnl_NtpOn
 .progmem.data.strit_NtpOn
                0x00001f26       0x1c iTelex/StringTab.o
                0x00001f26                strit_NtpOn
 .progmem.data.stren_NtpOn
                0x00001f42       0x10 iTelex/StringTab.o
                0x00001f42                stren_NtpOn
 .progmem.data.strde_NtpOn
                0x00001f52       0x1c iTelex/StringTab.o
                0x00001f52                strde_NtpOn
 .progmem.data.strnl_SMTPFehlerDirekt
                0x00001f6e       0x26 iTelex/StringTab.o
                0x00001f6e                strnl_SMTPFehlerDirekt
 .progmem.data.strit_SMTPFehlerDirekt
                0x00001f94       0x20 iTelex/StringTab.o
                0x00001f94                strit_SMTPFehlerDirekt
 .progmem.data.stren_SMTPFehlerDirekt
                0x00001fb4       0x2d iTelex/StringTab.o
                0x00001fb4                stren_SMTPFehlerDirekt
 .progmem.data.strde_SMTPFehlerDirekt
                0x00001fe1       0x23 iTelex/StringTab.o
                0x00001fe1                strde_SMTPFehlerDirekt
 .progmem.data.strnl_MailFehlerNotConnected
                0x00002004       0x19 iTelex/StringTab.o
                0x00002004                strnl_MailFehlerNotConnected
 .progmem.data.strit_MailFehlerNotConnected
                0x0000201d       0x18 iTelex/StringTab.o
                0x0000201d                strit_MailFehlerNotConnected
 .progmem.data.stren_MailFehlerNotConnected
                0x00002035       0x13 iTelex/StringTab.o
                0x00002035                stren_MailFehlerNotConnected
 .progmem.data.strde_MailFehlerNotConnected
                0x00002048       0x1f iTelex/StringTab.o
                0x00002048                strde_MailFehlerNotConnected
 .progmem.data.strnl_MailFehlerIPNichtErmittelbar
                0x00002067       0x17 iTelex/StringTab.o
                0x00002067                strnl_MailFehlerIPNichtErmittelbar
 .progmem.data.strit_MailFehlerIPNichtErmittelbar
                0x0000207e       0x19 iTelex/StringTab.o
                0x0000207e                strit_MailFehlerIPNichtErmittelbar
 .progmem.data.stren_MailFehlerIPNichtErmittelbar
                0x00002097       0x19 iTelex/StringTab.o
                0x00002097                stren_MailFehlerIPNichtErmittelbar
 .progmem.data.strde_MailFehlerIPNichtErmittelbar
                0x000020b0       0x16 iTelex/StringTab.o
                0x000020b0                strde_MailFehlerIPNichtErmittelbar
 .progmem.data.strnl_POPFehlerAnfang
                0x000020c6       0x18 iTelex/StringTab.o
                0x000020c6                strnl_POPFehlerAnfang
 .progmem.data.strit_POPFehlerAnfang
                0x000020de       0x1b iTelex/StringTab.o
                0x000020de                strit_POPFehlerAnfang
 .progmem.data.stren_POPFehlerAnfang
                0x000020f9       0x1b iTelex/StringTab.o
                0x000020f9                stren_POPFehlerAnfang
 .progmem.data.strde_POPFehlerAnfang
                0x00002114       0x1b iTelex/StringTab.o
                0x00002114                strde_POPFehlerAnfang
 .progmem.data.strnl_SMTPFehlerAnfang
                0x0000212f       0x1b iTelex/StringTab.o
                0x0000212f                strnl_SMTPFehlerAnfang
 .progmem.data.strit_SMTPFehlerAnfang
                0x0000214a       0x17 iTelex/StringTab.o
                0x0000214a                strit_SMTPFehlerAnfang
 .progmem.data.stren_SMTPFehlerAnfang
                0x00002161       0x1a iTelex/StringTab.o
                0x00002161                stren_SMTPFehlerAnfang
 .progmem.data.strde_SMTPFehlerAnfang
                0x0000217b       0x16 iTelex/StringTab.o
                0x0000217b                strde_SMTPFehlerAnfang
 .progmem.data.strnl_EmailKonfigFehler
                0x00002191       0x5f iTelex/StringTab.o
                0x00002191                strnl_EmailKonfigFehler
 .progmem.data.strit_EmailKonfigFehler
                0x000021f0       0x63 iTelex/StringTab.o
                0x000021f0                strit_EmailKonfigFehler
 .progmem.data.stren_EmailKonfigFehler
                0x00002253       0x67 iTelex/StringTab.o
                0x00002253                stren_EmailKonfigFehler
 .progmem.data.strde_EmailKonfigFehler
                0x000022ba       0x72 iTelex/StringTab.o
                0x000022ba                strde_EmailKonfigFehler
 .progmem.data.strnl_EmailKonfigDruckZiel
                0x0000232c       0x1b iTelex/StringTab.o
                0x0000232c                strnl_EmailKonfigDruckZiel
 .progmem.data.strit_EmailKonfigDruckZiel
                0x00002347       0x1c iTelex/StringTab.o
                0x00002347                strit_EmailKonfigDruckZiel
 .progmem.data.stren_EmailKonfigDruckZiel
                0x00002363       0x1b iTelex/StringTab.o
                0x00002363                stren_EmailKonfigDruckZiel
 .progmem.data.strde_EmailKonfigDruckZiel
                0x0000237e       0x22 iTelex/StringTab.o
                0x0000237e                strde_EmailKonfigDruckZiel
 .progmem.data.strnl_EmailKonfigFilterNurTX
                0x000023a0       0x26 iTelex/StringTab.o
                0x000023a0                strnl_EmailKonfigFilterNurTX
 .progmem.data.strit_EmailKonfigFilterNurTX
                0x000023c6       0x27 iTelex/StringTab.o
                0x000023c6                strit_EmailKonfigFilterNurTX
 .progmem.data.stren_EmailKonfigFilterNurTX
                0x000023ed       0x27 iTelex/StringTab.o
                0x000023ed                stren_EmailKonfigFilterNurTX
 .progmem.data.strde_EmailKonfigFilterNurTX
                0x00002414       0x27 iTelex/StringTab.o
                0x00002414                strde_EmailKonfigFilterNurTX
 .progmem.data.strnl_EmailKonfigAbfragetakt
                0x0000243b       0x3b iTelex/StringTab.o
                0x0000243b                strnl_EmailKonfigAbfragetakt
 .progmem.data.strit_EmailKonfigAbfragetakt
                0x00002476       0x2c iTelex/StringTab.o
                0x00002476                strit_EmailKonfigAbfragetakt
 .progmem.data.stren_EmailKonfigAbfragetakt
                0x000024a2       0x35 iTelex/StringTab.o
                0x000024a2                stren_EmailKonfigAbfragetakt
 .progmem.data.strde_EmailKonfigAbfragetakt
                0x000024d7       0x36 iTelex/StringTab.o
                0x000024d7                strde_EmailKonfigAbfragetakt
 .progmem.data.strnl_EmailKonfigKennwort
                0x0000250d       0x1d iTelex/StringTab.o
                0x0000250d                strnl_EmailKonfigKennwort
 .progmem.data.strit_EmailKonfigKennwort
                0x0000252a       0x1c iTelex/StringTab.o
                0x0000252a                strit_EmailKonfigKennwort
 .progmem.data.stren_EmailKonfigKennwort
                0x00002546       0x1b iTelex/StringTab.o
                0x00002546                stren_EmailKonfigKennwort
 .progmem.data.strde_EmailKonfigKennwort
                0x00002561       0x1f iTelex/StringTab.o
                0x00002561                strde_EmailKonfigKennwort
 .progmem.data.strnl_EmailKonfigEigeneAdresse
                0x00002580       0x12 iTelex/StringTab.o
                0x00002580                strnl_EmailKonfigEigeneAdresse
 .progmem.data.strit_EmailKonfigEigeneAdresse
                0x00002592       0x18 iTelex/StringTab.o
                0x00002592                strit_EmailKonfigEigeneAdresse
 .progmem.data.stren_EmailKonfigEigeneAdresse
                0x000025aa       0x12 iTelex/StringTab.o
                0x000025aa                stren_EmailKonfigEigeneAdresse
 .progmem.data.strde_EmailKonfigEigeneAdresse
                0x000025bc       0x15 iTelex/StringTab.o
                0x000025bc                strde_EmailKonfigEigeneAdresse
 .progmem.data.strnl_EmailKonfigSmtpServer
                0x000025d1       0x12 iTelex/StringTab.o
                0x000025d1                strnl_EmailKonfigSmtpServer
 .progmem.data.strit_EmailKonfigSmtpServer
                0x000025e3       0x16 iTelex/StringTab.o
                0x000025e3                strit_EmailKonfigSmtpServer
 .progmem.data.stren_EmailKonfigSmtpServer
                0x000025f9       0x14 iTelex/StringTab.o
                0x000025f9                stren_EmailKonfigSmtpServer
 .progmem.data.strde_EmailKonfigSmtpServer
                0x0000260d       0x14 iTelex/StringTab.o
                0x0000260d                strde_EmailKonfigSmtpServer
 .progmem.data.strnl_EmailKonfigPopServer
                0x00002621       0x11 iTelex/StringTab.o
                0x00002621                strnl_EmailKonfigPopServer
 .progmem.data.strit_EmailKonfigPopServer
                0x00002632       0x15 iTelex/StringTab.o
                0x00002632                strit_EmailKonfigPopServer
 .progmem.data.stren_EmailKonfigPopServer
                0x00002647       0x13 iTelex/StringTab.o
                0x00002647                stren_EmailKonfigPopServer
 .progmem.data.strde_EmailKonfigPopServer
                0x0000265a       0x13 iTelex/StringTab.o
                0x0000265a                strde_EmailKonfigPopServer
 .progmem.data.strnl_EmailEingabeText
                0x0000266d        0xd iTelex/StringTab.o
                0x0000266d                strnl_EmailEingabeText
 .progmem.data.strit_EmailEingabeText
                0x0000267a        0xe iTelex/StringTab.o
                0x0000267a                strit_EmailEingabeText
 .progmem.data.stren_EmailEingabeText
                0x00002688       0x12 iTelex/StringTab.o
                0x00002688                stren_EmailEingabeText
 .progmem.data.strde_EmailEingabeText
                0x0000269a        0xd iTelex/StringTab.o
                0x0000269a                strde_EmailEingabeText
 .progmem.data.strnl_EmailEingabeBetreff
                0x000026a7       0x13 iTelex/StringTab.o
                0x000026a7                strnl_EmailEingabeBetreff
 .progmem.data.strit_EmailEingabeBetreff
                0x000026ba       0x11 iTelex/StringTab.o
                0x000026ba                strit_EmailEingabeBetreff
 .progmem.data.stren_EmailEingabeBetreff
                0x000026cb       0x11 iTelex/StringTab.o
                0x000026cb                stren_EmailEingabeBetreff
 .progmem.data.strde_EmailEingabeBetreff
                0x000026dc       0x11 iTelex/StringTab.o
                0x000026dc                strde_EmailEingabeBetreff
 .progmem.data.strnl_EmailEingabeEmpfaenger
                0x000026ed       0x13 iTelex/StringTab.o
                0x000026ed                strnl_EmailEingabeEmpfaenger
 .progmem.data.strit_EmailEingabeEmpfaenger
                0x00002700       0x11 iTelex/StringTab.o
                0x00002700                strit_EmailEingabeEmpfaenger
 .progmem.data.stren_EmailEingabeEmpfaenger
                0x00002711       0x12 iTelex/StringTab.o
                0x00002711                stren_EmailEingabeEmpfaenger
 .progmem.data.strde_EmailEingabeEmpfaenger
                0x00002723       0x12 iTelex/StringTab.o
                0x00002723                strde_EmailEingabeEmpfaenger
 .progmem.data.strnl_EmailEmpfangStartzeile
                0x00002735       0x18 iTelex/StringTab.o
                0x00002735                strnl_EmailEmpfangStartzeile
 .progmem.data.strit_EmailEmpfangStartzeile
                0x0000274d       0x17 iTelex/StringTab.o
                0x0000274d                strit_EmailEmpfangStartzeile
 .progmem.data.stren_EmailEmpfangStartzeile
                0x00002764       0x17 iTelex/StringTab.o
                0x00002764                stren_EmailEmpfangStartzeile
 .progmem.data.strde_EmailEmpfangStartzeile
                0x0000277b       0x18 iTelex/StringTab.o
                0x0000277b                strde_EmailEmpfangStartzeile
 .progmem.data.strnl_TeilnehmerlisteVoll
                0x00002793       0x2a iTelex/StringTab.o
                0x00002793                strnl_TeilnehmerlisteVoll
 .progmem.data.strit_TeilnehmerlisteVoll
                0x000027bd       0x24 iTelex/StringTab.o
                0x000027bd                strit_TeilnehmerlisteVoll
 .progmem.data.stren_TeilnehmerlisteVoll
                0x000027e1       0x22 iTelex/StringTab.o
                0x000027e1                stren_TeilnehmerlisteVoll
 .progmem.data.strde_TeilnehmerlisteVoll
                0x00002803       0x2f iTelex/StringTab.o
                0x00002803                strde_TeilnehmerlisteVoll
 .progmem.data.strnl_ZusatzEepromFehler
                0x00002832       0x1e iTelex/StringTab.o
                0x00002832                strnl_ZusatzEepromFehler
 .progmem.data.strit_ZusatzEepromFehler
                0x00002850       0x19 iTelex/StringTab.o
                0x00002850                strit_ZusatzEepromFehler
 .progmem.data.stren_ZusatzEepromFehler
                0x00002869       0x1a iTelex/StringTab.o
                0x00002869                stren_ZusatzEepromFehler
 .progmem.data.strde_ZusatzEepromFehler
                0x00002883       0x18 iTelex/StringTab.o
                0x00002883                strde_ZusatzEepromFehler
 .progmem.data.strnl_ZurueckZumTeilnehmerverzeichnis
                0x0000289b       0x45 iTelex/StringTab.o
                0x0000289b                strnl_ZurueckZumTeilnehmerverzeichnis
 .progmem.data.strit_ZurueckZumTeilnehmerverzeichnis
                0x000028e0       0x47 iTelex/StringTab.o
                0x000028e0                strit_ZurueckZumTeilnehmerverzeichnis
 .progmem.data.stren_ZurueckZumTeilnehmerverzeichnis
                0x00002927       0x49 iTelex/StringTab.o
                0x00002927                stren_ZurueckZumTeilnehmerverzeichnis
 .progmem.data.strde_ZurueckZumTeilnehmerverzeichnis
                0x00002970       0x53 iTelex/StringTab.o
                0x00002970                strde_ZurueckZumTeilnehmerverzeichnis
 .progmem.data.strnl_UngueltigerCgiAufruf
                0x000029c3       0x1c iTelex/StringTab.o
                0x000029c3                strnl_UngueltigerCgiAufruf
 .progmem.data.strit_UngueltigerCgiAufruf
                0x000029df       0x1e iTelex/StringTab.o
                0x000029df                strit_UngueltigerCgiAufruf
 .progmem.data.stren_UngueltigerCgiAufruf
                0x000029fd       0x1c iTelex/StringTab.o
                0x000029fd                stren_UngueltigerCgiAufruf
 .progmem.data.strde_UngueltigerCgiAufruf
                0x00002a19       0x23 iTelex/StringTab.o
                0x00002a19                strde_UngueltigerCgiAufruf
 .progmem.data.strnl_KomplettGeloescht
                0x00002a3c        0xd iTelex/StringTab.o
                0x00002a3c                strnl_KomplettGeloescht
 .progmem.data.strit_KomplettGeloescht
                0x00002a49       0x19 iTelex/StringTab.o
                0x00002a49                strit_KomplettGeloescht
 .progmem.data.stren_KomplettGeloescht
                0x00002a62       0x13 iTelex/StringTab.o
                0x00002a62                stren_KomplettGeloescht
 .progmem.data.strde_KomplettGeloescht
                0x00002a75       0x17 iTelex/StringTab.o
                0x00002a75                strde_KomplettGeloescht
 .progmem.data.strnl_EepromLadenErfolg
                0x00002a8c       0x1a iTelex/StringTab.o
                0x00002a8c                strnl_EepromLadenErfolg
 .progmem.data.strit_EepromLadenErfolg
                0x00002aa6       0x21 iTelex/StringTab.o
                0x00002aa6                strit_EepromLadenErfolg
 .progmem.data.stren_EepromLadenErfolg
                0x00002ac7       0x1e iTelex/StringTab.o
                0x00002ac7                stren_EepromLadenErfolg
 .progmem.data.strde_EepromLadenErfolg
                0x00002ae5       0x1f iTelex/StringTab.o
                0x00002ae5                strde_EepromLadenErfolg
 .progmem.data.strnl_EepromLadenFehler
                0x00002b04       0x28 iTelex/StringTab.o
                0x00002b04                strnl_EepromLadenFehler
 .progmem.data.strit_EepromLadenFehler
                0x00002b2c       0x2a iTelex/StringTab.o
                0x00002b2c                strit_EepromLadenFehler
 .progmem.data.stren_EepromLadenFehler
                0x00002b56       0x2a iTelex/StringTab.o
                0x00002b56                stren_EepromLadenFehler
 .progmem.data.strde_EepromLadenFehler
                0x00002b80       0x2b iTelex/StringTab.o
                0x00002b80                strde_EepromLadenFehler
 .progmem.data.strnl_EepromSpeicherErfolg
                0x00002bab       0x1e iTelex/StringTab.o
                0x00002bab                strnl_EepromSpeicherErfolg
 .progmem.data.strit_EepromSpeicherErfolg
                0x00002bc9       0x1f iTelex/StringTab.o
                0x00002bc9                strit_EepromSpeicherErfolg
 .progmem.data.stren_EepromSpeicherErfolg
                0x00002be8       0x1d iTelex/StringTab.o
                0x00002be8                stren_EepromSpeicherErfolg
 .progmem.data.strde_EepromSpeicherErfolg
                0x00002c05       0x23 iTelex/StringTab.o
                0x00002c05                strde_EepromSpeicherErfolg
 .progmem.data.strnl_EepromSpeicherFehler
                0x00002c28       0x2f iTelex/StringTab.o
                0x00002c28                strnl_EepromSpeicherFehler
 .progmem.data.strit_EepromSpeicherFehler
                0x00002c57       0x2f iTelex/StringTab.o
                0x00002c57                strit_EepromSpeicherFehler
 .progmem.data.stren_EepromSpeicherFehler
                0x00002c86       0x29 iTelex/StringTab.o
                0x00002c86                stren_EepromSpeicherFehler
 .progmem.data.strde_EepromSpeicherFehler
                0x00002caf       0x2f iTelex/StringTab.o
                0x00002caf                strde_EepromSpeicherFehler
 .progmem.data.strnl_AlteNummerNichtGeloescht
                0x00002cde       0x2b iTelex/StringTab.o
                0x00002cde                strnl_AlteNummerNichtGeloescht
 .progmem.data.strit_AlteNummerNichtGeloescht
                0x00002d09       0x31 iTelex/StringTab.o
                0x00002d09                strit_AlteNummerNichtGeloescht
 .progmem.data.stren_AlteNummerNichtGeloescht
                0x00002d3a       0x33 iTelex/StringTab.o
                0x00002d3a                stren_AlteNummerNichtGeloescht
 .progmem.data.strde_AlteNummerNichtGeloescht
                0x00002d6d       0x3e iTelex/StringTab.o
                0x00002d6d                strde_AlteNummerNichtGeloescht
 .progmem.data.strnl_EintragUnveraendert
                0x00002dab       0x18 iTelex/StringTab.o
                0x00002dab                strnl_EintragUnveraendert
 .progmem.data.strit_EintragUnveraendert
                0x00002dc3       0x16 iTelex/StringTab.o
                0x00002dc3                strit_EintragUnveraendert
 .progmem.data.stren_EintragUnveraendert
                0x00002dd9       0x14 iTelex/StringTab.o
                0x00002dd9                stren_EintragUnveraendert
 .progmem.data.strde_EintragUnveraendert
                0x00002ded       0x1d iTelex/StringTab.o
                0x00002ded                strde_EintragUnveraendert
 .progmem.data.strnl_EintragGespeichert
                0x00002e0a       0x17 iTelex/StringTab.o
                0x00002e0a                strnl_EintragGespeichert
 .progmem.data.strit_EintragGespeichert
                0x00002e21       0x11 iTelex/StringTab.o
                0x00002e21                strit_EintragGespeichert
 .progmem.data.stren_EintragGespeichert
                0x00002e32       0x10 iTelex/StringTab.o
                0x00002e32                stren_EintragGespeichert
 .progmem.data.strde_EintragGespeichert
                0x00002e42       0x18 iTelex/StringTab.o
                0x00002e42                strde_EintragGespeichert
 .progmem.data.strnl_RufnummerDoppelt
                0x00002e5a       0x41 iTelex/StringTab.o
                0x00002e5a                strnl_RufnummerDoppelt
 .progmem.data.strit_RufnummerDoppelt
                0x00002e9b       0x37 iTelex/StringTab.o
                0x00002e9b                strit_RufnummerDoppelt
 .progmem.data.stren_RufnummerDoppelt
                0x00002ed2       0x31 iTelex/StringTab.o
                0x00002ed2                stren_RufnummerDoppelt
 .progmem.data.strde_RufnummerDoppelt
                0x00002f03       0x4b iTelex/StringTab.o
                0x00002f03                strde_RufnummerDoppelt
 .progmem.data.strnl_LokaleSpracheGespeichert
                0x00002f4e       0x21 iTelex/StringTab.o
                0x00002f4e                strnl_LokaleSpracheGespeichert
 .progmem.data.strit_LokaleSpracheGespeichert
                0x00002f6f       0x20 iTelex/StringTab.o
                0x00002f6f                strit_LokaleSpracheGespeichert
 .progmem.data.stren_LokaleSpracheGespeichert
                0x00002f8f       0x20 iTelex/StringTab.o
                0x00002f8f                stren_LokaleSpracheGespeichert
 .progmem.data.strde_LokaleSpracheGespeichert
                0x00002faf       0x27 iTelex/StringTab.o
                0x00002faf                strde_LokaleSpracheGespeichert
 .progmem.data.strnl_KeineAenderung
                0x00002fd6       0x1c iTelex/StringTab.o
                0x00002fd6                strnl_KeineAenderung
 .progmem.data.strit_KeineAenderung
                0x00002ff2       0x18 iTelex/StringTab.o
                0x00002ff2                strit_KeineAenderung
 .progmem.data.stren_KeineAenderung
                0x0000300a       0x15 iTelex/StringTab.o
                0x0000300a                stren_KeineAenderung
 .progmem.data.strde_KeineAenderung
                0x0000301f       0x1f iTelex/StringTab.o
                0x0000301f                strde_KeineAenderung
 .progmem.data.strnl_TypUnbekannt
                0x0000303e       0x16 iTelex/StringTab.o
                0x0000303e                strnl_TypUnbekannt
 .progmem.data.strit_TypUnbekannt
                0x00003054       0x1c iTelex/StringTab.o
                0x00003054                strit_TypUnbekannt
 .progmem.data.stren_TypUnbekannt
                0x00003070       0x19 iTelex/StringTab.o
                0x00003070                stren_TypUnbekannt
 .progmem.data.strde_TypUnbekannt
                0x00003089       0x1c iTelex/StringTab.o
                0x00003089                strde_TypUnbekannt
 .progmem.data.strnl_IPZusatz
                0x000030a5        0x9 iTelex/StringTab.o
                0x000030a5                strnl_IPZusatz
 .progmem.data.strit_IPZusatz
                0x000030ae        0x9 iTelex/StringTab.o
                0x000030ae                strit_IPZusatz
 .progmem.data.stren_IPZusatz
                0x000030b7        0x9 iTelex/StringTab.o
                0x000030b7                stren_IPZusatz
 .progmem.data.strde_IPZusatz
                0x000030c0        0x9 iTelex/StringTab.o
                0x000030c0                strde_IPZusatz
 .progmem.data.strnl_HostnameZusatz
                0x000030c9       0x10 iTelex/StringTab.o
                0x000030c9                strnl_HostnameZusatz
 .progmem.data.strit_HostnameZusatz
                0x000030d9       0x10 iTelex/StringTab.o
                0x000030d9                strit_HostnameZusatz
 .progmem.data.stren_HostnameZusatz
                0x000030e9        0xf iTelex/StringTab.o
                0x000030e9                stren_HostnameZusatz
 .progmem.data.strde_HostnameZusatz
                0x000030f8        0xf iTelex/StringTab.o
                0x000030f8                strde_HostnameZusatz
 .progmem.data.strnl_EhemalsLong
                0x00003107        0xe iTelex/StringTab.o
                0x00003107                strnl_EhemalsLong
 .progmem.data.strit_EhemalsLong
                0x00003115        0xf iTelex/StringTab.o
                0x00003115                strit_EhemalsLong
 .progmem.data.stren_EhemalsLong
                0x00003124        0xb iTelex/StringTab.o
                0x00003124                stren_EhemalsLong
 .progmem.data.strde_EhemalsLong
                0x0000312f        0xa iTelex/StringTab.o
                0x0000312f                strde_EhemalsLong
 .progmem.data.strnl_MeldungTlneintragRufnummer
                0x00003139       0x1b iTelex/StringTab.o
                0x00003139                strnl_MeldungTlneintragRufnummer
 .progmem.data.strit_MeldungTlneintragRufnummer
                0x00003154       0x1e iTelex/StringTab.o
                0x00003154                strit_MeldungTlneintragRufnummer
 .progmem.data.stren_MeldungTlneintragRufnummer
                0x00003172       0x21 iTelex/StringTab.o
                0x00003172                stren_MeldungTlneintragRufnummer
 .progmem.data.strde_MeldungTlneintragRufnummer
                0x00003193       0x26 iTelex/StringTab.o
                0x00003193                strde_MeldungTlneintragRufnummer
 .progmem.data.strnl_Rufnummer0NichtErlaubt
                0x000031b9       0x1e iTelex/StringTab.o
                0x000031b9                strnl_Rufnummer0NichtErlaubt
 .progmem.data.strit_Rufnummer0NichtErlaubt
                0x000031d7       0x22 iTelex/StringTab.o
                0x000031d7                strit_Rufnummer0NichtErlaubt
 .progmem.data.stren_Rufnummer0NichtErlaubt
                0x000031f9       0x21 iTelex/StringTab.o
                0x000031f9                stren_Rufnummer0NichtErlaubt
 .progmem.data.strde_Rufnummer0NichtErlaubt
                0x0000321a       0x26 iTelex/StringTab.o
                0x0000321a                strde_Rufnummer0NichtErlaubt
 .progmem.data.strnl_AktionHinzufuegen
                0x00003240        0xa iTelex/StringTab.o
                0x00003240                strnl_AktionHinzufuegen
 .progmem.data.strit_AktionHinzufuegen
                0x0000324a        0x9 iTelex/StringTab.o
                0x0000324a                strit_AktionHinzufuegen
 .progmem.data.stren_AktionHinzufuegen
                0x00003253        0x4 iTelex/StringTab.o
                0x00003253                stren_AktionHinzufuegen
 .progmem.data.strde_AktionHinzufuegen
                0x00003257       0x10 iTelex/StringTab.o
                0x00003257                strde_AktionHinzufuegen
 .progmem.data.strnl_AktionAendern
                0x00003267        0x5 iTelex/StringTab.o
                0x00003267                strnl_AktionAendern
 .progmem.data.strit_AktionAendern
                0x0000326c        0x8 iTelex/StringTab.o
                0x0000326c                strit_AktionAendern
 .progmem.data.stren_AktionAendern
                0x00003274        0x5 iTelex/StringTab.o
                0x00003274                stren_AktionAendern
 .progmem.data.strde_AktionAendern
                0x00003279        0xc iTelex/StringTab.o
                0x00003279                strde_AktionAendern
 .progmem.data.strnl_TypEMail
                0x00003285        0x6 iTelex/StringTab.o
                0x00003285                strnl_TypEMail
 .progmem.data.strit_TypEMail
                0x0000328b        0x6 iTelex/StringTab.o
                0x0000328b                strit_TypEMail
 .progmem.data.stren_TypEMail
                0x00003291        0x6 iTelex/StringTab.o
                0x00003291                stren_TypEMail
 .progmem.data.strde_TypEMail
                0x00003297        0x6 iTelex/StringTab.o
                0x00003297                strde_TypEMail
 .progmem.data.strnl_TypITelex
                0x0000329d        0x8 iTelex/StringTab.o
                0x0000329d                strnl_TypITelex
 .progmem.data.strit_TypITelex
                0x000032a5        0x8 iTelex/StringTab.o
                0x000032a5                strit_TypITelex
 .progmem.data.stren_TypITelex
                0x000032ad        0x8 iTelex/StringTab.o
                0x000032ad                stren_TypITelex
 .progmem.data.strde_TypITelex
                0x000032b5        0x8 iTelex/StringTab.o
                0x000032b5                strde_TypITelex
 .progmem.data.strnl_TypAscii
                0x000032bd        0x6 iTelex/StringTab.o
                0x000032bd                strnl_TypAscii
 .progmem.data.strit_TypAscii
                0x000032c3        0x6 iTelex/StringTab.o
                0x000032c3                strit_TypAscii
 .progmem.data.stren_TypAscii
                0x000032c9        0x6 iTelex/StringTab.o
                0x000032c9                stren_TypAscii
 .progmem.data.strde_TypAscii
                0x000032cf        0x6 iTelex/StringTab.o
                0x000032cf                strde_TypAscii
 .progmem.data.strnl_TypGeloescht
                0x000032d5        0x7 iTelex/StringTab.o
                0x000032d5                strnl_TypGeloescht
 .progmem.data.strit_TypGeloescht
                0x000032dc        0xb iTelex/StringTab.o
                0x000032dc                strit_TypGeloescht
 .progmem.data.stren_TypGeloescht
                0x000032e7        0x8 iTelex/StringTab.o
                0x000032e7                stren_TypGeloescht
 .progmem.data.strde_TypGeloescht
                0x000032ef        0xa iTelex/StringTab.o
                0x000032ef                strde_TypGeloescht
 .progmem.data.strnl_TlnverzAttrDyn
                0x000032f9        0x6 iTelex/StringTab.o
                0x000032f9                strnl_TlnverzAttrDyn
 .progmem.data.strit_TlnverzAttrDyn
                0x000032ff        0x6 iTelex/StringTab.o
                0x000032ff                strit_TlnverzAttrDyn
 .progmem.data.stren_TlnverzAttrDyn
                0x00003305        0x6 iTelex/StringTab.o
                0x00003305                stren_TlnverzAttrDyn
 .progmem.data.strde_TlnverzAttrDyn
                0x0000330b        0x6 iTelex/StringTab.o
                0x0000330b                strde_TlnverzAttrDyn
 .progmem.data.strnl_Typ
                0x00003311        0x5 iTelex/StringTab.o
                0x00003311                strnl_Typ
 .progmem.data.strit_Typ
                0x00003316        0x5 iTelex/StringTab.o
                0x00003316                strit_Typ
 .progmem.data.stren_Typ
                0x0000331b        0x5 iTelex/StringTab.o
                0x0000331b                stren_Typ
 .progmem.data.strde_Typ
                0x00003320        0x4 iTelex/StringTab.o
                0x00003320                strde_Typ
 .progmem.data.strnl_TlnverzAttrGesperrt
                0x00003324        0xc iTelex/StringTab.o
                0x00003324                strnl_TlnverzAttrGesperrt
 .progmem.data.strit_TlnverzAttrGesperrt
                0x00003330        0x9 iTelex/StringTab.o
                0x00003330                strit_TlnverzAttrGesperrt
 .progmem.data.stren_TlnverzAttrGesperrt
                0x00003339        0x7 iTelex/StringTab.o
                0x00003339                stren_TlnverzAttrGesperrt
 .progmem.data.strde_TlnverzAttrGesperrt
                0x00003340        0x9 iTelex/StringTab.o
                0x00003340                strde_TlnverzAttrGesperrt
 .progmem.data.strnl_TlnverzAttrLokal
                0x00003349        0x7 iTelex/StringTab.o
                0x00003349                strnl_TlnverzAttrLokal
 .progmem.data.strit_TlnverzAttrLokal
                0x00003350        0x7 iTelex/StringTab.o
                0x00003350                strit_TlnverzAttrLokal
 .progmem.data.stren_TlnverzAttrLokal
                0x00003357        0x6 iTelex/StringTab.o
                0x00003357                stren_TlnverzAttrLokal
 .progmem.data.strde_TlnverzAttrLokal
                0x0000335d        0x6 iTelex/StringTab.o
                0x0000335d                strde_TlnverzAttrLokal
 .progmem.data.strnl_Durchwahl
                0x00003363        0x9 iTelex/StringTab.o
                0x00003363                strnl_Durchwahl
 .progmem.data.strit_Durchwahl
                0x0000336c        0xb iTelex/StringTab.o
                0x0000336c                strit_Durchwahl
 .progmem.data.stren_Durchwahl
                0x00003377        0xc iTelex/StringTab.o
                0x00003377                stren_Durchwahl
 .progmem.data.strde_Durchwahl
                0x00003383        0xa iTelex/StringTab.o
                0x00003383                strde_Durchwahl
 .progmem.data.strnl_Port
                0x0000338d        0x6 iTelex/StringTab.o
                0x0000338d                strnl_Port
 .progmem.data.strit_Port
                0x00003393        0x6 iTelex/StringTab.o
                0x00003393                strit_Port
 .progmem.data.stren_Port
                0x00003399        0x5 iTelex/StringTab.o
                0x00003399                stren_Port
 .progmem.data.strde_Port
                0x0000339e        0x5 iTelex/StringTab.o
                0x0000339e                strde_Port
 .progmem.data.strnl_Adresse
                0x000033a3        0x6 iTelex/StringTab.o
                0x000033a3                strnl_Adresse
 .progmem.data.strit_Adresse
                0x000033a9        0xa iTelex/StringTab.o
                0x000033a9                strit_Adresse
 .progmem.data.stren_Adresse
                0x000033b3        0x8 iTelex/StringTab.o
                0x000033b3                stren_Adresse
 .progmem.data.strde_Adresse
                0x000033bb        0x8 iTelex/StringTab.o
                0x000033bb                strde_Adresse
 .progmem.data.strnl_Name
                0x000033c3        0x5 iTelex/StringTab.o
                0x000033c3                strnl_Name
 .progmem.data.strit_Name
                0x000033c8        0x5 iTelex/StringTab.o
                0x000033c8                strit_Name
 .progmem.data.stren_Name
                0x000033cd        0x5 iTelex/StringTab.o
                0x000033cd                stren_Name
 .progmem.data.strde_Name
                0x000033d2        0x5 iTelex/StringTab.o
                0x000033d2                strde_Name
 .progmem.data.strnl_Rufnummer
                0x000033d7        0x7 iTelex/StringTab.o
                0x000033d7                strnl_Rufnummer
 .progmem.data.strit_Rufnummer
                0x000033de        0x7 iTelex/StringTab.o
                0x000033de                strit_Rufnummer
 .progmem.data.stren_Rufnummer
                0x000033e5        0x7 iTelex/StringTab.o
                0x000033e5                stren_Rufnummer
 .progmem.data.strde_Rufnummer
                0x000033ec        0xa iTelex/StringTab.o
                0x000033ec                strde_Rufnummer
 .progmem.data.strnl_TeilnehmerverzeichnisAktionenLeerOffen
                0x000033f6       0x89 iTelex/StringTab.o
                0x000033f6                strnl_TeilnehmerverzeichnisAktionenLeerOffen
 .progmem.data.strit_TeilnehmerverzeichnisAktionenLeerOffen
                0x0000347f       0x93 iTelex/StringTab.o
                0x0000347f                strit_TeilnehmerverzeichnisAktionenLeerOffen
 .progmem.data.stren_TeilnehmerverzeichnisAktionenLeerOffen
                0x00003512       0x8e iTelex/StringTab.o
                0x00003512                stren_TeilnehmerverzeichnisAktionenLeerOffen
 .progmem.data.strde_TeilnehmerverzeichnisAktionenLeerOffen
                0x000035a0       0xb1 iTelex/StringTab.o
                0x000035a0                strde_TeilnehmerverzeichnisAktionenLeerOffen
 .progmem.data.strnl_TeilnehmerverzeichnisAktionenOffen
                0x00003651       0xb9 iTelex/StringTab.o
                0x00003651                strnl_TeilnehmerverzeichnisAktionenOffen
 .progmem.data.strit_TeilnehmerverzeichnisAktionenOffen
                0x0000370a       0xb2 iTelex/StringTab.o
                0x0000370a                strit_TeilnehmerverzeichnisAktionenOffen
 .progmem.data.stren_TeilnehmerverzeichnisAktionenOffen
                0x000037bc       0xad iTelex/StringTab.o
                0x000037bc                stren_TeilnehmerverzeichnisAktionenOffen
 .progmem.data.strde_TeilnehmerverzeichnisAktionenOffen
                0x00003869       0xcf iTelex/StringTab.o
                0x00003869                strde_TeilnehmerverzeichnisAktionenOffen
 .progmem.data.strnl_TeilnehmerverzeichnisHtmlKopf
                0x00003938      0x27f iTelex/StringTab.o
                0x00003938                strnl_TeilnehmerverzeichnisHtmlKopf
 .progmem.data.strit_TeilnehmerverzeichnisHtmlKopf
                0x00003bb7      0x286 iTelex/StringTab.o
                0x00003bb7                strit_TeilnehmerverzeichnisHtmlKopf
 .progmem.data.stren_TeilnehmerverzeichnisHtmlKopf
                0x00003e3d      0x287 iTelex/StringTab.o
                0x00003e3d                stren_TeilnehmerverzeichnisHtmlKopf
 .progmem.data.strde_TeilnehmerverzeichnisHtmlKopf
                0x000040c4      0x29b iTelex/StringTab.o
                0x000040c4                strde_TeilnehmerverzeichnisHtmlKopf
 .progmem.data.strnl_VollstaendigesTeilnehmerverzeichnis
                0x0000435f       0x28 iTelex/StringTab.o
                0x0000435f                strnl_VollstaendigesTeilnehmerverzeichnis
 .progmem.data.strit_VollstaendigesTeilnehmerverzeichnis
                0x00004387       0x21 iTelex/StringTab.o
                0x00004387                strit_VollstaendigesTeilnehmerverzeichnis
 .progmem.data.stren_VollstaendigesTeilnehmerverzeichnis
                0x000043a8       0x2d iTelex/StringTab.o
                0x000043a8                stren_VollstaendigesTeilnehmerverzeichnis
 .progmem.data.strde_VollstaendigesTeilnehmerverzeichnis
                0x000043d5       0x25 iTelex/StringTab.o
                0x000043d5                strde_VollstaendigesTeilnehmerverzeichnis
 .progmem.data.strnl_UeberschriftOeffentlichesTeilnehmerverzeichnis
                0x000043fa       0x1b iTelex/StringTab.o
                0x000043fa                strnl_UeberschriftOeffentlichesTeilnehmerverzeichnis
 .progmem.data.strit_UeberschriftOeffentlichesTeilnehmerverzeichnis
                0x00004415       0x24 iTelex/StringTab.o
                0x00004415                strit_UeberschriftOeffentlichesTeilnehmerverzeichnis
 .progmem.data.stren_UeberschriftOeffentlichesTeilnehmerverzeichnis
                0x00004439       0x29 iTelex/StringTab.o
                0x00004439                stren_UeberschriftOeffentlichesTeilnehmerverzeichnis
 .progmem.data.strde_UeberschriftOeffentlichesTeilnehmerverzeichnis
                0x00004462       0x35 iTelex/StringTab.o
                0x00004462                strde_UeberschriftOeffentlichesTeilnehmerverzeichnis
 .progmem.data.strnl_UeberschriftTeilnehmerverzeichnis
                0x00004497       0x1b iTelex/StringTab.o
                0x00004497                strnl_UeberschriftTeilnehmerverzeichnis
 .progmem.data.strit_UeberschriftTeilnehmerverzeichnis
                0x000044b2       0x1d iTelex/StringTab.o
                0x000044b2                strit_UeberschriftTeilnehmerverzeichnis
 .progmem.data.stren_UeberschriftTeilnehmerverzeichnis
                0x000044cf       0x22 iTelex/StringTab.o
                0x000044cf                stren_UeberschriftTeilnehmerverzeichnis
 .progmem.data.strde_UeberschriftTeilnehmerverzeichnis
                0x000044f1       0x23 iTelex/StringTab.o
                0x000044f1                strde_UeberschriftTeilnehmerverzeichnis
 .progmem.data.strnl_FehlerMitPos
                0x00004514       0x12 iTelex/StringTab.o
                0x00004514                strnl_FehlerMitPos
 .progmem.data.strit_FehlerMitPos
                0x00004526       0x28 iTelex/StringTab.o
                0x00004526                strit_FehlerMitPos
 .progmem.data.stren_FehlerMitPos
                0x0000454e       0x2a iTelex/StringTab.o
                0x0000454e                stren_FehlerMitPos
 .progmem.data.strde_FehlerMitPos
                0x00004578       0x32 iTelex/StringTab.o
                0x00004578                strde_FehlerMitPos
 .progmem.data.strnl_EinstellungenUebernehmen
                0x000045aa       0x15 iTelex/StringTab.o
                0x000045aa                strnl_EinstellungenUebernehmen
 .progmem.data.strit_EinstellungenUebernehmen
                0x000045bf       0x10 iTelex/StringTab.o
                0x000045bf                strit_EinstellungenUebernehmen
 .progmem.data.stren_EinstellungenUebernehmen
                0x000045cf        0xf iTelex/StringTab.o
                0x000045cf                stren_EinstellungenUebernehmen
 .progmem.data.strde_EinstellungenUebernehmen
                0x000045de       0x1c iTelex/StringTab.o
                0x000045de                strde_EinstellungenUebernehmen
 .progmem.data.strnl_GeaendertIn
                0x000045fa        0xd iTelex/StringTab.o
                0x000045fa                strnl_GeaendertIn
 .progmem.data.strit_GeaendertIn
                0x00004607        0xd iTelex/StringTab.o
                0x00004607                strit_GeaendertIn
 .progmem.data.stren_GeaendertIn
                0x00004614        0xc iTelex/StringTab.o
                0x00004614                stren_GeaendertIn
 .progmem.data.strde_GeaendertIn
                0x00004620       0x12 iTelex/StringTab.o
                0x00004620                strde_GeaendertIn
 .progmem.data.strnl_Unveraendert
                0x00004632       0x12 iTelex/StringTab.o
                0x00004632                strnl_Unveraendert
 .progmem.data.strit_Unveraendert
                0x00004644        0xb iTelex/StringTab.o
                0x00004644                strit_Unveraendert
 .progmem.data.stren_Unveraendert
                0x0000464f        0xb iTelex/StringTab.o
                0x0000464f                stren_Unveraendert
 .progmem.data.strde_Unveraendert
                0x0000465a       0x12 iTelex/StringTab.o
                0x0000465a                strde_Unveraendert
 .progmem.data.strnl_Weiter
                0x0000466c        0x9 iTelex/StringTab.o
                0x0000466c                strnl_Weiter
 .progmem.data.strit_Weiter
                0x00004675        0xb iTelex/StringTab.o
                0x00004675                strit_Weiter
 .progmem.data.stren_Weiter
                0x00004680        0x9 iTelex/StringTab.o
                0x00004680                stren_Weiter
 .progmem.data.strde_Weiter
                0x00004689        0x7 iTelex/StringTab.o
                0x00004689                strde_Weiter
 .progmem.data.strnl_NeueEinstellungen
                0x00004690       0x1c iTelex/StringTab.o
                0x00004690                strnl_NeueEinstellungen
 .progmem.data.strit_NeueEinstellungen
                0x000046ac       0x17 iTelex/StringTab.o
                0x000046ac                strit_NeueEinstellungen
 .progmem.data.stren_NeueEinstellungen
                0x000046c3       0x17 iTelex/StringTab.o
                0x000046c3                stren_NeueEinstellungen
 .progmem.data.strde_NeueEinstellungen
                0x000046da       0x1f iTelex/StringTab.o
                0x000046da                strde_NeueEinstellungen
 .progmem.data.strnl_TwiTlnListeEnde
                0x000046f9        0x9 iTelex/StringTab.o
                0x000046f9                strnl_TwiTlnListeEnde
 .progmem.data.strit_TwiTlnListeEnde
                0x00004702        0x8 iTelex/StringTab.o
                0x00004702                strit_TwiTlnListeEnde
 .progmem.data.stren_TwiTlnListeEnde
                0x0000470a        0x7 iTelex/StringTab.o
                0x0000470a                stren_TwiTlnListeEnde
 .progmem.data.strde_TwiTlnListeEnde
                0x00004711        0xa iTelex/StringTab.o
                0x00004711                strde_TwiTlnListeEnde
 .progmem.data.strnl_TwiTlnListeEintrag
                0x0000471b       0x1a iTelex/StringTab.o
                0x0000471b                strnl_TwiTlnListeEintrag
 .progmem.data.strit_TwiTlnListeEintrag
                0x00004735       0x19 iTelex/StringTab.o
                0x00004735                strit_TwiTlnListeEintrag
 .progmem.data.stren_TwiTlnListeEintrag
                0x0000474e       0x1a iTelex/StringTab.o
                0x0000474e                stren_TwiTlnListeEintrag
 .progmem.data.strde_TwiTlnListeEintrag
                0x00004768       0x1a iTelex/StringTab.o
                0x00004768                strde_TwiTlnListeEintrag
 .progmem.data.strnl_TwiTlnListeAnfang
                0x00004782       0x28 iTelex/StringTab.o
                0x00004782                strnl_TwiTlnListeAnfang
 .progmem.data.strit_TwiTlnListeAnfang
                0x000047aa       0x25 iTelex/StringTab.o
                0x000047aa                strit_TwiTlnListeAnfang
 .progmem.data.stren_TwiTlnListeAnfang
                0x000047cf       0x2d iTelex/StringTab.o
                0x000047cf                stren_TwiTlnListeAnfang
 .progmem.data.strde_TwiTlnListeAnfang
                0x000047fc       0x26 iTelex/StringTab.o
                0x000047fc                strde_TwiTlnListeAnfang
 .progmem.data.strnl_TlnServSyncGeheimzahl
                0x00004822       0x23 iTelex/StringTab.o
                0x00004822                strnl_TlnServSyncGeheimzahl
 .progmem.data.strit_TlnServSyncGeheimzahl
                0x00004845       0x20 iTelex/StringTab.o
                0x00004845                strit_TlnServSyncGeheimzahl
 .progmem.data.stren_TlnServSyncGeheimzahl
                0x00004865       0x29 iTelex/StringTab.o
                0x00004865                stren_TlnServSyncGeheimzahl
 .progmem.data.strde_TlnServSyncGeheimzahl
                0x0000488e       0x2c iTelex/StringTab.o
                0x0000488e                strde_TlnServSyncGeheimzahl
 .progmem.data.strnl_RufnrServerAdr
                0x000048ba       0x1c iTelex/StringTab.o
                0x000048ba                strnl_RufnrServerAdr
 .progmem.data.strit_RufnrServerAdr
                0x000048d6       0x1e iTelex/StringTab.o
                0x000048d6                strit_RufnrServerAdr
 .progmem.data.stren_RufnrServerAdr
                0x000048f4       0x24 iTelex/StringTab.o
                0x000048f4                stren_RufnrServerAdr
 .progmem.data.strde_RufnrServerAdr
                0x00004918       0x1f iTelex/StringTab.o
                0x00004918                strde_RufnrServerAdr
 .progmem.data.strnl_RemoteServerAusschlussDynIP
                0x00004937       0x4a iTelex/StringTab.o
                0x00004937                strnl_RemoteServerAusschlussDynIP
 .progmem.data.strit_RemoteServerAusschlussDynIP
                0x00004981       0x37 iTelex/StringTab.o
                0x00004981                strit_RemoteServerAusschlussDynIP
 .progmem.data.stren_RemoteServerAusschlussDynIP
                0x000049b8       0x36 iTelex/StringTab.o
                0x000049b8                stren_RemoteServerAusschlussDynIP
 .progmem.data.strde_RemoteServerAusschlussDynIP
                0x000049ee       0x4c iTelex/StringTab.o
                0x000049ee                strde_RemoteServerAusschlussDynIP
 .progmem.data.strnl_RemoteServerNutzen
                0x00004a3a       0x43 iTelex/StringTab.o
                0x00004a3a                strnl_RemoteServerNutzen
 .progmem.data.strit_RemoteServerNutzen
                0x00004a7d       0x2b iTelex/StringTab.o
                0x00004a7d                strit_RemoteServerNutzen
 .progmem.data.stren_RemoteServerNutzen
                0x00004aa8       0x3d iTelex/StringTab.o
                0x00004aa8                stren_RemoteServerNutzen
 .progmem.data.strde_RemoteServerNutzen
                0x00004ae5       0x46 iTelex/StringTab.o
                0x00004ae5                strde_RemoteServerNutzen
 .progmem.data.strnl_OeffentlichePortNr
                0x00004b2b       0x18 iTelex/StringTab.o
                0x00004b2b                strnl_OeffentlichePortNr
 .progmem.data.strit_OeffentlichePortNr
                0x00004b43       0x18 iTelex/StringTab.o
                0x00004b43                strit_OeffentlichePortNr
 .progmem.data.stren_OeffentlichePortNr
                0x00004b5b       0x1c iTelex/StringTab.o
                0x00004b5b                stren_OeffentlichePortNr
 .progmem.data.strde_OeffentlichePortNr
                0x00004b77       0x1d iTelex/StringTab.o
                0x00004b77                strde_OeffentlichePortNr
 .progmem.data.strnl_VerbindungstestPeriode
                0x00004b94       0x22 iTelex/StringTab.o
                0x00004b94                strnl_VerbindungstestPeriode
 .progmem.data.strit_VerbindungstestPeriode
                0x00004bb6       0x2e iTelex/StringTab.o
                0x00004bb6                strit_VerbindungstestPeriode
 .progmem.data.stren_VerbindungstestPeriode
                0x00004be4       0x27 iTelex/StringTab.o
                0x00004be4                stren_VerbindungstestPeriode
 .progmem.data.strde_VerbindungstestPeriode
                0x00004c0b       0x2f iTelex/StringTab.o
                0x00004c0b                strde_VerbindungstestPeriode
 .progmem.data.strnl_DynIPAktiv
                0x00004c3a       0x26 iTelex/StringTab.o
                0x00004c3a                strnl_DynIPAktiv
 .progmem.data.strit_DynIPAktiv
                0x00004c60       0x24 iTelex/StringTab.o
                0x00004c60                strit_DynIPAktiv
 .progmem.data.stren_DynIPAktiv
                0x00004c84       0x24 iTelex/StringTab.o
                0x00004c84                stren_DynIPAktiv
 .progmem.data.strde_DynIPAktiv
                0x00004ca8       0x23 iTelex/StringTab.o
                0x00004ca8                strde_DynIPAktiv
 .progmem.data.strnl_RufnrServerAnmeldGeheimzahl
                0x00004ccb       0x2a iTelex/StringTab.o
                0x00004ccb                strnl_RufnrServerAnmeldGeheimzahl
 .progmem.data.strit_RufnrServerAnmeldGeheimzahl
                0x00004cf5       0x24 iTelex/StringTab.o
                0x00004cf5                strit_RufnrServerAnmeldGeheimzahl
 .progmem.data.stren_RufnrServerAnmeldGeheimzahl
                0x00004d19       0x2f iTelex/StringTab.o
                0x00004d19                stren_RufnrServerAnmeldGeheimzahl
 .progmem.data.strde_RufnrServerAnmeldGeheimzahl
                0x00004d48       0x30 iTelex/StringTab.o
                0x00004d48                strde_RufnrServerAnmeldGeheimzahl
 .progmem.data.strnl_ITelexRufnummerZuKurz
                0x00004d78       0x3e iTelex/StringTab.o
                0x00004d78                strnl_ITelexRufnummerZuKurz
 .progmem.data.strit_ITelexRufnummerZuKurz
                0x00004db6       0x3e iTelex/StringTab.o
                0x00004db6                strit_ITelexRufnummerZuKurz
 .progmem.data.stren_ITelexRufnummerZuKurz
                0x00004df4       0x39 iTelex/StringTab.o
                0x00004df4                stren_ITelexRufnummerZuKurz
 .progmem.data.strde_ITelexRufnummerZuKurz
                0x00004e2d       0x3c iTelex/StringTab.o
                0x00004e2d                strde_ITelexRufnummerZuKurz
 .progmem.data.strnl_ITelexRufnummer
                0x00004e69       0x20 iTelex/StringTab.o
                0x00004e69                strnl_ITelexRufnummer
 .progmem.data.strit_ITelexRufnummer
                0x00004e89       0x22 iTelex/StringTab.o
                0x00004e89                strit_ITelexRufnummer
 .progmem.data.stren_ITelexRufnummer
                0x00004eab       0x14 iTelex/StringTab.o
                0x00004eab                stren_ITelexRufnummer
 .progmem.data.strde_ITelexRufnummer
                0x00004ebf       0x21 iTelex/StringTab.o
                0x00004ebf                strde_ITelexRufnummer
 .progmem.data.strnl_GesperrtBestaetigung
                0x00004ee0       0x6e iTelex/StringTab.o
                0x00004ee0                strnl_GesperrtBestaetigung
 .progmem.data.strit_GesperrtBestaetigung
                0x00004f4e       0x73 iTelex/StringTab.o
                0x00004f4e                strit_GesperrtBestaetigung
 .progmem.data.stren_GesperrtBestaetigung
                0x00004fc1       0x76 iTelex/StringTab.o
                0x00004fc1                stren_GesperrtBestaetigung
 .progmem.data.strde_GesperrtBestaetigung
                0x00005037       0x7d iTelex/StringTab.o
                0x00005037                strde_GesperrtBestaetigung
 .progmem.data.strnl_InternesKennwortFehlt
                0x000050b4       0x6e iTelex/StringTab.o
                0x000050b4                strnl_InternesKennwortFehlt
 .progmem.data.strit_InternesKennwortFehlt
                0x00005122       0x68 iTelex/StringTab.o
                0x00005122                strit_InternesKennwortFehlt
 .progmem.data.stren_InternesKennwortFehlt
                0x0000518a       0x70 iTelex/StringTab.o
                0x0000518a                stren_InternesKennwortFehlt
 .progmem.data.strde_InternesKennwortFehlt
                0x000051fa       0x7c iTelex/StringTab.o
                0x000051fa                strde_InternesKennwortFehlt
 .progmem.data.strnl_KennwortGgfGeaendert
                0x00005276       0x1f iTelex/StringTab.o
                0x00005276                strnl_KennwortGgfGeaendert
 .progmem.data.strit_KennwortGgfGeaendert
                0x00005295       0x1e iTelex/StringTab.o
                0x00005295                strit_KennwortGgfGeaendert
 .progmem.data.stren_KennwortGgfGeaendert
                0x000052b3       0x22 iTelex/StringTab.o
                0x000052b3                stren_KennwortGgfGeaendert
 .progmem.data.strde_KennwortGgfGeaendert
                0x000052d5       0x21 iTelex/StringTab.o
                0x000052d5                strde_KennwortGgfGeaendert
 .progmem.data.strnl_KonnteNichtGeaendertWerden
                0x000052f6       0x1a iTelex/StringTab.o
                0x000052f6                strnl_KonnteNichtGeaendertWerden
 .progmem.data.strit_KonnteNichtGeaendertWerden
                0x00005310       0x1a iTelex/StringTab.o
                0x00005310                strit_KonnteNichtGeaendertWerden
 .progmem.data.stren_KonnteNichtGeaendertWerden
                0x0000532a       0x16 iTelex/StringTab.o
                0x0000532a                stren_KonnteNichtGeaendertWerden
 .progmem.data.strde_KonnteNichtGeaendertWerden
                0x00005340       0x23 iTelex/StringTab.o
                0x00005340                strde_KonnteNichtGeaendertWerden
 .progmem.data.strnl_ImpressAenderTest
                0x00005363        0xc iTelex/StringTab.o
                0x00005363                strnl_ImpressAenderTest
 .progmem.data.strit_ImpressAenderTest
                0x0000536f        0xb iTelex/StringTab.o
                0x0000536f                strit_ImpressAenderTest
 .progmem.data.stren_ImpressAenderTest
                0x0000537a        0x9 iTelex/StringTab.o
                0x0000537a                stren_ImpressAenderTest
 .progmem.data.strde_ImpressAenderTest
                0x00005383        0xb iTelex/StringTab.o
                0x00005383                strde_ImpressAenderTest
 .progmem.data.strnl_ImpressAenderZeile
                0x0000538e       0x14 iTelex/StringTab.o
                0x0000538e                strnl_ImpressAenderZeile
 .progmem.data.strit_ImpressAenderZeile
                0x000053a2       0x11 iTelex/StringTab.o
                0x000053a2                strit_ImpressAenderZeile
 .progmem.data.stren_ImpressAenderZeile
                0x000053b3        0xf iTelex/StringTab.o
                0x000053b3                stren_ImpressAenderZeile
 .progmem.data.strde_ImpressAenderZeile
                0x000053c2       0x17 iTelex/StringTab.o
                0x000053c2                strde_ImpressAenderZeile
 .progmem.data.strnl_DatumDruckBeide
                0x000053d9       0x15 iTelex/StringTab.o
                0x000053d9                strnl_DatumDruckBeide
 .progmem.data.strit_DatumDruckBeide
                0x000053ee       0x17 iTelex/StringTab.o
                0x000053ee                strit_DatumDruckBeide
 .progmem.data.stren_DatumDruckBeide
                0x00005405       0x11 iTelex/StringTab.o
                0x00005405                stren_DatumDruckBeide
 .progmem.data.strde_DatumDruckBeide
                0x00005416       0x12 iTelex/StringTab.o
                0x00005416                strde_DatumDruckBeide
 .progmem.data.strnl_DatumDruckAnrufer
                0x00005428       0x15 iTelex/StringTab.o
                0x00005428                strnl_DatumDruckAnrufer
 .progmem.data.strit_DatumDruckAnrufer
                0x0000543d       0x15 iTelex/StringTab.o
                0x0000543d                strit_DatumDruckAnrufer
 .progmem.data.stren_DatumDruckAnrufer
                0x00005452        0xf iTelex/StringTab.o
                0x00005452                stren_DatumDruckAnrufer
 .progmem.data.strde_DatumDruckAnrufer
                0x00005461       0x11 iTelex/StringTab.o
                0x00005461                strde_DatumDruckAnrufer
 .progmem.data.strnl_DatumDruckLokal
                0x00005472        0xe iTelex/StringTab.o
                0x00005472                strnl_DatumDruckLokal
 .progmem.data.strit_DatumDruckLokal
                0x00005480        0xc iTelex/StringTab.o
                0x00005480                strit_DatumDruckLokal
 .progmem.data.stren_DatumDruckLokal
                0x0000548c        0xb iTelex/StringTab.o
                0x0000548c                stren_DatumDruckLokal
 .progmem.data.strde_DatumDruckLokal
                0x00005497        0xa iTelex/StringTab.o
                0x00005497                strde_DatumDruckLokal
 .progmem.data.strnl_DatumDruckKein
                0x000054a1        0x4 iTelex/StringTab.o
                0x000054a1                strnl_DatumDruckKein
 .progmem.data.strit_DatumDruckKein
                0x000054a5        0x7 iTelex/StringTab.o
                0x000054a5                strit_DatumDruckKein
 .progmem.data.stren_DatumDruckKein
                0x000054ac        0x4 iTelex/StringTab.o
                0x000054ac                stren_DatumDruckKein
 .progmem.data.strde_DatumDruckKein
                0x000054b0        0x4 iTelex/StringTab.o
                0x000054b0                strde_DatumDruckKein
 .progmem.data.strnl_DatumDruckModus
                0x000054b4       0x2f iTelex/StringTab.o
                0x000054b4                strnl_DatumDruckModus
 .progmem.data.strit_DatumDruckModus
                0x000054e3       0x25 iTelex/StringTab.o
                0x000054e3                strit_DatumDruckModus
 .progmem.data.stren_DatumDruckModus
                0x00005508       0x1d iTelex/StringTab.o
                0x00005508                stren_DatumDruckModus
 .progmem.data.strde_DatumDruckModus
                0x00005525       0x26 iTelex/StringTab.o
                0x00005525                strde_DatumDruckModus
 .progmem.data.strnl_LangeDienstmeldungen
                0x0000554b       0x1f iTelex/StringTab.o
                0x0000554b                strnl_LangeDienstmeldungen
 .progmem.data.strit_LangeDienstmeldungen
                0x0000556a       0x1b iTelex/StringTab.o
                0x0000556a                strit_LangeDienstmeldungen
 .progmem.data.stren_LangeDienstmeldungen
                0x00005585       0x16 iTelex/StringTab.o
                0x00005585                stren_LangeDienstmeldungen
 .progmem.data.strde_LangeDienstmeldungen
                0x0000559b       0x1c iTelex/StringTab.o
                0x0000559b                strde_LangeDienstmeldungen
 .progmem.data.strnl_TlnVerzeichnisOffen
                0x000055b7       0x2d iTelex/StringTab.o
                0x000055b7                strnl_TlnVerzeichnisOffen
 .progmem.data.strit_TlnVerzeichnisOffen
                0x000055e4       0x29 iTelex/StringTab.o
                0x000055e4                strit_TlnVerzeichnisOffen
 .progmem.data.stren_TlnVerzeichnisOffen
                0x0000560d       0x31 iTelex/StringTab.o
                0x0000560d                stren_TlnVerzeichnisOffen
 .progmem.data.strde_TlnVerzeichnisOffen
                0x0000563e       0x2e iTelex/StringTab.o