Archive member included because of file (symbol)

c:/winavr-20100110/bin/../lib/gcc/avr/4.3.3/avr6\libgcc.a(_mulsi3.o)
                              system/clock/clock.o (__mulsi3)
c:/winavr-20100110/bin/../lib/gcc/avr/4.3.3/avr6\libgcc.a(_udivmodqi4.o)
                              system/math/math.o (__udivmodqi4)
c:/winavr-20100110/bin/../lib/gcc/avr/4.3.3/avr6\libgcc.a(_udivmodhi4.o)
                              system/clock/clock.o (__udivmodhi4)
c:/winavr-20100110/bin/../lib/gcc/avr/4.3.3/avr6\libgcc.a(_divmodhi4.o)
                              system/net/tcp.o (__divmodhi4)
c:/winavr-20100110/bin/../lib/gcc/avr/4.3.3/avr6\libgcc.a(_udivmodsi4.o)
                              system/clock/clock.o (__udivmodsi4)
c:/winavr-20100110/bin/../lib/gcc/avr/4.3.3/avr6\libgcc.a(_divmodsi4.o)
                              system/nano_DB/nano_db.o (__divmodsi4)
c:/winavr-20100110/bin/../lib/gcc/avr/4.3.3/avr6\libgcc.a(_prologue.o)
                              system/clock/clock.o (__prologue_saves__)
c:/winavr-20100110/bin/../lib/gcc/avr/4.3.3/avr6\libgcc.a(_epilogue.o)
                              system/clock/clock.o (__epilogue_restores__)
c:/winavr-20100110/bin/../lib/gcc/avr/4.3.3/avr6\libgcc.a(_exit.o)
                              c:/winavr-20100110/bin/../lib/gcc/avr/4.3.3/../../../../avr/lib/avr6/crtm2561.o (exit)
c:/winavr-20100110/bin/../lib/gcc/avr/4.3.3/avr6\libgcc.a(_clear_bss.o)
                              hardware/ext_int/ext_int.o (__do_clear_bss)
c:/winavr-20100110/bin/../lib/gcc/avr/4.3.3/../../../../avr/lib/avr6\libc.a(malloc.o)
                              system/filesystem/fat.o (malloc)
c:/winavr-20100110/bin/../lib/gcc/avr/4.3.3/../../../../avr/lib/avr6\libc.a(atoi.o)
                              system/net/ip.o (atoi)
c:/winavr-20100110/bin/../lib/gcc/avr/4.3.3/../../../../avr/lib/avr6\libc.a(atol.o)
                              apps/modules/cmd_ntp.o (atol)
c:/winavr-20100110/bin/../lib/gcc/avr/4.3.3/../../../../avr/lib/avr6\libc.a(memcmp_P.o)
                              system/net/dyndns.o (memcmp_P)
c:/winavr-20100110/bin/../lib/gcc/avr/4.3.3/../../../../avr/lib/avr6\libc.a(memcpy_P.o)
                              system/config/eeconfig.o (memcpy_P)
c:/winavr-20100110/bin/../lib/gcc/avr/4.3.3/../../../../avr/lib/avr6\libc.a(strcat_P.o)
                              iTelex/iTelex.o (strcat_P)
c:/winavr-20100110/bin/../lib/gcc/avr/4.3.3/../../../../avr/lib/avr6\libc.a(strchr_P.o)
                              iTelex/iTelex.o (strchr_P)
c:/winavr-20100110/bin/../lib/gcc/avr/4.3.3/../../../../avr/lib/avr6\libc.a(strcmp_P.o)
                              system/net/network.o (strcmp_P)
c:/winavr-20100110/bin/../lib/gcc/avr/4.3.3/../../../../avr/lib/avr6\libc.a(strcpy_P.o)
                              system/net/dns.o (strcpy_P)
c:/winavr-20100110/bin/../lib/gcc/avr/4.3.3/../../../../avr/lib/avr6\libc.a(strlen_P.o)
                              system/config/eeconfig.o (strlen_P)
c:/winavr-20100110/bin/../lib/gcc/avr/4.3.3/../../../../avr/lib/avr6\libc.a(strncasecmp_P.o)
                              iTelex/eMail.o (strncasecmp_P)
c:/winavr-20100110/bin/../lib/gcc/avr/4.3.3/../../../../avr/lib/avr6\libc.a(strncat_P.o)
                              iTelex/iTelex.o (strncat_P)
c:/winavr-20100110/bin/../lib/gcc/avr/4.3.3/../../../../avr/lib/avr6\libc.a(strncmp_P.o)
                              iTelex/iTelex.o (strncmp_P)
c:/winavr-20100110/bin/../lib/gcc/avr/4.3.3/../../../../avr/lib/avr6\libc.a(strstr_P.o)
                              iTelex/eMail.o (strstr_P)
c:/winavr-20100110/bin/../lib/gcc/avr/4.3.3/../../../../avr/lib/avr6\libc.a(memcmp.o)
                              system/config/eeconfig.o (memcmp)
c:/winavr-20100110/bin/../lib/gcc/avr/4.3.3/../../../../avr/lib/avr6\libc.a(memcpy.o)
                              system/clock/clock.o (memcpy)
c:/winavr-20100110/bin/../lib/gcc/avr/4.3.3/../../../../avr/lib/avr6\libc.a(memmove.o)
                              iTelex/iTelex.o (memmove)
c:/winavr-20100110/bin/../lib/gcc/avr/4.3.3/../../../../avr/lib/avr6\libc.a(memset.o)
                              hardware/sd_raw/sd_raw.o (memset)
c:/winavr-20100110/bin/../lib/gcc/avr/4.3.3/../../../../avr/lib/avr6\libc.a(strcasecmp.o)
                              iTelex/TlnBuch.o (strcasecmp)
c:/winavr-20100110/bin/../lib/gcc/avr/4.3.3/../../../../avr/lib/avr6\libc.a(strcasestr.o)
                              iTelex/TlnBuch.o (strcasestr)
c:/winavr-20100110/bin/../lib/gcc/avr/4.3.3/../../../../avr/lib/avr6\libc.a(strcat.o)
                              iTelex/iTelex.o (strcat)
c:/winavr-20100110/bin/../lib/gcc/avr/4.3.3/../../../../avr/lib/avr6\libc.a(strchr.o)
                              system/filesystem/fat.o (strchr)
c:/winavr-20100110/bin/../lib/gcc/avr/4.3.3/../../../../avr/lib/avr6\libc.a(strcmp.o)
                              system/config/eeconfig.o (strcmp)
[...]
Memory Configuration

Name             Origin             Length             Attributes
text             0x00000000         0x00100000         xr
data             0x00800200         0x0000fe00         rw !x
eeprom           0x00810000         0x00010000         rw !x
fuse             0x00820000         0x00000400         rw !x
lock             0x00830000         0x00000400         rw !x
signature        0x00840000         0x00000400         rw !x
*default*        0x00000000         0xffffffff

Linker script and memory map

Address of section .data set to 0x800200
LOAD c:/winavr-20100110/bin/../lib/gcc/avr/4.3.3/../../../../avr/lib/avr6/crtm2561.o
LOAD main.o
LOAD hardware/ext_int/ext_int.o
LOAD system/clock/clock.o
LOAD hardware/timer1/timer1.o
LOAD hardware/spi/spi_core.o
LOAD hardware/keyboard/keyboard.o
LOAD hardware/uart/uart_core.o
LOAD hardware/uart/mega/uart_0.o
LOAD hardware/uart/mega/uart_1.o
LOAD hardware/uart/xmega/uart_c0.o
LOAD hardware/uart/xmega/uart_d0.o
LOAD hardware/uart/xmega/uart_e0.o
LOAD hardware/uart/xmega/uart_f0.o
LOAD hardware/uart/xmega/uart_c1.o
LOAD hardware/uart/xmega/uart_d1.o
LOAD hardware/uart/xmega/uart_e1.o
LOAD hardware/uart/xmega/uart_f1.o
LOAD hardware/adc/adc.o
LOAD hardware/gpio/gpio_core.o
LOAD hardware/gpio/gpio_out.o
LOAD hardware/gpio/gpio_in.o
LOAD hardware/network/enc28j60.o
LOAD hardware/1wire/1wire.o
LOAD hardware/1wire/DS16xxx.o
LOAD hardware/twi/twi.o
LOAD hardware/twi/ds1307.o
LOAD hardware/twi/lm75.o
LOAD hardware/twi/hh10d.o
LOAD hardware/pcint/pcint.o
LOAD hardware/memory/xram.o
LOAD hardware/led/led_core.o
LOAD hardware/spi/spi_0.o
LOAD hardware/spi/spi_1.o
LOAD hardware/spi/spi_2.o
LOAD hardware/spi/xmega_spi.o
LOAD hardware/dcf77/dcf77.o
LOAD hardware/vs10xx/vs10xx.o
LOAD hardware/rfm12/rfm12.o
LOAD hardware/timer0/timer0.o
LOAD hardware/sd_raw/sd_raw.o
LOAD hardware/cpu_freq/cpu_freq.o
LOAD hardware/lcd/hd44780.o
LOAD hardware/lcd/ks0073_twi.o
LOAD hardware/lcd/hd44780_twi.o
LOAD hardware/lcd/dogl128w6.o
LOAD hardware/led-tafel/led_tafel.o
LOAD hardware/led-tafel/led_tafel-par.o
LOAD hardware/lcd/lcd.o
LOAD system/net/icmp.o
LOAD system/net/udp.o
LOAD system/net/tcp.o
LOAD system/net/ethernet.o
LOAD system/net/arp.o
LOAD system/net/ip.o
LOAD system/net/dhcpc.o
LOAD system/net/ntp.o
LOAD system/net/dns.o
LOAD system/net/network.o
LOAD system/math/math.o
LOAD system/math/checksum.o
LOAD system/stdout/stdout.o
LOAD system/config/eeconfig.o
LOAD system/softreset/softreset.o
LOAD system/buffer/fifo.o
LOAD system/init.o
LOAD system/base64/base64.o
LOAD system/net/twitter.o
LOAD system/net/dyndns.o
LOAD system/thread/thread.o
LOAD system/string/string.o
LOAD system/sensor/temp.o
LOAD system/nano_DB/nano_db.o
LOAD system/net/endian.o
LOAD system/nano_DB/logger.o
LOAD system/nano_DB/highchart.o
LOAD system/filesystem/fat.o
LOAD system/filesystem/partition.o
LOAD system/filesystem/byteordering.o
LOAD system/filesystem/filesystem.o
LOAD system/shell/shell.o
LOAD system/math/crc8.o
LOAD apps/httpd/httpd2.o
LOAD apps/httpd/httpd2_pharse.o
LOAD apps/httpd/cgibin/cgi-bin.o
LOAD apps/httpd/files.o
LOAD apps/telnet/telnet.o
LOAD apps/cron/cron.o
LOAD apps/apps_init.o
LOAD apps/modul_init.o
LOAD apps/modules/lcd_info.o
LOAD apps/modules/cmd_foo.o
LOAD apps/modules/cmd_mon.o
LOAD apps/modules/cmd_arp.o
LOAD apps/modules/cmd_stats.o
LOAD apps/modules/cmd_reset.o
LOAD apps/modules/cmd_dns.o
LOAD apps/modules/cmd_adc.o
LOAD apps/modules/cmd_gpio.o
LOAD apps/modules/cmd_ifconfig.o
LOAD apps/modules/cmd_ntp.o
LOAD apps/modules/cmd_dyndns.o
LOAD apps/modules/cmd_temp.o
LOAD apps/modules/cmd_cron.o
LOAD apps/modules/cmd_twitter.o
LOAD apps/modules/cmd_eemem.o
LOAD apps/modules/cmd_twi.o
LOAD apps/modules/cmd_onewire.o
LOAD apps/modules/cmd_stream.o
LOAD apps/modules/cmd_tafel.o
LOAD apps/modules/impulse.o
LOAD apps/modules/hal.o
LOAD apps/modules/temp_json.o
LOAD apps/mp3-streamingclient/mp3-streaming.o
LOAD apps/mp3-streamingclient/mp3-clientserver.o
LOAD apps/can/can_eth_rep.o
LOAD iTelex/iTelex.o
LOAD iTelex/TlnBuch.o
LOAD iTelex/CgiFormTools.o
LOAD iTelex/SwTwi.o
LOAD iTelex/Protokoll.o
LOAD iTelex/TlnServer.o
LOAD iTelex/eMail.o
LOAD iTelex/StringTab.o
LOAD iTelex/ConfigNtp.o
LOAD iTelex/IspMaster.o
LOAD iTelex/Gemeinsam/BusKomm.o
LOAD iTelex/Gemeinsam/FifoPuffer.o
LOAD iTelex/Gemeinsam/BaudotCode.o
Address of section .data set to 0x802200
                0x0080ffff                __heap_end = 0x80ffff
LOAD c:/winavr-20100110/bin/../lib/gcc/avr/4.3.3/../../../../avr/lib/avr6\libm.a
LOAD c:/winavr-20100110/bin/../lib/gcc/avr/4.3.3/avr6\libgcc.a
LOAD c:/winavr-20100110/bin/../lib/gcc/avr/4.3.3/../../../../avr/lib/avr6\libc.a
LOAD c:/winavr-20100110/bin/../lib/gcc/avr/4.3.3/avr6\libgcc.a

.hash
 *(.hash)

.dynsym
 *(.dynsym)

.dynstr
 *(.dynstr)

.gnu.version
 *(.gnu.version)

.gnu.version_d
 *(.gnu.version_d)

.gnu.version_r
 *(.gnu.version_r)

.rel.init
 *(.rel.init)

.rela.init
 *(.rela.init)

.rel.text
 *(.rel.text)
 *(.rel.text.*)
 *(.rel.gnu.linkonce.t*)

.rela.text
 *(.rela.text)
 *(.rela.text.*)
 *(.rela.gnu.linkonce.t*)

.rel.fini
 *(.rel.fini)

.rela.fini
 *(.rela.fini)

.rel.rodata
 *(.rel.rodata)
 *(.rel.rodata.*)
 *(.rel.gnu.linkonce.r*)

.rela.rodata
 *(.rela.rodata)
 *(.rela.rodata.*)
 *(.rela.gnu.linkonce.r*)

.rel.data
 *(.rel.data)
 *(.rel.data.*)
 *(.rel.gnu.linkonce.d*)

.rela.data
 *(.rela.data)
 *(.rela.data.*)
 *(.rela.gnu.linkonce.d*)

.rel.ctors
 *(.rel.ctors)

.rela.ctors
 *(.rela.ctors)

.rel.dtors
 *(.rel.dtors)

.rela.dtors
 *(.rela.dtors)

.rel.got
 *(.rel.got)

.rela.got
 *(.rela.got)

.rel.bss
 *(.rel.bss)

.rela.bss
 *(.rela.bss)

.rel.plt
 *(.rel.plt)

.rela.plt
 *(.rela.plt)

.text           0x00000000    0x290ae
 *(.vectors)
 .vectors       0x00000000       0xcc c:/winavr-20100110/bin/../lib/gcc/avr/4.3.3/../../../../avr/lib/avr6/crtm2561.o
                0x00000000                __vectors
                0x00000000                __vector_default
 *(.vectors)
 *(.progmem.gcc*)
 *(.progmem*)
 .progmem.data  0x000000cc        0x4 hardware/led/led_core.o
                0x000000cc                LED_DATA
 .progmem.data  0x000000d0       0x1e system/net/arp.o
 .progmem.data  0x000000ee        0xc system/net/ip.o
 .progmem.data  0x000000fa       0x38 system/net/dhcpc.o
 .progmem.data  0x00000132       0xd1 system/net/ntp.o
 .progmem.data  0x00000203      0x21c system/net/network.o
                0x0000020b                DNS_P
                0x00000206                MASK_P
                0x00000203                IP_P
                0x0000020f                GATE_P
                0x00000214                DHCP_OKAY_P
                0x00000229                DHCP_FAIL_P
                0x00000246                DHCP_TRY_P
 .progmem.data  0x0000041f       0x65 system/config/eeconfig.o
 .progmem.data  0x00000484       0x6e system/init.o
                0x00000484                config_ok
                0x00000495                config_error
 .progmem.data  0x000004f2       0x91 system/base64/base64.o
                0x000004f2                map
                0x00000542                b64
 .progmem.data  0x00000583       0xb9 system/net/dyndns.o
                0x000005fe                DYNDNSHEADER_3
                0x00000583                DYNDNSFILE
                0x000005c1                DYNDNSHEADER_1
                0x0000059b                DYNDNSURL
                0x000005ae                DYNDNSCHECKIPURL
                0x000005c6                DYNDNSHEADER_2
 .progmem.data  0x0000063c       0x16 system/shell/shell.o
 .progmem.data  0x00000652       0x94 apps/httpd/httpd2.o
 .progmem.data  0x000006e6        0xb apps/httpd/httpd2_pharse.o
 .progmem.data  0x000006f1      0x110 apps/httpd/cgibin/cgi-bin.o
 .progmem.data  0x00000801     0x2081 apps/httpd/files.o
                0x0000239c                iTelexChatDeName
                0x00001887                files8
                0x00002517                iTelexChatEnName
                0x0000080c                data1
                0x000009f1                data2
                0x00002692                RobotsTxtName
                0x0000108a                NetzwerkMenuEnText
                0x00001eaa                iTelexCfgMenuDeName
                0x00000801                files1
                0x00000f57                NetzwerkMenuDeText
                0x00000df6                data4
                0x00001891                data8
                0x000011a6                SystemMenuDeName
                0x00001360                SystemMenuEnName
                0x00001a66                iTelexMainMenuDeText
                0x00002137                iTelexCfgMenuEnName
                0x0000136f                SystemMenuEnText
                0x00001513                files7
                0x00000de8                files4
                0x00001c87                iTelexMainMenuEnName
                0x0000107a                NetzwerkMenuEnName
                0x00001ec1                iTelexCfgMenuDeText
                0x0000214e                iTelexCfgMenuEnText
                0x00000acb                lochstr_hg_filename
                0x00000adf                lochstreifen_hg
                0x0000269d                RobotsTxtData
                0x00000f47                NetzwerkMenuDeName
                0x000011b5                SystemMenuDeText
                0x00001c9b                iTelexMainMenuEnText
                0x000023af                iTelexChatDeText
                0x0000151d                data7
                0x000009e3                files2
                0x0000252a                iTelexChatEnText
                0x00001a52                iTelexMainMenuDeName
 .progmem.data  0x00002882       0x5f apps/telnet/telnet.o
 .progmem.data  0x000028e1       0x37 apps/cron/cron.o
                0x000028e1                entrystring
 .progmem.data  0x00002918        0x8 apps/modules/cmd_foo.o
 .progmem.data  0x00002920       0x20 apps/modules/cmd_arp.o
 .progmem.data  0x00002940      0x1ab apps/modules/cmd_stats.o
 .progmem.data  0x00002aeb       0xa9 apps/modules/cmd_reset.o
 .progmem.data  0x00002b94       0x25 apps/modules/cmd_dns.o
 .progmem.data  0x00002bb9      0x459 apps/modules/cmd_ifconfig.o
                0x00002bc6                GATE_NP
                0x00002bbe                IP_NP
                0x00002bcb                DNS_NP
                0x00002bc1                MASK_NP
                0x00002bb9                DHCP_NP
                0x00002bcf                MAC_NP
 .progmem.data  0x00003012      0x2b2 apps/modules/cmd_ntp.o
                0x00003012                NTP_P
                0x00003016                NTPSERVER_P
                0x00003020                UTCZONE_P
 .progmem.data  0x000032c4      0x401 apps/modules/cmd_dyndns.o
                0x000032d3                configname_domain
                0x000032c4                configname_account
 .progmem.data  0x000036c5      0x3c4 apps/modules/cmd_cron.o
 .progmem.data  0x00003a89       0xc0 apps/modules/cmd_eemem.o
 .progmem.data  0x00003b49     0x272e iTelex/iTelex.o
                0x00003b96                KonfigPasswort_P
                0x00003bab                ProtokollLevel_P
                0x00003bd4                SocketLog_P
                0x00003b83                ImpressAendZeile_P
                0x00003c56                DynIPAktiv_P
                0x00003c2e                Druckzeilenlaenge_P
                0x00003c17                DurchwahlTabelle_P
                0x00003bb5                ProtokollLevelTlnServ_P
                0x00003bf7                FesteHst_P
                0x00003c61                NetzPort_P
                0x00003c48                NetzRufnummer_P
                0x00003b49                SvnVersion_P
                0x00003c97                TlnServSyncGeheimzahl_P
                0x00003bea                EigeneNummer_P
                0x00003c01                MeldungsdruckLevel_P
                0x00003c52                Geheimzahl_P
                0x00003c3b                UhrzeitVerteilen_P
                0x00003bc5                LangeDienstmeldungen_P
                0x00003c8c                RufnrServerAdr3_P
                0x00003b5f                UebersetzN1
                0x00003b9e                TlnBuchOffen_P
                0x00003b89                ImpressAendText_P
                0x00003b71                UebersetzN2
                0x00003c6a                SelbstAnrufPeriode_P
                0x00003c81                RufnrServerAdr2_P
                0x00003bde                Hauptstelle_P
                0x00003c76                RufnrServerAdr1_P
                0x00003b8e                LokaleSprache_P
                0x00003c24                DatumDruckModus_P
                0x00003b4d                UebersetzUr
                0x00003c0a                AlternBeiBes_P
 .progmem.data  0x00006277      0x56e iTelex/TlnBuch.o
                0x00006277                ExternEepromInit_P
 .progmem.data  0x000067e5      0x228 iTelex/CgiFormTools.o
 .progmem.data  0x00006a0d      0x14e iTelex/Protokoll.o
 .progmem.data  0x00006b5b      0xd51 iTelex/TlnServer.o
 .progmem.data  0x000078ac      0x3c7 iTelex/eMail.o
                0x000078ca                EmailEigenesPasswort_P
                0x000078c1                EmailEigeneAdresse_P
                0x000078f5                EmailDruckZiel_P
                0x000078e2                EmailAusgabeFilternKennung_P
                0x000078d4                EmailAbfrageTakt_P
                0x000078b6                EmailSMTPServerAdresse_P
                0x000078ac                EmailPOPServerAdresse_P
 .progmem.data  0x00007c73     0x2ccb iTelex/StringTab.o
                0x00009e9d                stren_AlteNummerNichtGeloescht
                0x00008910                strde_Druckzeilenlaenge
                0x00009bd6                strde_TypEMail
                0x00009b4f                stren_Adresse
                0x00009042                strde_OeffentlichePortNr
                0x0000a544                strde_POPFehlerAnfang
                0x0000a2ac                strde_EmailKonfigPopServer
                0x00009112                strde_TwiTlnListeAnfang
                0x00008261                strde_NamensucheErgebnisse
                0x000091a3                stren_TwiTlnListeEnde
                0x00008768                strde_FesteHauptstelleNummer
                0x0000a321                strde_EmailKonfigKennwort
                0x00008a6b                stren_DiagnoseLevel
                0x0000802e                stren_TeilnehmerNichtErlaubt
                0x00008acb                strde_TlnVerzeichnisOffen
                0x00008ebd                stren_ITelexRufnummer
                0x00009b7d                stren_TlnverzAttrLokal
                0x00009f4b                stren_EepromSpeicherErfolg
                0x0000a0b6                stren_ZurueckZumTeilnehmerverzeichnis
                0x00008e26                stren_GesperrtBestaetigung
                0x0000a2fa                strde_EmailKonfigEigeneAdresse
                0x0000818f                stren_NamensucheBitteWarten
                0x00007ecf                stren_MailNichtInDieserVersion
                0x0000934b                strde_TeilnehmerverzeichnisHtmlKopf
                0x0000a3b0                strde_EmailKonfigFilterNurTX
                0x00008841                stren_ASBB_Niemals
                0x0000a230                stren_EmailEmpfangStartzeile
                0x000086d1                strde_EigeneAmtsnummer
                0x00007ea5                strde_MailNichtInDieserVersion
                0x0000a117                stren_ZusatzEepromFehler
                0x000091e7                stren_Weiter
                0x00007ef2                strde_ServerAusWegenFehlenderUhrzeit
                0x00009e5f                strde_AlteNummerNichtGeloescht
                0x0000858e                strde_TexteingabeStartetFernschreiber
                0x00007e7a                stren_KeineVerbindungZumMailServerAusgang
                0x0000a26b                strde_EmailEingabeBetreff
                0x00009940                stren_TeilnehmerverzeichnisAktionenOffen
                0x00008c5c                stren_KonnteNichtGeaendertWerden
                0x00008fec                strde_VerbindungstestPeriode
                0x00009b8c                stren_TlnverzAttrGesperrt
                0x0000a670                stren_NtpServerHostname
                0x0000897c                stren_UhrzeitVerteilen
                0x0000a420                stren_EmailKonfigDruckZiel
                0x00007fd0                stren_TeilnehmerBesetzt
                0x00009be2                strde_AktionAendern
                0x00009138                stren_TwiTlnListeAnfang
                0x00008fc8                stren_DynIPAktiv
                0x000086c9                stren_HtmlTextEingabeAktualisieren
                0x00008282                stren_NamensucheErgebnisse
                0x00008149                strde_NamensucheTexteingabe
                0x00008f46                strde_RufnrServerAnmeldGeheimzahl
                0x0000a647                stren_NtpOn
                0x00009b42                stren_Name
                0x000080e4                strde_AnschlussInternBesetzt
                0x00009bb2                stren_TypGeloescht
                0x00008741                stren_FesteHauptstelle
                0x000087e8                strde_AlternativSucheBeiBesetzt
                0x000084f9                stren_SeiteGesperrt
                0x0000a4ad                stren_EmailKonfigFehler
                0x00008113                strde_TWITimeout
                0x0000a3fe                strde_EmailKonfigDruckZiel
                0x00009ed0                strde_EepromSpeicherFehler
                0x00008bbc                strde_DatumDruckAnrufer
                0x00009e4b                stren_EintragUnveraendert
                0x000081e9                strde_NamensucheServerAbbruch
                0x00009c4e                strde_MeldungTlneintragRufnummer
                0x00008aaa                stren_KonfigPasswort
                0x00008543                stren_FalschesKonfigKennwortEingegeben
                0x00008b46                stren_LangeDienstmeldungen
                0x00009b83                strde_TlnverzAttrGesperrt
                0x000084bc                stren_KennwortFalsch
                0x000089ee                strde_ProtokollLevelTlnServer
                0x000082a3                strde_NamensucheListenende
                0x00008187                strde_NamensucheBitteWarten
                0x00007d6f                strde_KeinTeilnehmerServerErreichbar
                0x000080b0                strde_VerbindungGetrennt
                0x000080fd                stren_AnschlussInternBesetzt
                0x00008a83                strde_KonfigPasswort
                0x0000922b                strde_EinstellungenUebernehmen
                0x0000a57a                strde_MailFehlerIPNichtErmittelbar
                0x00008692                strde_HtmlTextEingabe
                0x000090bd                strde_TlnServSyncGeheimzahl
                0x00008c72                strde_KennwortGgfGeaendert
                0x0000a35b                strde_EmailKonfigAbfragetakt
                0x00009871                strde_TeilnehmerverzeichnisAktionenOffen
                0x000091aa                strde_NeueEinstellungen
                0x00008af9                stren_TlnVerzeichnisOffen
                0x0000a5db                strde_SMTPFehlerDirekt
                0x0000869c                stren_HtmlTextEingabe
                0x000086fc                stren_EigeneAmtsnummer
                0x0000931e                stren_VollstaendigesTeilnehmerverzeichnis
                0x00008fa5                strde_DynIPAktiv
                0x00008471                stren_KennwortAbfrage
                0x00009c03                stren_AktionHinzufuegen
                0x000091c9                stren_NeueEinstellungen
                0x0000a6e6                IStrList
                0x00008959                strde_UhrzeitVerteilen
                0x00008879                strde_ASBB_AuchDurchwahl
                0x0000a27c                stren_EmailEingabeBetreff
                0x00008bff                strde_ImpressAenderZeile
                0x000081bf                stren_NamensucheZuKurz
                0x00009bf3                strde_AktionHinzufuegen
                0x00008f0d                stren_ITelexRufnummerZuKurz
                0x00009b47                strde_Adresse
                0x00007dfc                strde_TeilnehmerServerWiederErreichbar
                0x0000a011                stren_KomplettGeloescht
                0x0000a30f                stren_EmailKonfigEigeneAdresse
                0x00008045                strde_TeilnehmerGestoert
                0x00008133                stren_TWITimeout
                0x00007d10                strde_ZeitueberschreitungWiederaufnahme
                0x00009c95                strde_EhemalsLong
                0x00009b57                strde_Port
                0x0000849e                strde_KennwortFalsch
                0x00008ba3                stren_DatumDruckKein
                0x000080bf                strde_SonstigeMeldung
                0x00008167                stren_NamensucheTexteingabe
                0x000090e9                stren_TlnServSyncGeheimzahl
                0x00009f28                strde_EepromSpeicherErfolg
                0x0000a131                strde_NeuTeilnehmer
                0x0000a5c8                stren_MailFehlerNotConnected
                0x0000a1b7                strde_ServerAnmeldungFalscheGeheimzahl
                0x00008c30                stren_ImpressAenderTest
                0x00008b9f                strde_DatumDruckKein
                0x0000917f                stren_TwiTlnListeEintrag
                0x0000a657                strde_NtpServerHostname
                0x00008605                stren_AndereVerbindungBesteht
                0x000080d2                stren_SonstigeMeldung
                0x00007dbc                stren_KeinTeilnehmerServerErreichbar
                0x0000a0ff                strde_ZusatzEepromFehler
                0x0000848d                strde_KennwortFreigeben
                0x000080b9                stren_VerbindungGetrennt
                0x0000a68f                stren_Zeitzone
                0x00009d43                strde_LokaleSpracheGespeichert
                0x00007fbd                strde_TeilnehmerBesetzt
                0x00008bb1                stren_DatumDruckLokal
                0x00009165                strde_TwiTlnListeEintrag
                0x00008197                strde_NamensucheZuKurz
                0x0000920d                strde_GeaendertIn
                0x00009cf6                stren_TypUnbekannt
                0x00007e4c                strde_KeineVerbindungZumMailServerAusgang
                0x0000921f                stren_GeaendertIn
                0x000082d4                strde_Datum
                0x00008b2a                strde_LangeDienstmeldungen
                0x0000a590                stren_MailFehlerIPNichtErmittelbar
                0x00009cc8                strde_IPZusatz
                0x00008247                stren_NamensucheNurLokal
                0x000091f0                strde_Unveraendert
                0x00009b5c                stren_Port
                0x00009b36                stren_Rufnummer
                0x0000885b                stren_ASBB_NurHauptstelle
                0x00009a9e                stren_TeilnehmerverzeichnisAktionenLeerOffen
                0x00007ffc                stren_TeilnehmerNichtErreichbar
                0x00009cb9                stren_HostnameZusatz
                0x0000a2e6                stren_EmailKonfigSmtpServer
                0x000082da                stren_Datum
                0x00009d0f                strde_KeineAenderung
                0x00009099                stren_RufnrServerAdr
                0x00009bee                stren_AktionAendern
                0x00009ba8                strde_TypGeloescht
                0x0000a62b                strde_NtpOn
                0x00009c9f                stren_EhemalsLong
                0x0000a514                strde_SMTPFehlerAnfang
                0x000085cc                strde_AndereVerbindungBesteht
                0x0000888c                stren_ASBB_AuchDurchwahl
                0x0000901b                stren_VerbindungstestPeriode
                0x00009d8a                strde_RufnummerDoppelt
                0x00007fe0                strde_TeilnehmerNichtErreichbar
                0x0000905f                stren_OeffentlichePortNr
                0x0000883d                strde_ASBB_Niemals
                0x00009bdc                stren_TypEMail
                0x00008c16                stren_ImpressAenderZeile
                0x00008847                strde_ASBB_NurHauptstelle
                0x00008581                stren_Druckspiegel
                0x00008cb5                strde_InternesKennwortFehlt
                0x00009b6b                stren_Durchwahl
                0x00008da9                strde_GesperrtBestaetigung
                0x000086b4                stren_HtmlTextEingabeAbsenden
                0x000085b0                stren_TexteingabeStartetFernschreiber
                0x0000a166                strde_TeilnehmerlisteVoll
                0x00008513                strde_FalschesKonfigKennwortEingegeben
                0x00007f5e                stren_ServerAusWegenFehlenderUhrzeit
                0x00008f76                stren_RufnrServerAnmeldGeheimzahl
                0x00008e9c                strde_ITelexRufnummer
                0x00008c25                strde_ImpressAenderTest
                0x00008938                stren_Druckzeilenlaenge
                0x00009ba2                stren_TlnverzAttrDyn
                0x00009b77                strde_TlnverzAttrLokal
                0x0000a2bf                stren_EmailKonfigPopServer
                0x0000a024                strde_UngueltigerCgiAufruf
                0x00009ffa                strde_KomplettGeloescht
                0x00009bce                stren_TypITelex
                0x00009d6a                stren_LokaleSpracheGespeichert
                0x0000a247                strde_EmailEingabeEmpfaenger
                0x0000a5a9                strde_MailFehlerNotConnected
                0x0000a2d2                strde_EmailKonfigSmtpServer
                0x00009202                stren_Unveraendert
                0x00008b82                stren_DatumDruckModus
                0x00008802                stren_AlternativSucheBeiBesetzt
                0x00009fbd                strde_EepromLadenErfolg
                0x00007c73                strde_AnrufAbgewiesenWegenBesetzt
                0x00008b5c                strde_DatumDruckModus
                0x000091e0                strde_Weiter
                0x0000a063                strde_ZurueckZumTeilnehmerverzeichnis
                0x00008ed1                strde_ITelexRufnummerZuKurz
                0x00008ba7                strde_DatumDruckLokal
                0x0000830c                strde_SelbstAnrufMehrfachVersagt
                0x0000a5fe                stren_SMTPFehlerDirekt
                0x00009e06                strde_EintragGespeichert
                0x0000a43b                strde_EmailKonfigFehler
                0x00008710                strde_FesteHauptstelle
                0x00009e2e                strde_EintragUnveraendert
                0x00009199                strde_TwiTlnListeEnde
                0x00007e1f                stren_TeilnehmerServerWiederErreichbar
                0x00008205                stren_NamensucheServerAbbruch
                0x0000a52a                stren_SMTPFehlerAnfang
                0x0000a340                stren_EmailKonfigKennwort
                0x0000a686                strde_Zeitzone
                0x000082c9                stren_DiagInterneIP
                0x00009f93                stren_EepromLadenFehler
                0x00008497                stren_KennwortFreigeben
                0x00009c74                stren_MeldungTlneintragRufnummer
                0x0000a218                strde_EmailEmpfangStartzeile
                0x000089d1                stren_ProtokollLevel
                0x00008449                strde_KennwortAbfrage
                0x0000899c                strde_ProtokollLevel
                0x000088e0                stren_DurchwahlenListe
                0x00008a41                strde_DiagnoseLevel
                0x0000a29a                stren_EmailEingabeText
                0x00009bc6                strde_TypITelex
                0x00008a1e                stren_ProtokollLevelTlnServer
                0x0000a28d                strde_EmailEingabeText
                0x000086bb                strde_HtmlTextEingabeAktualisieren
                0x00008bdc                strde_DatumDruckBeide
                0x0000836b                stren_SelbstAnrufMehrfachVersagt
                0x00007d46                stren_ZeitueberschreitungWiederaufnahme
                0x00009247                stren_EinstellungenUebernehmen
                0x0000929b                strde_UeberschriftOeffentlichesTeilnehmerverzeichnis
                0x000092f9                strde_VollstaendigesTeilnehmerverzeichnis
                0x0000a6b9                stren_AutoSommerzeit
                0x0000907b                strde_RufnrServerAdr
                0x00008404                strde_InternesVerzeichnisVoll
                0x00009cda                strde_TypUnbekannt
                0x0000a047                stren_UngueltigerCgiAufruf
                0x00009b93                strde_Typ
                0x00009cd1                stren_IPZusatz
                0x000088b7                strde_DurchwahlenListe
                0x0000a698                strde_AutoSommerzeit
                0x00009fdc                stren_EepromLadenErfolg
                0x00008bcd                stren_DatumDruckAnrufer
                0x00009dd5                stren_RufnummerDoppelt
                0x0000a259                stren_EmailEingabeEmpfaenger
                0x0000a1eb                stren_ServerAnmeldungFalscheGeheimzahl
                0x00008c39                strde_KonnteNichtGeaendertWerden
                0x000086a9                strde_HtmlTextEingabeAbsenden
                0x00009f68                strde_EepromLadenFehler
                0x00008623                strde_ModulDeaktiviert
                0x00009caa                strde_HostnameZusatz
                0x00007c9c                stren_AnrufAbgewiesenWegenBesetzt
                0x000084d4                strde_SeiteGesperrt
                0x00008059                stren_TeilnehmerGestoert
                0x0000a3d7                stren_EmailKonfigFilterNurTX
                0x0000a14d                stren_NeuTeilnehmer
                0x000082b0                stren_NamensucheListenende
                0x00008d35                stren_InternesKennwortFehlt
                0x00009279                stren_UeberschriftTeilnehmerverzeichnis
                0x00009c07                strde_Rufnummer0NichtErlaubt
                0x000095ea                stren_TeilnehmerverzeichnisHtmlKopf
                0x00008666                stren_ModulDeaktiviert
                0x000087a9                stren_FesteHauptstelleNummer
                0x00008c93                stren_KennwortGgfGeaendert
                0x00008429                stren_InternesVerzeichnisVoll
                0x00009b3d                strde_Name
                0x00009256                strde_UeberschriftTeilnehmerverzeichnis
                0x00007cc1                strde_MehrfacheSendeFehler
                0x00009b2c                strde_Rufnummer
                0x00009b61                strde_Durchwahl
                0x000083e8                stren_NummerNichtBekannt
                0x00009b97                stren_Typ
                0x00009d2e                stren_KeineAenderung
                0x00009c2d                stren_Rufnummer0NichtErlaubt
                0x0000a55f                stren_POPFehlerAnfang
                0x000099ed                strde_TeilnehmerverzeichnisAktionenLeerOffen
                0x00008090                stren_TeilnehmerAbgeschaltet
                0x000082bc                strde_DiagInterneIP
                0x00009bba                strde_TypAscii
                0x0000a391                stren_EmailKonfigAbfragetakt
                0x00008015                strde_TeilnehmerNichtErlaubt
                0x00008bee                stren_DatumDruckBeide
                0x0000806d                strde_TeilnehmerAbgeschaltet
                0x00009b9c                strde_TlnverzAttrDyn
                0x00008574                strde_Druckspiegel
                0x000083c9                strde_NummerNichtBekannt
                0x00007ce7                stren_MehrfacheSendeFehler
                0x00009bc0                stren_TypAscii
                0x000082df                strde_DiagnoseEinleitung
                0x00009e1e                stren_EintragGespeichert
                0x00009eff                stren_EepromSpeicherFehler
                0x00008229                strde_NamensucheNurLokal
                0x000092d0                stren_UeberschriftOeffentlichesTeilnehmerverzeichnis
                0x0000a195                stren_TeilnehmerlisteVoll
                0x000082f5                stren_DiagnoseEinleitung
 .progmem.data  0x0000a93e       0xb3 iTelex/ConfigNtp.o
                0x0000a94c                UtcZoneStr_P
                0x0000a93e                NtpOn_P
                0x0000a954                AutoDst_P
                0x0000a942                NtpServerStr_P
 .progmem.data  0x0000a9f1      0x71a iTelex/IspMaster.o
                0x0000a9fa                ProgID_P
                0x0000a9f1                BinServerPath_P
                0x0000aa01                ClickToContinue_P
 .progmem.data  0x0000b10b       0x40 iTelex/Gemeinsam/BaudotCode.o
                0x0000b12b                TtyCodeTabZi
                0x0000b10b                TtyCodeTabBu
                0x0000b14c                . = ALIGN (0x2)
 *fill*         0x0000b14b        0x1 00
                0x0000b14c                __trampolines_start = .
 *(.trampolines)
 .trampolines   0x0000b14c       0x70 linker stubs
 *(.trampolines*)
                0x0000b1bc                __trampolines_end = .
 *(.jumptables)
 *(.jumptables*)
 *(.lowtext)
 *(.lowtext*)
                0x0000b1bc                __ctors_start = .
 *(.ctors)
                0x0000b1bc                __ctors_end = .
                0x0000b1bc                __dtors_start = .
 *(.dtors)
                0x0000b1bc                __dtors_end = .
 SORT(*)(.ctors)
 SORT(*)(.dtors)
 *(.init0)
 .init0         0x0000b1bc        0x0 c:/winavr-20100110/bin/../lib/gcc/avr/4.3.3/../../../../avr/lib/avr6/crtm2561.o
                0x0000b1bc                __init
 *(.init0)
 *(.init1)
 .init1         0x0000b1bc       0x20 system/softreset/softreset.o
                0x0000b1bc                wdt_init
 *(.init1)
 *(.init2)
 .init2         0x0000b1dc       0x10 c:/winavr-20100110/bin/../lib/gcc/avr/4.3.3/../../../../avr/lib/avr6/crtm2561.o
 *(.init2)
 *(.init3)
 .init3         0x0000b1ec       0xd2 hardware/memory/xram.o
                0x0000b1ec                init_xram
 *(.init3)
 *(.init4)
 .init4         0x0000b2be       0x1a c:/winavr-20100110/bin/../lib/gcc/avr/4.3.3/../../../../avr/lib/avr6/crtm2561.o
                0x0000b2be                __do_copy_data
 .init4         0x0000b2d8       0x10 c:/winavr-20100110/bin/../lib/gcc/avr/4.3.3/avr6\libgcc.a(_clear_bss.o)
                0x0000b2d8                __do_clear_bss
 *(.init4)
 *(.init5)
 *(.init5)
 *(.init6)
 *(.init6)
 *(.init7)
 *(.init7)
 *(.init8)
 *(.init8)
 *(.init9)
 .init9         0x0000b2e8        0x6 c:/winavr-20100110/bin/../lib/gcc/avr/4.3.3/../../../../avr/lib/avr6/crtm2561.o
 *(.init9)
 *(.text)
 .text          0x0000b2ee        0x4 c:/winavr-20100110/bin/../lib/gcc/avr/4.3.3/../../../../avr/lib/avr6/crtm2561.o
                0x0000b2ee                __vector_22
                0x0000b2ee                __vector_28
                0x0000b2ee                __vector_32
                0x0000b2ee                __vector_34
                0x0000b2ee                __vector_24
                0x0000b2ee                __vector_46
                0x0000b2ee                __bad_interrupt
                0x0000b2ee                __vector_31
                0x0000b2ee                __vector_35
                0x0000b2ee                __vector_23
                0x0000b2ee                __vector_30
                0x0000b2ee                __vector_45
                0x0000b2ee                __vector_11
                0x0000b2ee                __vector_13
                0x0000b2ee                __vector_19
                0x0000b2ee                __vector_49
                0x0000b2ee                __vector_41
                0x0000b2ee                __vector_43
                0x0000b2ee                __vector_33
                0x0000b2ee                __vector_47
                0x0000b2ee                __vector_44
                0x0000b2ee                __vector_9
                0x0000b2ee                __vector_15
                0x0000b2ee                __vector_29
                0x0000b2ee                __vector_40
                0x0000b2ee                __vector_48
                0x0000b2ee                __vector_14
                0x0000b2ee                __vector_10
                0x0000b2ee                __vector_50
                0x0000b2ee                __vector_16
                0x0000b2ee                __vector_18
                0x0000b2ee                __vector_20
                0x0000b2ee                __vector_42
                0x0000b2f2                . = ALIGN (0x2)
 *(.text.*)
 .text.main     0x0000b2f2       0x36 main.o
                0x0000b2f2                main
 .text.EXTINT_init
                0x0000b328        0xa hardware/ext_int/ext_int.o
                0x0000b328                EXTINT_init
 .text.EXTINT_free
                0x0000b332       0x1e hardware/ext_int/ext_int.o
                0x0000b332                EXTINT_free
 .text.EXTINT_set
                0x0000b350       0x9a hardware/ext_int/ext_int.o
                0x0000b350                EXTINT_set
 .text.EXTINT_block
                0x0000b3ea       0x20 hardware/ext_int/ext_int.o
                0x0000b3ea                EXTINT_block
 .text.__vector_1
                0x0000b40a       0x56 hardware/ext_int/ext_int.o
                0x0000b40a                __vector_1
 .text.__vector_2
                0x0000b460       0x56 hardware/ext_int/ext_int.o
                0x0000b460                __vector_2
 .text.__vector_3
                0x0000b4b6       0x56 hardware/ext_int/ext_int.o
                0x0000b4b6                __vector_3
 .text.__vector_4
                0x0000b50c       0x56 hardware/ext_int/ext_int.o
                0x0000b50c                __vector_4
 .text.__vector_5
                0x0000b562       0x56 hardware/ext_int/ext_int.o
                0x0000b562                __vector_5
 .text.__vector_6
                0x0000b5b8       0x56 hardware/ext_int/ext_int.o
                0x0000b5b8                __vector_6
 .text.__vector_7
                0x0000b60e       0x56 hardware/ext_int/ext_int.o
                0x0000b60e                __vector_7
 .text.__vector_8
                0x0000b664       0x56 hardware/ext_int/ext_int.o
                0x0000b664                __vector_8
 .text.CLOCK_ReleaseCountdownTimer
                0x0000b6ba       0x18 system/clock/clock.o
                0x0000b6ba                CLOCK_ReleaseCountdownTimer
 .text.CLOCK_monthlen
                0x0000b6d2       0x1a system/clock/clock.o
                0x0000b6d2                CLOCK_monthlen
 .text.CLOCK_decode_time
                0x0000b6ec      0x2e8 system/clock/clock.o
                0x0000b6ec                CLOCK_decode_time
 .text.CLOCK_tick
                0x0000b9d4      0x190 system/clock/clock.o
                0x0000b9d4                CLOCK_tick
 .text.CLOCK_SetTime
                0x0000bb64       0x22 system/clock/clock.o
                0x0000bb64                CLOCK_SetTime
 .text.CLOCK_GetTime
                0x0000bb86       0x22 system/clock/clock.o
                0x0000bb86                CLOCK_GetTime
 .text.CLOCK_GetCountdownTimer
                0x0000bba8       0x34 system/clock/clock.o
                0x0000bba8                CLOCK_GetCountdownTimer
 .text.CLOCK_SetCountdownTimer
                0x0000bbdc       0x48 system/clock/clock.o
                0x0000bbdc                CLOCK_SetCountdownTimer
 .text.CLOCK_RegisterCountdowntimer
                0x0000bc24       0x44 system/clock/clock.o
                0x0000bc24                CLOCK_RegisterCountdowntimer
 .text.CLOCK_RegisterCallbackFunction
                0x0000bc68       0x7c system/clock/clock.o
                0x0000bc68                CLOCK_RegisterCallbackFunction
 .text.CLOCK_init
                0x0000bce4       0xa2 system/clock/clock.o
                0x0000bce4                CLOCK_init
 .text.timer1_init
                0x0000bd86       0x48 hardware/timer1/timer1.o
                0x0000bd86                timer1_init
 .text.timer1_stop
                0x0000bdce        0xc hardware/timer1/timer1.o
                0x0000bdce                timer1_stop
 .text.timer1_free
                0x0000bdda        0xc hardware/timer1/timer1.o
                0x0000bdda                timer1_free
 .text.__vector_17
                0x0000bde6       0x5a hardware/timer1/timer1.o
                0x0000bde6                __vector_17
 .text.timer1_RegisterCallbackFunction
                0x0000be40       0x26 hardware/timer1/timer1.o
                0x0000be40                timer1_RegisterCallbackFunction
 .text.timer1_wait
                0x0000be66       0x24 hardware/timer1/timer1.o
                0x0000be66                timer1_wait
 .text.timer1_getcounter
                0x0000be8a        0xc hardware/timer1/timer1.o
                0x0000be8a                timer1_getcounter
 .text.SPI_init
                0x0000be96       0x28 hardware/spi/spi_core.o
                0x0000be96                SPI_init
 .text.SPI_ReadWrite
                0x0000bebe       0x2c hardware/spi/spi_core.o
                0x0000bebe                SPI_ReadWrite
 .text.SPI_ReadBlock
                0x0000beea       0x2c hardware/spi/spi_core.o
                0x0000beea                SPI_ReadBlock
 .text.UART_init
                0x0000bf16       0x24 hardware/uart/uart_core.o
                0x0000bf16                UART_init
 .text.UART_SendByte
                0x0000bf3a       0x22 hardware/uart/uart_core.o
                0x0000bf3a                UART_SendByte
 .text.UART_GetByte
                0x0000bf5c       0x24 hardware/uart/uart_core.o
                0x0000bf5c                UART_GetByte
 .text.UART_GetBytesinRxBuffer
                0x0000bf80       0x24 hardware/uart/uart_core.o
                0x0000bf80                UART_GetBytesinRxBuffer
 .text.UART_GetBytesinTxBuffer
                0x0000bfa4       0x24 hardware/uart/uart_core.o
                0x0000bfa4                UART_GetBytesinTxBuffer
 .text.__vector_27
                0x0000bfc8       0x36 hardware/uart/mega/uart_0.o
                0x0000bfc8                __vector_27
 .text.__vector_26
                0x0000bffe       0x82 hardware/uart/mega/uart_0.o
                0x0000bffe                __vector_26
 .text.__vector_25
                0x0000c080       0x76 hardware/uart/mega/uart_0.o
                0x0000c080                __vector_25
 .text.__vector_38
                0x0000c0f6       0x36 hardware/uart/mega/uart_1.o
                0x0000c0f6                __vector_38
 .text.UART_1_GetBytesinRxBuffer
                0x0000c12c       0x18 hardware/uart/mega/uart_1.o
                0x0000c12c                UART_1_GetBytesinRxBuffer
 .text.UART_1_GetByte
                0x0000c144       0x2c hardware/uart/mega/uart_1.o
                0x0000c144                UART_1_GetByte
 .text.__vector_37
                0x0000c170       0x82 hardware/uart/mega/uart_1.o
                0x0000c170                __vector_37
 .text.UART_1_SendByte
                0x0000c1f2       0x96 hardware/uart/mega/uart_1.o
                0x0000c1f2                UART_1_SendByte
 .text.__vector_36
                0x0000c288       0x76 hardware/uart/mega/uart_1.o
                0x0000c288                __vector_36
 .text.UART_1_init
                0x0000c2fe       0x44 hardware/uart/mega/uart_1.o
                0x0000c2fe                UART_1_init
 .text.GPIO_setdirection
                0x0000c342      0x184 hardware/gpio/gpio_core.o
                0x0000c342                GPIO_setdirection
 .text.GPIO_setPin
                0x0000c4c6       0xb6 hardware/gpio/gpio_core.o
                0x0000c4c6                GPIO_setPin
 .text.GPIO_clearPin
                0x0000c57c       0xc2 hardware/gpio/gpio_core.o
                0x0000c57c                GPIO_clearPin
 .text.enc28j60WriteBuffer
                0x0000c63e       0x4a hardware/network/enc28j60.o
                0x0000c63e                enc28j60WriteBuffer
 .text.enc28j60WriteOp
                0x0000c688       0x32 hardware/network/enc28j60.o
                0x0000c688                enc28j60WriteOp
 .text.enc28j60SetBank
                0x0000c6ba       0x44 hardware/network/enc28j60.o
                0x0000c6ba                enc28j60SetBank
 .text.enc28j60Write
                0x0000c6fe       0x18 hardware/network/enc28j60.o
                0x0000c6fe                enc28j60Write
 .text.nicSetMacAddress
                0x0000c716       0x3c hardware/network/enc28j60.o
                0x0000c716                nicSetMacAddress
 .text.enc28j60ReadOp
                0x0000c752       0x3e hardware/network/enc28j60.o
                0x0000c752                enc28j60ReadOp
 .text.enc28j60Read
                0x0000c790       0x10 hardware/network/enc28j60.o
                0x0000c790                enc28j60Read
 .text.enc28j60PacketSend
                0x0000c7a0       0x6a hardware/network/enc28j60.o
                0x0000c7a0                enc28j60PacketSend
 .text.enc28j60GetRev
                0x0000c80a        0x8 hardware/network/enc28j60.o
                0x0000c80a                enc28j60GetRev
 .text.enc28j60PhyWrite
                0x0000c812       0x2e hardware/network/enc28j60.o
                0x0000c812                enc28j60PhyWrite
 .text.enc28j60Init
                0x0000c840       0xb4 hardware/network/enc28j60.o
                0x0000c840                enc28j60Init
 .text.enc28j60PhyRead
                0x0000c8f4       0x3a hardware/network/enc28j60.o
                0x0000c8f4                enc28j60PhyRead
 .text.enc28j60Linkcheck
                0x0000c92e       0x12 hardware/network/enc28j60.o
                0x0000c92e                enc28j60Linkcheck
 .text.enc28j60EnableFullDuplex
                0x0000c940       0x3c hardware/network/enc28j60.o
                0x0000c940                enc28j60EnableFullDuplex
 .text.enc28j60ReadBuffer
                0x0000c97c       0x40 hardware/network/enc28j60.o
                0x0000c97c                enc28j60ReadBuffer
 .text.enc28j60PacketReceive
                0x0000c9bc      0x126 hardware/network/enc28j60.o
                0x0000c9bc                enc28j60PacketReceive
 .text.MemTestValue
                0x0000cae2       0x30 hardware/memory/xram.o
 .text.LED_off  0x0000cb12       0x14 hardware/led/led_core.o
                0x0000cb12                LED_off
 .text.LED_on   0x0000cb26       0x14 hardware/led/led_core.o
                0x0000cb26                LED_on
 .text.LED_init
                0x0000cb3a       0x28 hardware/led/led_core.o
                0x0000cb3a                LED_init
 .text.SPI0_init
                0x0000cb62       0x18 hardware/spi/spi_0.o
                0x0000cb62                SPI0_init
 .text.SPI0_ReadWrite
                0x0000cb7a        0xc hardware/spi/spi_0.o
                0x0000cb7a                SPI0_ReadWrite
 .text.SPI0_FastMem2Write
                0x0000cb86       0x2c hardware/spi/spi_0.o
                0x0000cb86                SPI0_FastMem2Write
 .text.SPI0_FastRead2Mem
                0x0000cbb2       0x2e hardware/spi/spi_0.o
                0x0000cbb2                SPI0_FastRead2Mem
 .text.SPI1_init
                0x0000cbe0       0x1c hardware/spi/spi_1.o
                0x0000cbe0                SPI1_init
 .text.SPI1_ReadWrite
                0x0000cbfc       0x1c hardware/spi/spi_1.o
                0x0000cbfc                SPI1_ReadWrite
 .text.SPI1_FastMem2Write
                0x0000cc18       0x36 hardware/spi/spi_1.o
                0x0000cc18                SPI1_FastMem2Write
 .text.SPI1_FastRead2Mem
                0x0000cc4e       0x3e hardware/spi/spi_1.o
                0x0000cc4e                SPI1_FastRead2Mem
 .text.SPI2_init
                0x0000cc8c        0xc hardware/spi/spi_2.o
                0x0000cc8c                SPI2_init
 .text.SPI2_ReadWrite
                0x0000cc98       0x34 hardware/spi/spi_2.o
                0x0000cc98                SPI2_ReadWrite
 .text.SPI2_FastMem2Write
                0x0000cccc       0x42 hardware/spi/spi_2.o
                0x0000cccc                SPI2_FastMem2Write
 .text.SPI2_FastRead2Mem
                0x0000cd0e       0x38 hardware/spi/spi_2.o
                0x0000cd0e                SPI2_FastRead2Mem
 .text.timer0_init
                0x0000cd46       0x3a hardware/timer0/timer0.o
                0x0000cd46                timer0_init
 .text.__vector_21
                0x0000cd80       0x5a hardware/timer0/timer0.o
                0x0000cd80                __vector_21
 .text.timer0_RegisterCallbackFunction
                0x0000cdda       0x26 hardware/timer0/timer0.o
                0x0000cdda                timer0_RegisterCallbackFunction
 .text.sd_raw_send_command
                0x0000ce00       0x9c hardware/sd_raw/sd_raw.o
 .text.unselect_card
                0x0000ce9c       0x14 hardware/sd_raw/sd_raw.o
                0x0000ce9c                unselect_card
 .text.select_card
                0x0000ceb0       0x16 hardware/sd_raw/sd_raw.o
                0x0000ceb0                select_card
 .text.sd_raw_read
                0x0000cec6      0x104 hardware/sd_raw/sd_raw.o
                0x0000cec6                sd_raw_read
 .text.sd_raw_read_interval
                0x0000cfca       0x88 hardware/sd_raw/sd_raw.o
                0x0000cfca                sd_raw_read_interval
 .text.sd_raw_write
                0x0000d052      0x12e hardware/sd_raw/sd_raw.o
                0x0000d052                sd_raw_write
 .text.sd_raw_write_interval
                0x0000d180       0x88 hardware/sd_raw/sd_raw.o
                0x0000d180                sd_raw_write_interval
 .text.sd_raw_init
                0x0000d208      0x102 hardware/sd_raw/sd_raw.o
                0x0000d208                sd_raw_init
 .text.icmp     0x0000d30a       0xe8 system/net/icmp.o
                0x0000d30a                icmp
 .text.UDP_GetSocketState
                0x0000d3f2       0x36 system/net/udp.o
                0x0000d3f2                UDP_GetSocketState
 .text.UDP_GetByteInBuffer
                0x0000d428       0x34 system/net/udp.o
                0x0000d428                UDP_GetByteInBuffer
 .text.UDP_FreeBuffer
                0x0000d45c       0x40 system/net/udp.o
                0x0000d45c                UDP_FreeBuffer
 .text.UDP_CloseSocket
                0x0000d49c       0x98 system/net/udp.o
                0x0000d49c                UDP_CloseSocket
 .text.UDP_init
                0x0000d534       0x1a system/net/udp.o
                0x0000d534                UDP_init
 .text.UDP_Getfreesocket
                0x0000d54e       0x2a system/net/udp.o
                0x0000d54e                UDP_Getfreesocket
 .text.MakeUDPheader
                0x0000d578       0x8c system/net/udp.o
                0x0000d578                MakeUDPheader
 .text.UDP_GetSocket
                0x0000d604      0x120 system/net/udp.o
                0x0000d604                UDP_GetSocket
 .text.udp      0x0000d724      0x150 system/net/udp.o
                0x0000d724                udp
 .text.UDP_SendPacket
                0x0000d874       0xca system/net/udp.o
                0x0000d874                UDP_SendPacket
 .text.UDP_RegisterSocket
                0x0000d93e      0x18a system/net/udp.o
                0x0000d93e                UDP_RegisterSocket
 .text.LockTCP  0x0000dac8        0x6 system/net/tcp.o
                0x0000dac8                LockTCP
 .text.FreeTCP  0x0000dace        0x8 system/net/tcp.o
                0x0000dace                FreeTCP
 .text.Getfreesocket
                0x0000dad6       0x3a system/net/tcp.o
                0x0000dad6                Getfreesocket
 .text.RegisterTCPPort
                0x0000db10       0x34 system/net/tcp.o
                0x0000db10                RegisterTCPPort
 .text.CheckPortInList
                0x0000db44       0x32 system/net/tcp.o
                0x0000db44                CheckPortInList
 .text.CheckPortRequest
                0x0000db76       0x56 system/net/tcp.o
                0x0000db76                CheckPortRequest
 .text.CheckSocketState
                0x0000dbcc       0x26 system/net/tcp.o
                0x0000dbcc                CheckSocketState
 .text.FlushSocketData
                0x0000dbf2       0x32 system/net/tcp.o
                0x0000dbf2                FlushSocketData
 .text.GetBytesInSocketData
                0x0000dc24       0x32 system/net/tcp.o
                0x0000dc24                GetBytesInSocketData
 .text.TCP_pharseOptions
                0x0000dc56       0x90 system/net/tcp.o
                0x0000dc56                TCP_pharseOptions
 .text.CopyTCPdata2socketbuffer
                0x0000dce6       0x9c system/net/tcp.o
                0x0000dce6                CopyTCPdata2socketbuffer
 .text.GetSocket
                0x0000dd82       0xd6 system/net/tcp.o
                0x0000dd82                GetSocket
 .text.RegisterSocket
                0x0000de58      0x160 system/net/tcp.o
                0x0000de58                RegisterSocket
 .text.MakeTCPheader
                0x0000dfb8      0x292 system/net/tcp.o
                0x0000dfb8                MakeTCPheader
 .text.Connect2IP
                0x0000e24a      0x252 system/net/tcp.o
                0x0000e24a                Connect2IP
 .text.GetByteFromSocketData
                0x0000e49c       0x90 system/net/tcp.o
                0x0000e49c                GetByteFromSocketData
 .text.GetSocketData
                0x0000e52c      0x10c system/net/tcp.o
                0x0000e52c                GetSocketData
 .text.SendData_RPE
                0x0000e638      0x1dc system/net/tcp.o
                0x0000e638                SendData_RPE
 .text.CloseTCPSocket
                0x0000e814      0x166 system/net/tcp.o
                0x0000e814                CloseTCPSocket
 .text.PutSocketData_RPE
                0x0000e97a      0x11e system/net/tcp.o
                0x0000e97a                PutSocketData_RPE
 .text.TCPTimeOutHandler
                0x0000ea98       0xdc system/net/tcp.o
                0x0000ea98                TCPTimeOutHandler
 .text.tcp      0x0000eb74      0x7ac system/net/tcp.o
                0x0000eb74                tcp
 .text.tcp_init
                0x0000f320       0xd6 system/net/tcp.o
                0x0000f320                tcp_init
 .text.MakeETHheader
                0x0000f3f6       0x36 system/net/ethernet.o
                0x0000f3f6                MakeETHheader
 .text.FreeEthernet
                0x0000f42c       0x4e system/net/ethernet.o
                0x0000f42c                FreeEthernet
 .text.LockEthernet
                0x0000f47a       0x4e system/net/ethernet.o
                0x0000f47a                LockEthernet
 .text.sendEthernetframe
                0x0000f4c8       0x70 system/net/ethernet.o
                0x0000f4c8                sendEthernetframe
 .text.EthernetInit
                0x0000f538       0x5c system/net/ethernet.o
                0x0000f538                EthernetInit
 .text.ethernet
                0x0000f594       0xac system/net/ethernet.o
                0x0000f594                ethernet
 .text.ARP_Timeouthandler
                0x0000f640       0x1a system/net/arp.o
                0x0000f640                ARP_Timeouthandler
 .text.GetARPtableEntry
                0x0000f65a       0x86 system/net/arp.o
                0x0000f65a                GetARPtableEntry
 .text.mactostr
                0x0000f6e0       0x8c system/net/arp.o
                0x0000f6e0                mactostr
 .text.arp      0x0000f76c      0x11c system/net/arp.o
                0x0000f76c                arp
 .text.GetIP2MAC
                0x0000f888      0x224 system/net/arp.o
                0x0000f888                GetIP2MAC
 .text.ARP_INIT
                0x0000faac       0x1a system/net/arp.o
                0x0000faac                ARP_INIT
 .text.iptostr  0x0000fac6       0x62 system/net/ip.o
                0x0000fac6                iptostr
 .text.strtoip  0x0000fb28       0xa6 system/net/ip.o
                0x0000fb28                strtoip
 .text.MakeIPheader
                0x0000fbce       0xa6 system/net/ip.o
                0x0000fbce                MakeIPheader
 .text.ip       0x0000fc74       0x78 system/net/ip.o
                0x0000fc74                ip
 .text.DHCP_AddOption
                0x0000fcec      0x1c0 system/net/dhcpc.o
                0x0000fcec                DHCP_AddOption
 .text.DHCP_buildheader
                0x0000feac       0xce system/net/dhcpc.o
                0x0000feac                DHCP_buildheader
 .text.DHCP_ParseOption
                0x0000ff7a      0x114 system/net/dhcpc.o
                0x0000ff7a                DHCP_ParseOption
 .text.DHCP_SendRequest
                0x0001008e      0x17e system/net/dhcpc.o
                0x0001008e                DHCP_SendRequest
 .text.DHCP_SendDiscover
                0x0001020c      0x120 system/net/dhcpc.o
                0x0001020c                DHCP_SendDiscover
 .text.DHCP_GetConfig
                0x0001032c      0x11c system/net/dhcpc.o
                0x0001032c                DHCP_GetConfig
 .text.NTP_GetTime
                0x00010448      0x1e2 system/net/ntp.o
                0x00010448                NTP_GetTime
 .text.DNS_convertHostName
                0x0001062a       0x70 system/net/dns.o
                0x0001062a                DNS_convertHostName
 .text.DNS_ResolveName
                0x0001069a      0x17a system/net/dns.o
                0x0001069a                DNS_ResolveName
 .text.DNS_ResolveName_P
                0x00010814       0x28 system/net/dns.o
                0x00010814                DNS_ResolveName_P
 .text.network_init
                0x0001083c      0x4ec system/net/network.o
                0x0001083c                network_init
 .text.ChangeEndian16bit
                0x00010d28        0xc system/math/math.o
                0x00010d28                ChangeEndian16bit
 .text.Checksum_16
                0x00010d34       0x86 system/math/checksum.o
                0x00010d34                Checksum_16
 .text.STDOUT_INIT
                0x00010dba       0x38 system/stdout/stdout.o
                0x00010dba                STDOUT_INIT
 .text.STDOUT_Flush
                0x00010df2       0x3c system/stdout/stdout.o
                0x00010df2                STDOUT_Flush
 .text.STDOUT_set
                0x00010e2e       0x2e system/stdout/stdout.o
                0x00010e2e                STDOUT_set
 .text.STDOUT_restore
                0x00010e5c       0x1c system/stdout/stdout.o
                0x00010e5c                STDOUT_restore
 .text.STDOUT_save
                0x00010e78       0x1c system/stdout/stdout.o
                0x00010e78                STDOUT_save
 .text.STDOUT_Get_Byte
                0x00010e94       0x5a system/stdout/stdout.o
                0x00010e94                STDOUT_Get_Byte
 .text.STDOUT_Send_Byte
                0x00010eee       0x5a system/stdout/stdout.o
                0x00010eee                STDOUT_Send_Byte
 .text.setprotectConfig
                0x00010f48        0xa system/config/eeconfig.o
                0x00010f48                setprotectConfig
 .text.getConfigsizeUsed
                0x00010f52       0x52 system/config/eeconfig.o
                0x00010f52                getConfigsizeUsed
 .text.checkConfigName
                0x00010fa4       0xd0 system/config/eeconfig.o
                0x00010fa4                checkConfigName
 .text.checkConfigName_P
                0x00011074       0x50 system/config/eeconfig.o
                0x00011074                checkConfigName_P
 .text.deleteConfig
                0x000110c4       0xda system/config/eeconfig.o
                0x000110c4                deleteConfig
 .text.deleteConfig_P
                0x0001119e       0x50 system/config/eeconfig.o
                0x0001119e                deleteConfig_P
 .text.writeConfig
                0x000111ee       0xe4 system/config/eeconfig.o
                0x000111ee                writeConfig
 .text.changeConfig
                0x000112d2       0x2c system/config/eeconfig.o
                0x000112d2                changeConfig
 .text.changeConfig_P
                0x000112fe       0x54 system/config/eeconfig.o
                0x000112fe                changeConfig_P
 .text.readConfig
                0x00011352       0xe0 system/config/eeconfig.o
                0x00011352                readConfig
 .text.readConfig_P
                0x00011432       0x54 system/config/eeconfig.o
                0x00011432                readConfig_P
 .text.makeConfig
                0x00011486       0x5a system/config/eeconfig.o
                0x00011486                makeConfig
 .text.PrintConfig
                0x000114e0      0x130 system/config/eeconfig.o
                0x000114e0                PrintConfig
 .text.findConfig
                0x00011610       0xc2 system/config/eeconfig.o
                0x00011610                findConfig
 .text.Config_Init
                0x000116d2        0xe system/config/eeconfig.o
                0x000116d2                Config_Init
 .text.softreset
                0x000116e0       0x5a system/softreset/softreset.o
                0x000116e0                softreset
 .text.INIT_FIFO
                0x0001173a       0x22 system/buffer/fifo.o
                0x0001173a                INIT_FIFO
 .text.Get_FIFO
                0x0001175c       0x58 system/buffer/fifo.o
                0x0001175c                Get_FIFO
 .text.Get_Bytes_in_FIFO
                0x000117b4       0x32 system/buffer/fifo.o
                0x000117b4                Get_Bytes_in_FIFO
 .text.Put_Byte_in_FIFO
                0x000117e6       0xaa system/buffer/fifo.o
                0x000117e6                Put_Byte_in_FIFO
 .text.Get_Byte_from_FIFO
                0x00011890       0x92 system/buffer/fifo.o
                0x00011890                Get_Byte_from_FIFO
 .text.Flush_FIFO
                0x00011922       0x3e system/buffer/fifo.o
                0x00011922                Flush_FIFO
 .text.Get_FIFOrestsize
                0x00011960       0x34 system/buffer/fifo.o
                0x00011960                Get_FIFOrestsize
 .text.Get_Block_from_FIFO
                0x00011994       0xfe system/buffer/fifo.o
                0x00011994                Get_Block_from_FIFO
 .text.Put_Block_in_FIFO
                0x00011a92      0x102 system/buffer/fifo.o
                0x00011a92                Put_Block_in_FIFO
 .text.init     0x00011b94      0x216 system/init.o
                0x00011b94                init
 .text.base64_encode
                0x00011daa       0xec system/base64/base64.o
                0x00011daa                base64_encode
 .text.DYNDNS_pharseHTTPheader
                0x00011e96      0x164 system/net/dyndns.o
                0x00011e96                DYNDNS_pharseHTTPheader
 .text.DYNDNS_getPublicIP
                0x00011ffa      0x15a system/net/dyndns.o
                0x00011ffa                DYNDNS_getPublicIP
 .text.DYNDNS_updateIP
                0x00012154      0x162 system/net/dyndns.o
                0x00012154                DYNDNS_updateIP
 .text.THREAD_init
                0x000122b6       0x20 system/thread/thread.o
                0x000122b6                THREAD_init
 .text.THREAD_RegisterThread
                0x000122d6       0x56 system/thread/thread.o
                0x000122d6                THREAD_RegisterThread
 .text.THREAD_mainloop
                0x0001232c       0x54 system/thread/thread.o
                0x0001232c                THREAD_mainloop
 .text.atoh     0x00012380       0x24 system/string/string.o
                0x00012380                atoh
 .text.strtobin
                0x000123a4       0x8a system/string/string.o
                0x000123a4                strtobin
 .text.htons    0x0001242e        0xc system/net/endian.o
                0x0001242e                htons
 .text.htonl    0x0001243a       0x16 system/net/endian.o
                0x0001243a                htonl
 .text.fat_get_next_cluster
                0x00012450       0x80 system/filesystem/fat.o
 .text.fat_free_clusters
                0x000124d0       0xb4 system/filesystem/fat.o
 .text.fat_append_clusters
                0x00012584      0x142 system/filesystem/fat.o
 .text.fat_clear_cluster_callback
                0x000126c6        0x6 system/filesystem/fat.o
 .text.fat_cluster_offset
                0x000126cc       0x4c system/filesystem/fat.o
 .text.fat_read_file
                0x00012718      0x1d8 system/filesystem/fat.o
                0x00012718                fat_read_file
 .text.fat_reset_dir
                0x000128f0       0x1a system/filesystem/fat.o
                0x000128f0                fat_reset_dir
 .text.fat_dir_entry_read_callback
                0x0001290a      0x1ae system/filesystem/fat.o
 .text.fat_delete_file
                0x00012ab8       0xc2 system/filesystem/fat.o
                0x00012ab8                fat_delete_file
 .text.fat_get_fs_free
                0x00012b7a       0xe4 system/filesystem/fat.o
                0x00012b7a                fat_get_fs_free
 .text.fat_get_fs_free_16_callback
                0x00012c5e       0x32 system/filesystem/fat.o
 .text.fat_clear_cluster
                0x00012c90       0x62 system/filesystem/fat.o
 .text.fat_read_dir
                0x00012cf2      0x138 system/filesystem/fat.o
                0x00012cf2                fat_read_dir
 .text.fat_find_offset_for_dir_entry
                0x00012e2a      0x17e system/filesystem/fat.o
 .text.fat_write_dir_entry
                0x00012fa8      0x2fa system/filesystem/fat.o
 .text.fat_create_file
                0x000132a2       0xa6 system/filesystem/fat.o
                0x000132a2                fat_create_file
 .text.fat_resize_file
                0x00013348      0x1d6 system/filesystem/fat.o
                0x00013348                fat_resize_file
 .text.fat_seek_file
                0x0001351e       0xaa system/filesystem/fat.o
                0x0001351e                fat_seek_file
 .text.fat_write_file
                0x000135c8      0x246 system/filesystem/fat.o
                0x000135c8                fat_write_file
 .text.fat_close_dir
                0x0001380e        0xa system/filesystem/fat.o
                0x0001380e                fat_close_dir
 .text.fat_close_file
                0x00013818        0xa system/filesystem/fat.o
                0x00013818                fat_close_file
 .text.fat_open_dir
                0x00013822       0x62 system/filesystem/fat.o
                0x00013822                fat_open_dir
 .text.fat_open_file
                0x00013884       0x66 system/filesystem/fat.o
                0x00013884                fat_open_file
 .text.fat_open
                0x000138ea      0x2e2 system/filesystem/fat.o
                0x000138ea                fat_open
 .text.fat_get_dir_entry_of_path
                0x00013bcc       0xfa system/filesystem/fat.o
                0x00013bcc                fat_get_dir_entry_of_path
 .text.partition_open
                0x00013cc6      0x1ac system/filesystem/partition.o
                0x00013cc6                partition_open
 .text.FILE_init
                0x00013e72       0x98 system/filesystem/filesystem.o
                0x00013e72                FILE_init
 .text.SHELL_init
                0x00013f0a       0x20 system/shell/shell.o
                0x00013f0a                SHELL_init
 .text.SHELL_RegisterCMD
                0x00013f2a       0x56 system/shell/shell.o
                0x00013f2a                SHELL_RegisterCMD
 .text.SHELL_runcmd
                0x00013f80       0xce system/shell/shell.o
                0x00013f80                SHELL_runcmd
 .text.SHELL_pharse
                0x0001404e       0xb8 system/shell/shell.o
                0x0001404e                SHELL_pharse
 .text.SHELL_runcmdextern_P
                0x00014106       0x38 system/shell/shell.o
                0x00014106                SHELL_runcmdextern_P
 .text.SHELL_runcmdextern
                0x0001413e       0x26 system/shell/shell.o
                0x0001413e                SHELL_runcmdextern
 .text.httpd_thread
                0x00014164      0x1f8 apps/httpd/httpd2.o
                0x00014164                httpd_thread
 .text.httpd_init
                0x0001435c       0x58 apps/httpd/httpd2.o
                0x0001435c                httpd_init
 .text.PharseCheckName_P
                0x000143b4       0x52 apps/httpd/httpd2_pharse.o
                0x000143b4                PharseCheckName_P
 .text.PharseGetValue_P
                0x00014406       0x50 apps/httpd/httpd2_pharse.o
                0x00014406                PharseGetValue_P
 .text.DecodeRequestString
                0x00014456       0x6c apps/httpd/httpd2_pharse.o
                0x00014456                DecodeRequestString
 .text.PharseRequest
                0x000144c2      0x17e apps/httpd/httpd2_pharse.o
                0x000144c2                PharseRequest
 .text.cgi_init
                0x00014640       0x20 apps/httpd/cgibin/cgi-bin.o
                0x00014640                cgi_init
 .text.cgi_RegisterCGI
                0x00014660       0x56 apps/httpd/cgibin/cgi-bin.o
                0x00014660                cgi_RegisterCGI
 .text.cgi_PrintHttpheaderEnd
                0x000146b6       0x1a apps/httpd/cgibin/cgi-bin.o
                0x000146b6                cgi_PrintHttpheaderEnd
 .text.cgi_PrintHttpheaderStart
                0x000146d0       0x1a apps/httpd/cgibin/cgi-bin.o
                0x000146d0                cgi_PrintHttpheaderStart
 .text.check_cgibin
                0x000146ea       0x86 apps/httpd/cgibin/cgi-bin.o
                0x000146ea                check_cgibin
 .text.check_files
                0x00014770      0x4a8 apps/httpd/files.o
                0x00014770                check_files
 .text.telnet_thread
                0x00014c18      0x1de apps/telnet/telnet.o
                0x00014c18                telnet_thread
 .text.telnet_init
                0x00014df6       0x38 apps/telnet/telnet.o
                0x00014df6                telnet_init
 .text.CRON_checkhit
                0x00014e2e       0xb0 apps/cron/cron.o
                0x00014e2e                CRON_checkhit
 .text.CRON_getentry
                0x00014ede       0x5a apps/cron/cron.o
                0x00014ede                CRON_getentry
 .text.CRON_findentry
                0x00014f38       0x88 apps/cron/cron.o
                0x00014f38                CRON_findentry
 .text.CRON_delentry
                0x00014fc0       0x5a apps/cron/cron.o
                0x00014fc0                CRON_delentry
 .text.CRON_getfreeentry
                0x0001501a       0xfc apps/cron/cron.o
                0x0001501a                CRON_getfreeentry
 .text.CRON_addentry
                0x00015116       0x6a apps/cron/cron.o
                0x00015116                CRON_addentry
 .text.CRON_exec
                0x00015180       0x98 apps/cron/cron.o
                0x00015180                CRON_exec
 .text.CRON_thread
                0x00015218       0x56 apps/cron/cron.o
                0x00015218                CRON_thread
 .text.CRON_init
                0x0001526e       0x50 apps/cron/cron.o
                0x0001526e                CRON_init
 .text.CRON_reloadcrontable
                0x000152be       0xd6 apps/cron/cron.o
                0x000152be                CRON_reloadcrontable
 .text.apps_init
                0x00015394        0xa apps/apps_init.o
                0x00015394                apps_init
 .text.modul_init
                0x0001539e       0x18 apps/modul_init.o
                0x0001539e                modul_init
 .text.cgi_foo  0x000153b6        0x2 apps/modules/cmd_foo.o
                0x000153b6                cgi_foo
 .text.init_cmd_foo
                0x000153b8        0xa apps/modules/cmd_foo.o
                0x000153b8                init_cmd_foo
 .text.cmd_arp  0x000153c2       0xd4 apps/modules/cmd_arp.o
                0x000153c2                cmd_arp
 .text.init_cmd_arp
                0x00015496        0xc apps/modules/cmd_arp.o
                0x00015496                init_cmd_arp
 .text.cgi_stats
                0x000154a2       0xf2 apps/modules/cmd_stats.o
                0x000154a2                cgi_stats
 .text.cmd_stats
                0x00015594      0x1a4 apps/modules/cmd_stats.o
                0x00015594                cmd_stats
 .text.init_cmd_stats
                0x00015738       0x18 apps/modules/cmd_stats.o
                0x00015738                init_cmd_stats
 .text.cgi_reset
                0x00015750       0xd0 apps/modules/cmd_reset.o
                0x00015750                cgi_reset
 .text.cmd_reset
                0x00015820        0xa apps/modules/cmd_reset.o
                0x00015820                cmd_reset
 .text.init_cmd_reset
                0x0001582a       0x18 apps/modules/cmd_reset.o
                0x0001582a                init_cmd_reset
 .text.cmd_dns  0x00015842       0x90 apps/modules/cmd_dns.o
                0x00015842                cmd_dns
 .text.init_cmd_dns
                0x000158d2        0xc apps/modules/cmd_dns.o
                0x000158d2                init_cmd_dns
 .text.cmd_ifconfig
                0x000158de      0x168 apps/modules/cmd_ifconfig.o
                0x000158de                cmd_ifconfig
 .text.cgi_network
                0x00015a46      0x3ba apps/modules/cmd_ifconfig.o
                0x00015a46                cgi_network
 .text.init_cmd_ifconfig
                0x00015e00       0x18 apps/modules/cmd_ifconfig.o
                0x00015e00                init_cmd_ifconfig
 .text.cmd_ntp  0x00015e18      0x158 apps/modules/cmd_ntp.o
                0x00015e18                cmd_ntp
 .text.init_cmd_ntp
                0x00015f70        0xc apps/modules/cmd_ntp.o
                0x00015f70                init_cmd_ntp
 .text.cgi_dyndns
                0x00015f7c      0x208 apps/modules/cmd_dyndns.o
                0x00015f7c                cgi_dyndns
 .text.cmd_dyndns
                0x00016184      0x112 apps/modules/cmd_dyndns.o
                0x00016184                cmd_dyndns
 .text.init_cmd_dyndns
                0x00016296       0x18 apps/modules/cmd_dyndns.o
                0x00016296                init_cmd_dyndns
 .text.cgi_cron
                0x000162ae      0x29c apps/modules/cmd_cron.o
                0x000162ae                cgi_cron
 .text.init_cmd_cron
                0x0001654a        0xc apps/modules/cmd_cron.o
                0x0001654a                init_cmd_cron
 .text.cgi_eemem
                0x00016556       0x46 apps/modules/cmd_eemem.o
                0x00016556                cgi_eemem
 .text.cmd_eemem
                0x0001659c      0x14c apps/modules/cmd_eemem.o
                0x0001659c                cmd_eemem
 .text.init_cmd_eemem
                0x000166e8       0x18 apps/modules/cmd_eemem.o
                0x000166e8                init_cmd_eemem
 .text.ZeitUeberwachungInit
                0x00016700       0x1e iTelex/iTelex.o
                0x00016700                ZeitUeberwachungInit
 .text.ZeitUeberwachungStart
                0x0001671e       0x1a iTelex/iTelex.o
                0x0001671e                ZeitUeberwachungStart
 .text.ZeitUeberwachungEnde
                0x00016738       0x72 iTelex/iTelex.o
                0x00016738                ZeitUeberwachungEnde
 .text.Zufallswert
                0x000167aa       0xb2 iTelex/iTelex.o
                0x000167aa                Zufallswert
 .text.SeriellUmsetzInit
                0x0001685c       0x1a iTelex/iTelex.o
 .text.ModusTwiVerbunden
                0x00016876       0x4c iTelex/iTelex.o
 .text.SocketBufInit
                0x000168c2       0x28 iTelex/iTelex.o
                0x000168c2                SocketBufInit
 .text.TeilnehmerServerVerfuegbar
                0x000168ea       0x98 iTelex/iTelex.o
                0x000168ea                TeilnehmerServerVerfuegbar
 .text.UseEEConfig
                0x00016982       0x22 iTelex/iTelex.o
                0x00016982                UseEEConfig
 .text.get_datetime
                0x000169a4       0x4c iTelex/iTelex.o
                0x000169a4                get_datetime
 .text.CheckTCPServerConnect
                0x000169f0      0x128 iTelex/iTelex.o
                0x000169f0                CheckTCPServerConnect
 .text.IntelHexWriteLine
                0x00016b18       0xdc iTelex/iTelex.o
 .text.RamHexdump
                0x00016bf4       0x7a iTelex/iTelex.o
 .text.ExternDurchwahlPruefen
                0x00016c6e       0xe4 iTelex/iTelex.o
 .text.DurchwahlTabelleDekodieren
                0x00016d52       0xac iTelex/iTelex.o
 .text.itelex_init1
                0x00016dfe      0x7a4 iTelex/iTelex.o
                0x00016dfe                itelex_init1
 .text.__vector_12
                0x000175a2       0xe0 iTelex/iTelex.o
                0x000175a2                __vector_12
 .text.SpeichereSpracheAlsLokal
                0x00017682       0x5e iTelex/iTelex.o
                0x00017682                SpeichereSpracheAlsLokal
 .text.AdresseZuWahlStr
                0x000176e0       0x58 iTelex/iTelex.o
                0x000176e0                AdresseZuWahlStr
 .text.ProtokollierenITelex_P
                0x00017738       0x26 iTelex/iTelex.o
 .text.TeilnehmerServerErfolgSpeichern
                0x0001775e       0x60 iTelex/iTelex.o
                0x0001775e                TeilnehmerServerErfolgSpeichern
 .text.TeilnehmerServerFehlerSpeichern
                0x000177be       0x74 iTelex/iTelex.o
                0x000177be                TeilnehmerServerFehlerSpeichern
 .text.AnwahlNummerInAsciiPuffer
                0x00017832       0xa2 iTelex/iTelex.o
 .text.ZeichenInHtmlSendeText
                0x000178d4       0x3c iTelex/iTelex.o
 .text.CreditsLineID
                0x00017910       0x3c iTelex/iTelex.o
 .text.PruefeSprache
                0x0001794c      0x12c iTelex/iTelex.o
                0x0001794c                PruefeSprache
 .text.itelex_cgi_TwiTlnListe
                0x00017a78      0x10c iTelex/iTelex.o
                0x00017a78                itelex_cgi_TwiTlnListe
 .text.itelex_cgi_config_sperren
                0x00017b84       0x40 iTelex/iTelex.o
                0x00017b84                itelex_cgi_config_sperren
 .text.itelex_cgi_msg_Out
                0x00017bc4      0x18e iTelex/iTelex.o
                0x00017bc4                itelex_cgi_msg_Out
 .text.SendeBusKdoSchluss
                0x00017d52       0x6a iTelex/iTelex.o
 .text.itelex_cgi_debug
                0x00017dbc      0xc42 iTelex/iTelex.o
                0x00017dbc                itelex_cgi_debug
 .text.SendeStopkommando
                0x000189fe       0x78 iTelex/iTelex.o
 .text.KommendInternAnwaehlen
                0x00018a76       0xc2 iTelex/iTelex.o
 .text.ExterneVerbindungBeenden
                0x00018b38       0x74 iTelex/iTelex.o
 .text.SchreibeZeichenInSendePuffer
                0x00018bac       0x54 iTelex/iTelex.o
 .text.AsciiDruckPufferVerarbeiten
                0x00018c00      0x2cc iTelex/iTelex.o
                0x00018c00                AsciiDruckPufferVerarbeiten
 .text.itelex_timerEvent
                0x00018ecc      0x6b0 iTelex/iTelex.o
                0x00018ecc                itelex_timerEvent
 .text.ModusWechsel
                0x0001957c      0x5e2 iTelex/iTelex.o
                0x0001957c                ModusWechsel
 .text.itelex_init2
                0x00019b5e      0x212 iTelex/iTelex.o
                0x00019b5e                itelex_init2
 .text.InterneVerbindungBeenden
                0x00019d70      0x116 iTelex/iTelex.o
                0x00019d70                InterneVerbindungBeenden
 .text.Diagnoseausgabe_P
                0x00019e86       0xe6 iTelex/iTelex.o
                0x00019e86                Diagnoseausgabe_P
 .text.KonfigFreigabe
                0x00019f6c      0x246 iTelex/iTelex.o
                0x00019f6c                KonfigFreigabe
 .text.cgi_MemDump
                0x0001a1b2       0x52 iTelex/iTelex.o
                0x0001a1b2                cgi_MemDump
 .text.cgi_SdDirectory
                0x0001a204      0x36e iTelex/iTelex.o
                0x0001a204                cgi_SdDirectory
 .text.itelex_cgi_config_extern
                0x0001a572      0x462 iTelex/iTelex.o
                0x0001a572                itelex_cgi_config_extern
 .text.itelex_cgi_config_intern
                0x0001a9d4      0xa14 iTelex/iTelex.o
                0x0001a9d4                itelex_cgi_config_intern
 .text.itelex_cgi_credits
                0x0001b3e8      0x246 iTelex/iTelex.o
                0x0001b3e8                itelex_cgi_credits
 .text.PruefeSpracheUndKonfigFreigabe
                0x0001b62e       0x20 iTelex/iTelex.o
                0x0001b62e                PruefeSpracheUndKonfigFreigabe
 .text.WahlAbbruchMeldung
                0x0001b64e      0x192 iTelex/iTelex.o
 .text.ITelexOderAsciiEmpfangVerarbeiten
                0x0001b7e0      0x7f6 iTelex/iTelex.o
 .text.SonstigeAnwahl
                0x0001bfd6       0x74 iTelex/iTelex.o
                0x0001bfd6                SonstigeAnwahl
 .text.itelex_cgi_msg_In
                0x0001c04a      0x256 iTelex/iTelex.o
                0x0001c04a                itelex_cgi_msg_In
 .text.Verbindungsaufbau
                0x0001c2a0      0x3ae iTelex/iTelex.o
                0x0001c2a0                Verbindungsaufbau
 .text.TeilnehmerServerSocketOeffnen1
                0x0001c64e      0x19e iTelex/iTelex.o
                0x0001c64e                TeilnehmerServerSocketOeffnen1
 .text.TeilnehmerServerSocketOeffnen
                0x0001c7ec       0x76 iTelex/iTelex.o
                0x0001c7ec                TeilnehmerServerSocketOeffnen
 .text.RufnummerBeiTlnServerAbfragen
                0x0001c862       0x72 iTelex/iTelex.o
 .text.itelex_thread
                0x0001c8d4     0x2f1c iTelex/iTelex.o
                0x0001c8d4                itelex_thread
 .text.TlnMemSuche
                0x0001f7f0       0x3c iTelex/TlnBuch.o
                0x0001f7f0                TlnMemSuche
 .text.EintragVergleichNummer
                0x0001f82c       0xba iTelex/TlnBuch.o
 .text.PruefsummeBerechnungSchritt
                0x0001f8e6       0xb4 iTelex/TlnBuch.o
 .text.TlnBuchPruefsummeBerechnenSchritt
                0x0001f99a       0x72 iTelex/TlnBuch.o
                0x0001f99a                TlnBuchPruefsummeBerechnenSchritt
 .text.EintragVergleichDatum
                0x0001fa0c       0x6c iTelex/TlnBuch.o
 .text.TlnEintragGroesse
                0x0001fa78       0x76 iTelex/TlnBuch.o
 .text.TlnBuchSortieren
                0x0001faee       0xe0 iTelex/TlnBuch.o
 .text.EintragVergleichName
                0x0001fbce        0xa iTelex/TlnBuch.o
 .text.ExternEepromOeffnen
                0x0001fbd8       0x66 iTelex/TlnBuch.o
 .text.TlnBuchLadeVonExternEeprom
                0x0001fc3e      0x19c iTelex/TlnBuch.o
                0x0001fc3e                TlnBuchLadeVonExternEeprom
 .text.TlnBuchInit
                0x0001fdda       0xdc iTelex/TlnBuch.o
                0x0001fdda                TlnBuchInit
 .text.TlnSuchMusterPasst
                0x0001feb6       0x1e iTelex/TlnBuch.o
                0x0001feb6                TlnSuchMusterPasst
 .text.TlnListerStart
                0x0001fed4       0x30 iTelex/TlnBuch.o
                0x0001fed4                TlnListerStart
 .text.TlnEintragen
                0x0001ff04      0x560 iTelex/TlnBuch.o
 .text.TlnDatenInit
                0x00020464        0xc iTelex/TlnBuch.o
                0x00020464                TlnDatenInit
 .text.TlnLesen
                0x00020470      0x17e iTelex/TlnBuch.o
 .text.TlnBuchSpeichereAufExternEeprom
                0x000205ee      0x29e iTelex/TlnBuch.o
                0x000205ee                TlnBuchSpeichereAufExternEeprom
 .text.TlnListerNaechster
                0x0002088c       0x98 iTelex/TlnBuch.o
                0x0002088c                TlnListerNaechster
 .text.TlnHinzufuegen
                0x00020924      0x150 iTelex/TlnBuch.o
                0x00020924                TlnHinzufuegen
 .text.TlnSuche
                0x00020a74       0x46 iTelex/TlnBuch.o
                0x00020a74                TlnSuche
 .text.TlnBuchTabelleAusgabe
                0x00020aba      0x636 iTelex/TlnBuch.o
 .text.TlnBuch_Anzeige_CGI
                0x000210f0      0xf44 iTelex/TlnBuch.o
                0x000210f0                TlnBuch_Anzeige_CGI
 .text.CgiFormFinish_P
                0x00022034       0x40 iTelex/CgiFormTools.o
                0x00022034                CgiFormFinish_P
 .text.CgiFormDropdown_P
                0x00022074      0x108 iTelex/CgiFormTools.o
                0x00022074                CgiFormDropdown_P
 .text.CgiFormFieldIntro_P
                0x0002217c       0x56 iTelex/CgiFormTools.o
                0x0002217c                CgiFormFieldIntro_P
 .text.CgiFormCheckbox_P
                0x000221d2       0x56 iTelex/CgiFormTools.o
                0x000221d2                CgiFormCheckbox_P
 .text.CgiFormInputFieldText_P
                0x00022228       0x5e iTelex/CgiFormTools.o
                0x00022228                CgiFormInputFieldText_P
 .text.CgiFormInputFieldULong_P
                0x00022286       0x6c iTelex/CgiFormTools.o
                0x00022286                CgiFormInputFieldULong_P
 .text.CgiFormStartTabbed_P
                0x000222f2       0x40 iTelex/CgiFormTools.o
                0x000222f2                CgiFormStartTabbed_P
 .text.CgiCheckBool_P
                0x00022332      0x150 iTelex/CgiFormTools.o
                0x00022332                CgiCheckBool_P
 .text.CgiCheckULong_P
                0x00022482      0x1a0 iTelex/CgiFormTools.o
                0x00022482                CgiCheckULong_P
 .text.CgiCheckText_P
                0x00022622      0x13a iTelex/CgiFormTools.o
                0x00022622                CgiCheckText_P
 .text.ReadConfigBool
                0x0002275c       0x38 iTelex/CgiFormTools.o
                0x0002275c                ReadConfigBool
 .text.SwTwiForceStop
                0x00022794       0x9a iTelex/SwTwi.o
                0x00022794                SwTwiForceStop
 .text.SwTwiInit
                0x0002282e       0x26 iTelex/SwTwi.o
                0x0002282e                SwTwiInit
 .text.CheckLongTimer
                0x00022854       0x2c iTelex/SwTwi.o
 .text.ReadBit  0x00022880       0xf6 iTelex/SwTwi.o
 .text.SendBit  0x00022976       0xb2 iTelex/SwTwi.o
 .text.SwTwiReadByte
                0x00022a28       0x6e iTelex/SwTwi.o
                0x00022a28                SwTwiReadByte
 .text.SwTwiSendByte
                0x00022a96       0x68 iTelex/SwTwi.o
                0x00022a96                SwTwiSendByte
 .text.SwTwiStop
                0x00022afe       0x9a iTelex/SwTwi.o
                0x00022afe                SwTwiStop
 .text.SwTwiStart
                0x00022b98       0x7c iTelex/SwTwi.o
                0x00022b98                SwTwiStart
 .text.ProtokollRegelblockStart
                0x00022c14        0xa iTelex/Protokoll.o
                0x00022c14                ProtokollRegelblockStart
 .text.ProtokollRegelblockEnde
                0x00022c1e        0x6 iTelex/Protokoll.o
                0x00022c1e                ProtokollRegelblockEnde
 .text.ProtokollRegelblockAbbruch
                0x00022c24        0xa iTelex/Protokoll.o
                0x00022c24                ProtokollRegelblockAbbruch
 .text.ProtokollRegelblockLoeschen
                0x00022c2e       0x1e iTelex/Protokoll.o
                0x00022c2e                ProtokollRegelblockLoeschen
 .text.ProtokollInit
                0x00022c4c       0x46 iTelex/Protokoll.o
                0x00022c4c                ProtokollInit
 .text.ProtokollSpeichern
                0x00022c92      0x364 iTelex/Protokoll.o
                0x00022c92                ProtokollSpeichern
 .text.SpeichernBeiIdle
                0x00022ff6       0x14 iTelex/Protokoll.o
 .text.ProtokollRegelblockInit
                0x0002300a       0x10 iTelex/Protokoll.o
                0x0002300a                ProtokollRegelblockInit
 .text.ProtPraeparieren
                0x0002301a      0x122 iTelex/Protokoll.o
 .text.ProtokollierenMAC
                0x0002313c       0x34 iTelex/Protokoll.o
                0x0002313c                ProtokollierenMAC
 .text.ProtokollierenIPAdr
                0x00023170       0x40 iTelex/Protokoll.o
                0x00023170                ProtokollierenIPAdr
 .text.ProtokollierenInt_P
                0x000231b0       0x8c iTelex/Protokoll.o
                0x000231b0                ProtokollierenInt_P
 .text.Protokollieren_P
                0x0002323c       0x2e iTelex/Protokoll.o
                0x0002323c                Protokollieren_P
 .text.ProtokollierenC
                0x0002326a       0x2e iTelex/Protokoll.o
                0x0002326a                ProtokollierenC
 .text.ProtokollierenPuffer
                0x00023298       0xd8 iTelex/Protokoll.o
                0x00023298                ProtokollierenPuffer
 .text.Protokollieren
                0x00023370       0x2e iTelex/Protokoll.o
                0x00023370                Protokollieren
 .text.KanalInit
                0x0002339e       0x6e iTelex/TlnServer.o
 .text.KanalFertig
                0x0002340c       0x34 iTelex/TlnServer.o
 .text.TlnServTlnbuchEintragGeaendert
                0x00023440      0x110 iTelex/TlnServer.o
                0x00023440                TlnServTlnbuchEintragGeaendert
 .text.itelex_tlnserv_init
                0x00023550      0x1ec iTelex/TlnServer.o
                0x00023550                itelex_tlnserv_init
 .text.TlnServDebugPrint
                0x0002373c      0x494 iTelex/TlnServer.o
                0x0002373c                TlnServDebugPrint
 .text.ProtokollierenTlnSrv
                0x00023bd0       0x60 iTelex/TlnServer.o
 .text.ProtokollierenTlnServ_P
                0x00023c30       0x12 iTelex/TlnServer.o
 .text.ProtokollierenTlnServInt_P
                0x00023c42       0x2a iTelex/TlnServer.o
 .text.TlnDatensatzSyncSenden
                0x00023c6c      0x166 iTelex/TlnServer.o
 .text.SocketDatenSenden
                0x00023dd2      0x140 iTelex/TlnServer.o
 .text.FehlerRueckmelden
                0x00023f12       0x52 iTelex/TlnServer.o
 .text.itelex_tlnserv_thread