Archive member included because of file (symbol)

c:/winavr-20100110/bin/../lib/gcc/avr/4.3.3/avr6\libgcc.a(_mulsi3.o)
                              system/clock/clock.o (__mulsi3)
c:/winavr-20100110/bin/../lib/gcc/avr/4.3.3/avr6\libgcc.a(_udivmodqi4.o)
                              system/math/math.o (__udivmodqi4)
c:/winavr-20100110/bin/../lib/gcc/avr/4.3.3/avr6\libgcc.a(_udivmodhi4.o)
                              system/clock/clock.o (__udivmodhi4)
c:/winavr-20100110/bin/../lib/gcc/avr/4.3.3/avr6\libgcc.a(_divmodhi4.o)
                              system/net/tcp.o (__divmodhi4)
c:/winavr-20100110/bin/../lib/gcc/avr/4.3.3/avr6\libgcc.a(_udivmodsi4.o)
                              system/clock/clock.o (__udivmodsi4)
c:/winavr-20100110/bin/../lib/gcc/avr/4.3.3/avr6\libgcc.a(_divmodsi4.o)
                              system/nano_DB/nano_db.o (__divmodsi4)
c:/winavr-20100110/bin/../lib/gcc/avr/4.3.3/avr6\libgcc.a(_prologue.o)
                              system/clock/clock.o (__prologue_saves__)
c:/winavr-20100110/bin/../lib/gcc/avr/4.3.3/avr6\libgcc.a(_epilogue.o)
                              system/clock/clock.o (__epilogue_restores__)
c:/winavr-20100110/bin/../lib/gcc/avr/4.3.3/avr6\libgcc.a(_exit.o)
                              c:/winavr-20100110/bin/../lib/gcc/avr/4.3.3/../../../../avr/lib/avr6/crtm2561.o (exit)
c:/winavr-20100110/bin/../lib/gcc/avr/4.3.3/avr6\libgcc.a(_clear_bss.o)
                              hardware/ext_int/ext_int.o (__do_clear_bss)
c:/winavr-20100110/bin/../lib/gcc/avr/4.3.3/../../../../avr/lib/avr6\libc.a(malloc.o)
                              system/filesystem/fat.o (malloc)
c:/winavr-20100110/bin/../lib/gcc/avr/4.3.3/../../../../avr/lib/avr6\libc.a(atoi.o)
                              system/net/ip.o (atoi)
c:/winavr-20100110/bin/../lib/gcc/avr/4.3.3/../../../../avr/lib/avr6\libc.a(atol.o)
                              apps/modules/cmd_ntp.o (atol)
c:/winavr-20100110/bin/../lib/gcc/avr/4.3.3/../../../../avr/lib/avr6\libc.a(memcmp_P.o)
                              system/net/dyndns.o (memcmp_P)
c:/winavr-20100110/bin/../lib/gcc/avr/4.3.3/../../../../avr/lib/avr6\libc.a(memcpy_P.o)
                              system/config/eeconfig.o (memcpy_P)
c:/winavr-20100110/bin/../lib/gcc/avr/4.3.3/../../../../avr/lib/avr6\libc.a(strcat_P.o)
                              iTelex/iTelex.o (strcat_P)
c:/winavr-20100110/bin/../lib/gcc/avr/4.3.3/../../../../avr/lib/avr6\libc.a(strchr_P.o)
                              iTelex/iTelex.o (strchr_P)
c:/winavr-20100110/bin/../lib/gcc/avr/4.3.3/../../../../avr/lib/avr6\libc.a(strcmp_P.o)
                              system/net/network.o (strcmp_P)
c:/winavr-20100110/bin/../lib/gcc/avr/4.3.3/../../../../avr/lib/avr6\libc.a(strcpy_P.o)
                              system/net/dns.o (strcpy_P)
c:/winavr-20100110/bin/../lib/gcc/avr/4.3.3/../../../../avr/lib/avr6\libc.a(strlen_P.o)
                              system/config/eeconfig.o (strlen_P)
c:/winavr-20100110/bin/../lib/gcc/avr/4.3.3/../../../../avr/lib/avr6\libc.a(strncasecmp_P.o)
                              iTelex/eMail.o (strncasecmp_P)
c:/winavr-20100110/bin/../lib/gcc/avr/4.3.3/../../../../avr/lib/avr6\libc.a(strncat_P.o)
                              iTelex/iTelex.o (strncat_P)
c:/winavr-20100110/bin/../lib/gcc/avr/4.3.3/../../../../avr/lib/avr6\libc.a(strncmp_P.o)
                              iTelex/iTelex.o (strncmp_P)
c:/winavr-20100110/bin/../lib/gcc/avr/4.3.3/../../../../avr/lib/avr6\libc.a(strstr_P.o)
                              iTelex/eMail.o (strstr_P)
c:/winavr-20100110/bin/../lib/gcc/avr/4.3.3/../../../../avr/lib/avr6\libc.a(memcmp.o)
                              system/config/eeconfig.o (memcmp)
c:/winavr-20100110/bin/../lib/gcc/avr/4.3.3/../../../../avr/lib/avr6\libc.a(memcpy.o)
                              system/clock/clock.o (memcpy)
c:/winavr-20100110/bin/../lib/gcc/avr/4.3.3/../../../../avr/lib/avr6\libc.a(memmem_P.o)
                              iTelex/iTelex.o (memmem_P)
c:/winavr-20100110/bin/../lib/gcc/avr/4.3.3/../../../../avr/lib/avr6\libc.a(memmove.o)
                              iTelex/iTelex.o (memmove)
c:/winavr-20100110/bin/../lib/gcc/avr/4.3.3/../../../../avr/lib/avr6\libc.a(memset.o)
                              hardware/sd_raw/sd_raw.o (memset)
c:/winavr-20100110/bin/../lib/gcc/avr/4.3.3/../../../../avr/lib/avr6\libc.a(strcasecmp.o)
                              iTelex/TlnBuch.o (strcasecmp)
c:/winavr-20100110/bin/../lib/gcc/avr/4.3.3/../../../../avr/lib/avr6\libc.a(strcasestr.o)
                              iTelex/TlnBuch.o (strcasestr)
c:/winavr-20100110/bin/../lib/gcc/avr/4.3.3/../../../../avr/lib/avr6\libc.a(strcat.o)
                              iTelex/iTelex.o (strcat)
c:/winavr-20100110/bin/../lib/gcc/avr/4.3.3/../../../../avr/lib/avr6\libc.a(strchr.o)
                              system/filesystem/fat.o (strchr)
[...]
Memory Configuration

Name             Origin             Length             Attributes
text             0x00000000         0x00100000         xr
data             0x00800200         0x0000fe00         rw !x
eeprom           0x00810000         0x00010000         rw !x
fuse             0x00820000         0x00000400         rw !x
lock             0x00830000         0x00000400         rw !x
signature        0x00840000         0x00000400         rw !x
*default*        0x00000000         0xffffffff

Linker script and memory map

Address of section .data set to 0x800200
LOAD c:/winavr-20100110/bin/../lib/gcc/avr/4.3.3/../../../../avr/lib/avr6/crtm2561.o
LOAD main.o
LOAD hardware/ext_int/ext_int.o
LOAD system/clock/clock.o
LOAD hardware/timer1/timer1.o
LOAD hardware/spi/spi_core.o
LOAD hardware/keyboard/keyboard.o
LOAD hardware/uart/uart_core.o
LOAD hardware/uart/mega/uart_0.o
LOAD hardware/uart/mega/uart_1.o
LOAD hardware/uart/xmega/uart_c0.o
LOAD hardware/uart/xmega/uart_d0.o
LOAD hardware/uart/xmega/uart_e0.o
LOAD hardware/uart/xmega/uart_f0.o
LOAD hardware/uart/xmega/uart_c1.o
LOAD hardware/uart/xmega/uart_d1.o
LOAD hardware/uart/xmega/uart_e1.o
LOAD hardware/uart/xmega/uart_f1.o
LOAD hardware/adc/adc.o
LOAD hardware/gpio/gpio_core.o
LOAD hardware/gpio/gpio_out.o
LOAD hardware/gpio/gpio_in.o
LOAD hardware/network/enc28j60.o
LOAD hardware/1wire/1wire.o
LOAD hardware/1wire/DS16xxx.o
LOAD hardware/twi/twi.o
LOAD hardware/twi/ds1307.o
LOAD hardware/twi/lm75.o
LOAD hardware/twi/hh10d.o
LOAD hardware/pcint/pcint.o
LOAD hardware/memory/xram.o
LOAD hardware/led/led_core.o
LOAD hardware/spi/spi_0.o
LOAD hardware/spi/spi_1.o
LOAD hardware/spi/spi_2.o
LOAD hardware/spi/xmega_spi.o
LOAD hardware/dcf77/dcf77.o
LOAD hardware/vs10xx/vs10xx.o
LOAD hardware/rfm12/rfm12.o
LOAD hardware/timer0/timer0.o
LOAD hardware/sd_raw/sd_raw.o
LOAD hardware/cpu_freq/cpu_freq.o
LOAD hardware/lcd/hd44780.o
LOAD hardware/lcd/ks0073_twi.o
LOAD hardware/lcd/hd44780_twi.o
LOAD hardware/lcd/dogl128w6.o
LOAD hardware/led-tafel/led_tafel.o
LOAD hardware/led-tafel/led_tafel-par.o
LOAD hardware/lcd/lcd.o
LOAD system/net/icmp.o
LOAD system/net/udp.o
LOAD system/net/tcp.o
LOAD system/net/ethernet.o
LOAD system/net/arp.o
LOAD system/net/ip.o
LOAD system/net/dhcpc.o
LOAD system/net/ntp.o
LOAD system/net/dns.o
LOAD system/net/network.o
LOAD system/math/math.o
LOAD system/math/checksum.o
LOAD system/stdout/stdout.o
LOAD system/config/eeconfig.o
LOAD system/softreset/softreset.o
LOAD system/buffer/fifo.o
LOAD system/init.o
LOAD system/base64/base64.o
LOAD system/net/twitter.o
LOAD system/net/dyndns.o
LOAD system/thread/thread.o
LOAD system/string/string.o
LOAD system/sensor/temp.o
LOAD system/nano_DB/nano_db.o
LOAD system/net/endian.o
LOAD system/nano_DB/logger.o
LOAD system/nano_DB/highchart.o
LOAD system/filesystem/fat.o
LOAD system/filesystem/partition.o
LOAD system/filesystem/byteordering.o
LOAD system/filesystem/filesystem.o
LOAD system/shell/shell.o
LOAD system/math/crc8.o
LOAD apps/httpd/httpd2.o
LOAD apps/httpd/httpd2_pharse.o
LOAD apps/httpd/cgibin/cgi-bin.o
LOAD apps/httpd/files.o
LOAD apps/telnet/telnet.o
LOAD apps/cron/cron.o
LOAD apps/apps_init.o
LOAD apps/modul_init.o
LOAD apps/modules/lcd_info.o
LOAD apps/modules/cmd_foo.o
LOAD apps/modules/cmd_mon.o
LOAD apps/modules/cmd_arp.o
LOAD apps/modules/cmd_stats.o
LOAD apps/modules/cmd_reset.o
LOAD apps/modules/cmd_dns.o
LOAD apps/modules/cmd_adc.o
LOAD apps/modules/cmd_gpio.o
LOAD apps/modules/cmd_ifconfig.o
LOAD apps/modules/cmd_ntp.o
LOAD apps/modules/cmd_dyndns.o
LOAD apps/modules/cmd_temp.o
LOAD apps/modules/cmd_cron.o
LOAD apps/modules/cmd_twitter.o
LOAD apps/modules/cmd_eemem.o
LOAD apps/modules/cmd_twi.o
LOAD apps/modules/cmd_onewire.o
LOAD apps/modules/cmd_stream.o
LOAD apps/modules/cmd_tafel.o
LOAD apps/modules/impulse.o
LOAD apps/modules/hal.o
LOAD apps/modules/temp_json.o
LOAD apps/mp3-streamingclient/mp3-streaming.o
LOAD apps/mp3-streamingclient/mp3-clientserver.o
LOAD apps/can/can_eth_rep.o
LOAD iTelex/iTelex.o
LOAD iTelex/TlnBuch.o
LOAD iTelex/CgiFormTools.o
LOAD iTelex/SwTwi.o
LOAD iTelex/Protokoll.o
LOAD iTelex/TlnServer.o
LOAD iTelex/eMail.o
LOAD iTelex/StringTab.o
LOAD iTelex/ConfigNtp.o
LOAD iTelex/IspMaster.o
LOAD iTelex/Gemeinsam/BusKomm.o
LOAD iTelex/Gemeinsam/FifoPuffer.o
LOAD iTelex/Gemeinsam/BaudotCode.o
Address of section .data set to 0x802200
                0x0080ffff                __heap_end = 0x80ffff
LOAD c:/winavr-20100110/bin/../lib/gcc/avr/4.3.3/../../../../avr/lib/avr6\libm.a
LOAD c:/winavr-20100110/bin/../lib/gcc/avr/4.3.3/avr6\libgcc.a
LOAD c:/winavr-20100110/bin/../lib/gcc/avr/4.3.3/../../../../avr/lib/avr6\libc.a
LOAD c:/winavr-20100110/bin/../lib/gcc/avr/4.3.3/avr6\libgcc.a

.hash
 *(.hash)

.dynsym
 *(.dynsym)

.dynstr
 *(.dynstr)

.gnu.version
 *(.gnu.version)

.gnu.version_d
 *(.gnu.version_d)

.gnu.version_r
 *(.gnu.version_r)

.rel.init
 *(.rel.init)

.rela.init
 *(.rela.init)

.rel.text
 *(.rel.text)
 *(.rel.text.*)
 *(.rel.gnu.linkonce.t*)

.rela.text
 *(.rela.text)
 *(.rela.text.*)
 *(.rela.gnu.linkonce.t*)

.rel.fini
 *(.rel.fini)

.rela.fini
 *(.rela.fini)

.rel.rodata
 *(.rel.rodata)
 *(.rel.rodata.*)
 *(.rel.gnu.linkonce.r*)

.rela.rodata
 *(.rela.rodata)
 *(.rela.rodata.*)
 *(.rela.gnu.linkonce.r*)

.rel.data
 *(.rel.data)
 *(.rel.data.*)
 *(.rel.gnu.linkonce.d*)

.rela.data
 *(.rela.data)
 *(.rela.data.*)
 *(.rela.gnu.linkonce.d*)

.rel.ctors
 *(.rel.ctors)

.rela.ctors
 *(.rela.ctors)

.rel.dtors
 *(.rel.dtors)

.rela.dtors
 *(.rela.dtors)

.rel.got
 *(.rel.got)

.rela.got
 *(.rela.got)

.rel.bss
 *(.rel.bss)

.rela.bss
 *(.rela.bss)

.rel.plt
 *(.rel.plt)

.rela.plt
 *(.rela.plt)

.text           0x00000000    0x2d4ec
 *(.vectors)
 .vectors       0x00000000       0xcc c:/winavr-20100110/bin/../lib/gcc/avr/4.3.3/../../../../avr/lib/avr6/crtm2561.o
                0x00000000                __vectors
                0x00000000                __vector_default
 *(.vectors)
 *(.progmem.gcc*)
 *(.progmem*)
 .progmem.data  0x000000cc        0x4 hardware/led/led_core.o
                0x000000cc                LED_DATA
 .progmem.data  0x000000d0       0x1e system/net/arp.o
 .progmem.data  0x000000ee        0xc system/net/ip.o
 .progmem.data  0x000000fa       0x38 system/net/dhcpc.o
 .progmem.data  0x00000132       0xd1 system/net/ntp.o
 .progmem.data  0x00000203      0x21c system/net/network.o
                0x0000020b                DNS_P
                0x00000206                MASK_P
                0x00000203                IP_P
                0x0000020f                GATE_P
                0x00000214                DHCP_OKAY_P
                0x00000229                DHCP_FAIL_P
                0x00000246                DHCP_TRY_P
 .progmem.data  0x0000041f       0x65 system/config/eeconfig.o
 .progmem.data  0x00000484       0x6e system/init.o
                0x00000484                config_ok
                0x00000495                config_error
 .progmem.data  0x000004f2       0x91 system/base64/base64.o
                0x000004f2                map
                0x00000542                b64
 .progmem.data  0x00000583       0xb9 system/net/dyndns.o
                0x000005fe                DYNDNSHEADER_3
                0x00000583                DYNDNSFILE
                0x000005c1                DYNDNSHEADER_1
                0x0000059b                DYNDNSURL
                0x000005ae                DYNDNSCHECKIPURL
                0x000005c6                DYNDNSHEADER_2
 .progmem.data  0x0000063c       0x16 system/shell/shell.o
 .progmem.data  0x00000652       0x94 apps/httpd/httpd2.o
 .progmem.data  0x000006e6        0xb apps/httpd/httpd2_pharse.o
 .progmem.data  0x000006f1      0x110 apps/httpd/cgibin/cgi-bin.o
 .progmem.data  0x00000801     0x3479 apps/httpd/files.o
                0x000019a0                SystemMenuNlName
                0x000037b2                iTelexChatItText
                0x0000274b                iTelexMainMenuNlText
                0x000031d8                iTelexCfgMenuNlName
                0x000034a9                iTelexChatDeName
                0x000017e0                SystemMenuItName
                0x00003914                iTelexChatNlName
                0x00001eea                files8
                0x00003624                iTelexChatEnName
                0x0000080c                data1
                0x000009f1                data2
                0x00003a8a                RobotsTxtName
                0x000010fa                NetzwerkMenuEnText
                0x0000295c                iTelexCfgMenuDeName
                0x00000801                files1
                0x00001356                NetzwerkMenuNlText
                0x00000fc7                NetzwerkMenuDeText
                0x00000df6                data4
                0x00003927                iTelexChatNlText
                0x00001ef4                data8
                0x00001473                SystemMenuDeName
                0x0000162d                SystemMenuEnName
                0x000020c9                iTelexMainMenuDeText
                0x00002f04                iTelexCfgMenuItName
                0x00002f1b                iTelexCfgMenuItText
                0x00002c43                iTelexCfgMenuEnName
                0x00001346                NetzwerkMenuNlName
                0x0000163c                SystemMenuEnText
                0x0000379f                iTelexChatItName
                0x00001b59                files7
                0x00000de8                files4
                0x000022e8                iTelexMainMenuEnName
                0x000010ea                NetzwerkMenuEnName
                0x00002973                iTelexCfgMenuDeText
                0x00002c5a                iTelexCfgMenuEnText
                0x00000acb                lochstr_hg_filename
                0x00000adf                lochstreifen_hg
                0x00003a95                RobotsTxtData
                0x000017ef                SystemMenuItText
                0x0000250b                iTelexMainMenuItName
                0x0000251f                iTelexMainMenuItText
                0x00001226                NetzwerkMenuItText
                0x00000fb7                NetzwerkMenuDeName
                0x00001482                SystemMenuDeText
                0x000022fc                iTelexMainMenuEnText
                0x00002737                iTelexMainMenuNlName
                0x000034bc                iTelexChatDeText
                0x00001b63                data7
                0x000009e3                files2
                0x00003637                iTelexChatEnText
                0x000019af                SystemMenuNlText
                0x000020b5                iTelexMainMenuDeName
                0x00001216                NetzwerkMenuItName
                0x000031ef                iTelexCfgMenuNlText
 .progmem.data  0x00003c7a       0x5f apps/telnet/telnet.o
 .progmem.data  0x00003cd9       0x37 apps/cron/cron.o
                0x00003cd9                entrystring
 .progmem.data  0x00003d10        0x8 apps/modules/cmd_foo.o
 .progmem.data  0x00003d18       0x20 apps/modules/cmd_arp.o
 .progmem.data  0x00003d38      0x1ab apps/modules/cmd_stats.o
 .progmem.data  0x00003ee3       0xa9 apps/modules/cmd_reset.o
 .progmem.data  0x00003f8c       0x25 apps/modules/cmd_dns.o
 .progmem.data  0x00003fb1      0x45e apps/modules/cmd_ifconfig.o
                0x00003fbe                GATE_NP
                0x00003fb6                IP_NP
                0x00003fc3                DNS_NP
                0x00003fb9                MASK_NP
                0x00003fb1                DHCP_NP
                0x00003fc7                MAC_NP
 .progmem.data  0x0000440f      0x2b2 apps/modules/cmd_ntp.o
                0x0000440f                NTP_P
                0x00004413                NTPSERVER_P
                0x0000441d                UTCZONE_P
 .progmem.data  0x000046c1      0x401 apps/modules/cmd_dyndns.o
                0x000046d0                configname_domain
                0x000046c1                configname_account
 .progmem.data  0x00004ac2      0x3c4 apps/modules/cmd_cron.o
 .progmem.data  0x00004e86       0xc0 apps/modules/cmd_eemem.o
 .progmem.data  0x00004f46     0x3049 iTelex/iTelex.o
                0x00004f93                KonfigPasswort_P
                0x00004fa8                ProtokollLevel_P
                0x00004fd1                SocketLog_P
                0x00004f80                ImpressAendZeile_P
                0x0000506c                DynIPAktiv_P
                0x0000508c                RemoteServerNutzen_P
                0x00005044                Druckzeilenlaenge_P
                0x00005014                DurchwahlTabelle_P
                0x00004fb2                ProtokollLevelTlnServ_P
                0x00004ff4                FesteHst_P
                0x00005077                NetzPort_P
                0x0000505e                NetzRufnummer_P
                0x00004f46                SvnVersion_P
                0x000050ba                TlnServSyncGeheimzahl_P
                0x00004fe7                EigeneNummer_P
                0x00004ffe                MeldungsdruckLevel_P
                0x00005068                Geheimzahl_P
                0x00005051                UhrzeitVerteilen_P
                0x00004fc2                LangeDienstmeldungen_P
                0x000050af                RufnrServerAdr3_P
                0x00004f5c                UebersetzN1
                0x00004f9b                TlnBuchOffen_P
                0x00004f86                ImpressAendText_P
                0x00004f6e                UebersetzN2
                0x00005080                SelbstAnrufPeriode_P
                0x000050a4                RufnrServerAdr2_P
                0x00004fdb                Hauptstelle_P
                0x00005099                RufnrServerAdr1_P
                0x00004f8b                LokaleSprache_P
                0x00005030                DatumDruckModus_P
                0x0000503a                AsciiEmpfModus_P
                0x00004f4a                UebersetzUr
                0x00005021                BaudrateListe_P
                0x00005007                AlternBeiBes_P
                0x00005029                TWIHandshakeNeu_P
 .progmem.data  0x00007f8f      0x56e iTelex/TlnBuch.o
                0x00007f8f                ExternEepromInit_P
 .progmem.data  0x000084fd      0x228 iTelex/CgiFormTools.o
 .progmem.data  0x00008725      0x14e iTelex/Protokoll.o
 .progmem.data  0x00008873      0x3c7 iTelex/eMail.o
                0x00008891                EmailEigenesPasswort_P
                0x00008888                EmailEigeneAdresse_P
                0x000088bc                EmailDruckZiel_P
                0x000088a9                EmailAusgabeFilternKennung_P
                0x0000889b                EmailAbfrageTakt_P
                0x0000887d                EmailSMTPServerAdresse_P
                0x00008873                EmailPOPServerAdresse_P
 .progmem.data  0x00008c3a     0x60c4 iTelex/StringTab.o
                0x0000d255                strnl_TypEMail
                0x0000d571                strnl_LokaleSpracheGespeichert
                0x0000a3a0                strit_HtmlTextEingabe
                0x0000d773                stren_AlteNummerNichtGeloescht
                0x0000aa10                strde_Druckzeilenlaenge
                0x000092d5                strnl_TeilnehmerBesetzt
                0x0000d243                strde_TypEMail
                0x0000d190                strnl_TlnverzAttrLokal
                0x0000d125                stren_Adresse
                0x0000b946                strde_OeffentlichePortNr
                0x0000e4c8                strde_POPFehlerAnfang
                0x0000df8a                strde_EmailKonfigPopServer
                0x0000d147                strit_Port
                0x0000bcb8                strde_TwiTlnListeAnfang
                0x000097ee                strde_NamensucheErgebnisse
                0x0000bdc9                stren_TwiTlnListeEnde
                0x0000afd2                strit_DatumDruckModus
                0x0000a711                strit_ASBB_NurHauptstelle
                0x0000a541                strde_FesteHauptstelleNummer
                0x0000cfce                strit_TeilnehmerverzeichnisAktionenLeerOffen
                0x0000b9f5                stren_RemoteServerNutzen
                0x0000e077                strde_EmailKonfigKennwort
                0x0000ad9d                stren_DiagnoseLevel
                0x00009367                stren_TeilnehmerNichtErlaubt
                0x0000d102                strnl_Rufnummer
                0x0000d26c                strit_AktionAendern
                0x0000ae6e                strde_TlnVerzeichnisOffen
                0x0000b61b                stren_ITelexRufnummer
                0x0000a827                strit_DurchwahlenListe
                0x0000e72f                strnl_NtpServerHostname
                0x0000d183                stren_TlnverzAttrLokal
                0x0000a518                strnl_FesteHauptstelle
                0x0000d8db                stren_EepromSpeicherErfolg
                0x0000d296                strnl_AktionHinzufuegen
                0x0000db70                stren_ZurueckZumTeilnehmerverzeichnis
                0x00009ea0                strnl_InternesVerzeichnisVoll
                0x0000b4a3                stren_GesperrtBestaetigung
                0x00009dfd                strit_NummerNichtBekannt
                0x0000d48c                strnl_TypUnbekannt
                0x0000abae                strnl_AsciiModus_Immer
                0x0000e026                strde_EmailKonfigEigeneAdresse
                0x0000d233                strit_TypITelex
                0x0000e407                strnl_EmailKonfigFehler
                0x00009640                stren_NamensucheBitteWarten
                0x0000d12d                strit_Adresse
                0x000097d0                strnl_NamensucheNurLokal
                0x0000e20a                strit_EmailKonfigFilterNurTX
                0x000090c4                stren_MailNichtInDieserVersion
                0x0000a3d0                strit_HtmlTextEingabeAbsenden
                0x0000d707                strit_EintragUnveraendert
                0x00009e7c                strit_InternesVerzeichnisVoll
                0x0000c17b                strde_TeilnehmerverzeichnisHtmlKopf
                0x0000b02e                strit_DatumDruckKein
                0x0000b035                strnl_DatumDruckKein
                0x0000da3a                strnl_EepromLadenErfolg
                0x000090e7                strit_MailNichtInDieserVersion
                0x0000e1bc                strde_EmailKonfigFilterNurTX
                0x0000e519                strnl_POPFehlerAnfang
                0x0000a6cf                stren_ASBB_Niemals
                0x0000de7c                stren_EmailEmpfangStartzeile
                0x00009a5f                strit_SelbstAnrufMehrfachVersagt
                0x0000a415                strde_EigeneAmtsnummer
                0x0000a8b1                stren_BaudrateListe
                0x0000bd0b                strit_TwiTlnListeAnfang
                0x0000dcff                strnl_NeuTeilnehmer
                0x0000b651                strnl_ITelexRufnummer
                0x0000909a                strde_MailNichtInDieserVersion
                0x0000dc5d                stren_ZusatzEepromFehler
                0x0000be51                stren_Weiter
                0x00009139                strde_ServerAusWegenFehlenderUhrzeit
                0x0000d735                strde_AlteNummerNichtGeloescht
                0x0000a9da                strnl_NeuesTWIProtokoll
                0x0000d551                strit_LokaleSpracheGespeichert
                0x0000a15c                strde_TexteingabeStartetFernschreiber
                0x0000901a                stren_KeineVerbindungZumMailServerAusgang
                0x0000df0a                strde_EmailEingabeBetreff
                0x0000d309                strnl_Rufnummer0NichtErlaubt
                0x0000cc77                stren_TeilnehmerverzeichnisAktionenOffen
                0x0000b19a                stren_KonnteNichtGeaendertWerden
                0x0000b8a0                strde_VerbindungstestPeriode
                0x0000c132                strit_VollstaendigesTeilnehmerverzeichnis
                0x00009111                strnl_MailNichtInDieserVersion
                0x0000d1a0                stren_TlnverzAttrGesperrt
                0x0000abc7                stren_AsciiModus_NurBeiDurchwahl
                0x0000e6fe                stren_NtpServerHostname
                0x0000aac0                stren_UhrzeitVerteilen
                0x0000ad4c                strnl_ProtokollLevelTlnServer
                0x0000af55                strit_LangeDienstmeldungen
                0x0000e279                stren_EmailKonfigDruckZiel
                0x0000e294                strit_EmailKonfigDruckZiel
                0x000092b3                stren_TeilnehmerBesetzt
                0x0000b350                strit_InternesKennwortFehlt
                0x0000d061                strnl_TeilnehmerverzeichnisAktionenLeerOffen
                0x0000d25b                strde_AktionAendern
                0x0000bcde                stren_TwiTlnListeAnfang
                0x0000b832                stren_DynIPAktiv
                0x0000991b                strit_DiagInterneIP
                0x0000a3f5                stren_HtmlTextEingabeAktualisieren
                0x0000980f                stren_NamensucheErgebnisse
                0x0000a3fd                strit_HtmlTextEingabeAktualisieren
                0x0000d23b                strnl_TypITelex
                0x0000d470                strit_TypUnbekannt
                0x0000aecd                strit_TlnVerzeichnisOffen
                0x0000ab9a                strde_AsciiModus_Immer
                0x0000d3f7                strit_HostnameZusatz
                0x000095bf                strde_NamensucheTexteingabe
                0x0000b762                strde_RufnrServerAnmeldGeheimzahl
                0x0000e6a5                stren_NtpOn
                0x00009045                strit_KeineVerbindungZumMailServerAusgang
                0x00009f68                strit_KennwortFreigeben
                0x0000d10e                stren_Name
                0x000094e7                strde_AnschlussInternBesetzt
                0x0000d1f1                stren_TypGeloescht
                0x0000aef6                strnl_TlnVerzeichnisOffen
                0x0000a4c1                stren_FesteHauptstelle
                0x0000a642                strde_AlternativSucheBeiBesetzt
                0x0000d36e                strit_MeldungTlneintragRufnummer
                0x0000a003                stren_SeiteGesperrt
                0x0000e33d                stren_EmailKonfigFehler
                0x0000954b                strde_TWITimeout
                0x0000ac1c                strit_AsciiModus_Nie
                0x0000d7d7                strnl_AlteNummerNichtGeloescht
                0x0000dae3                strit_UngueltigerCgiAufruf
                0x0000e257                strde_EmailKonfigDruckZiel
                0x0000d802                strde_EepromSpeicherFehler
                0x0000b068                strde_DatumDruckAnrufer
                0x0000d6f3                stren_EintragUnveraendert
                0x0000bf62                stren_FehlerMitPos
                0x000096f2                strde_NamensucheServerAbbruch
                0x0000d327                strde_MeldungTlneintragRufnummer
                0x0000d1db                strit_TlnverzAttrDyn
                0x0000ae15                stren_KonfigPasswort
                0x0000b519                strit_GesperrtBestaetigung
                0x0000d1ca                strnl_Typ
                0x0000b997                strnl_OeffentlichePortNr
                0x00008cb8                strnl_AnrufAbgewiesenWegenBesetzt
                0x00009f74                strnl_KennwortFreigeben
                0x0000bf1b                strnl_EinstellungenUebernehmen
                0x0000b7e5                strnl_RufnrServerAnmeldGeheimzahl
                0x0000bf8c                strit_FehlerMitPos
                0x0000a097                stren_FalschesKonfigKennwortEingegeben
                0x0000abf8                strnl_AsciiModus_NurBeiDurchwahl
                0x00009394                strnl_TeilnehmerNichtErlaubt
                0x0000af3f                stren_LangeDienstmeldungen
                0x0000d197                strde_TlnverzAttrGesperrt
                0x00009fa1                stren_KennwortFalsch
                0x0000df7d                strnl_EmailEingabeText
                0x0000accb                strde_ProtokollLevelTlnServer
                0x0000a319                strit_ModulDeaktiviert
                0x0000af70                strnl_LangeDienstmeldungen
                0x000096aa                strit_NamensucheZuKurz
                0x0000be8b                strit_Unveraendert
                0x0000d6ae                strit_EintragGespeichert
                0x0000b7c1                strit_RufnrServerAnmeldGeheimzahl
                0x00009875                strde_NamensucheListenende
                0x00009638                strde_NamensucheBitteWarten
                0x00008e37                strde_KeinTeilnehmerServerErreichbar
                0x00009456                strnl_TeilnehmerAbgeschaltet
                0x0000da7e                strit_KomplettGeloescht
                0x00009475                strde_VerbindungGetrennt
                0x00009500                stren_AnschlussInternBesetzt
                0x000098c2                stren_NamensucheKeineGefunden
                0x0000d6bf                strnl_EintragGespeichert
                0x0000adee                strde_KonfigPasswort
                0x0000d189                strit_TlnverzAttrLokal
                0x0000df6f                strit_EmailEingabeText
                0x0000bee0                strde_EinstellungenUebernehmen
                0x00009f2a                strnl_KennwortAbfrage
                0x0000e531                strde_MailFehlerIPNichtErmittelbar
                0x0000a389                strde_HtmlTextEingabe
                0x0000dc77                strit_ZusatzEepromFehler
                0x0000bc20                strde_TlnServSyncGeheimzahl
                0x0000961a                strnl_NamensucheTexteingabe
                0x0000a0f4                strnl_FalschesKonfigKennwortEingegeben
                0x0000b1e4                strde_KennwortGgfGeaendert
                0x0000d204                strnl_TypGeloescht
                0x0000a7ab                strnl_ASBB_AuchDurchwahl
                0x0000e0ea                strde_EmailKonfigAbfragetakt
                0x0000cba8                strde_TeilnehmerverzeichnisAktionenOffen
                0x0000bde1                strde_NeueEinstellungen
                0x0000e663                strnl_SMTPFehlerDirekt
                0x0000ae9c                stren_TlnVerzeichnisOffen
                0x0000d137                strnl_Adresse
                0x0000df3d                strnl_EmailEingabeBetreff
                0x00009484                strit_VerbindungGetrennt
                0x0000bc95                strnl_TlnServSyncGeheimzahl
                0x00008fb1                strit_TeilnehmerServerWiederErreichbar
                0x0000c00b                strit_UeberschriftTeilnehmerverzeichnis
                0x0000e5f3                strde_SMTPFehlerDirekt
                0x00009581                strit_TWITimeout
                0x0000a3af                strnl_HtmlTextEingabe
                0x0000a393                stren_HtmlTextEingabe
                0x0000a440                stren_EigeneAmtsnummer
                0x00009853                strnl_NamensucheErgebnisse
                0x0000a603                strnl_FesteHauptstelleNummer
                0x000094bf                strit_SonstigeMeldung
                0x0000bf0b                strit_EinstellungenUebernehmen
                0x0000c105                stren_VollstaendigesTeilnehmerverzeichnis
                0x0000d9b4                strnl_EepromLadenFehler
                0x0000b80f                strde_DynIPAktiv
                0x0000ac12                strde_AsciiModus_Nie
                0x00009ee5                stren_KennwortAbfrage
                0x0000d289                stren_AktionHinzufuegen
                0x00008d5d                strnl_MehrfacheSendeFehler
                0x0000be00                stren_NeueEinstellungen
                0x0000e7f6                IStrList
                0x0000a6d5                strit_ASBB_Niemals
                0x0000998e                strnl_DiagnoseEinleitung
                0x0000aa9d                strde_UhrzeitVerteilen
                0x0000b127                strit_ImpressAenderZeile
                0x000094d4                strnl_SonstigeMeldung
                0x00009b21                strde_FalscheGeheimzahlBewirktAbschaltung
                0x0000b0ec                strnl_DatumDruckBeide
                0x0000b245                strnl_KennwortGgfGeaendert
                0x0000a74a                strde_ASBB_AuchDurchwahl
                0x0000d98a                strit_EepromLadenFehler
                0x0000b3b8                strnl_InternesKennwortFehlt
                0x0000a3de                strnl_HtmlTextEingabeAbsenden
                0x0000d4ee                strnl_KeineAenderung
                0x0000e155                strit_EmailKonfigAbfragetakt
                0x0000df1b                stren_EmailEingabeBetreff
                0x0000d113                strit_Name
                0x0000b227                strit_KennwortGgfGeaendert
                0x0000b101                strde_ImpressAenderZeile
                0x0000aa59                strit_Druckzeilenlaenge
                0x00009680                stren_NamensucheZuKurz
                0x0000d279                strde_AktionHinzufuegen
                0x0000b6ad                stren_ITelexRufnummerZuKurz
                0x0000d11d                strde_Adresse
                0x0000abde                strit_AsciiModus_NurBeiDurchwahl
                0x00008f81                strde_TeilnehmerServerWiederErreichbar
                0x0000da6b                stren_KomplettGeloescht
                0x0000be17                strit_NeueEinstellungen
                0x00009977                strit_DiagnoseEinleitung
                0x0000bdd0                strit_TwiTlnListeEnde
                0x0000ac16                stren_AsciiModus_Nie
                0x0000e03b                stren_EmailKonfigEigeneAdresse
                0x000093ac                strde_TeilnehmerGestoert
                0x0000956b                stren_TWITimeout
                0x0000b6e6                strit_ITelexRufnummerZuKurz
                0x00008d8a                strde_ZeitueberschreitungWiederaufnahme
                0x0000924d                strnl_ServerAusWegenFehlenderUhrzeit
                0x0000d3a7                strde_EhemalsLong
                0x0000be96                strnl_Unveraendert
                0x0000d432                strnl_IPZusatz
                0x0000d13d                strde_Port
                0x0000ab43                stren_AsciiEmpfModus
                0x0000b16b                strnl_ImpressAenderTest
                0x00009f83                strde_KennwortFalsch
                0x0000b02a                stren_DatumDruckKein
                0x0000949a                strde_SonstigeMeldung
                0x000095dd                stren_NamensucheTexteingabe
                0x0000bc4c                stren_TlnServSyncGeheimzahl
                0x00008e0e                strnl_ZeitueberschreitungWiederaufnahme
                0x0000a5c1                strit_FesteHauptstelleNummer
                0x000093e4                strnl_TeilnehmerGestoert
                0x0000d8b8                strde_EepromSpeicherErfolg
                0x0000de3c                strnl_ServerAnmeldungFalscheGeheimzahl
                0x0000dcae                strde_NeuTeilnehmer
                0x0000e5af                stren_MailFehlerNotConnected
                0x0000ddba                strde_ServerAnmeldungFalscheGeheimzahl
                0x0000b157                stren_ImpressAenderTest
                0x0000d14d                strnl_Port
                0x0000dc90                strnl_ZusatzEepromFehler
                0x0000b026                strde_DatumDruckKein
                0x0000bd72                stren_TwiTlnListeEintrag
                0x0000e6e5                strde_NtpServerHostname
                0x0000d1f9                strit_TypGeloescht
                0x00008d35                strit_MehrfacheSendeFehler
                0x0000c0c5                strnl_UeberschriftOeffentlichesTeilnehmerverzeichnis
                0x0000a226                stren_AndereVerbindungBesteht
                0x000094ad                stren_SonstigeMeldung
                0x0000d217                strit_TypAscii
                0x0000ab05                strnl_UhrzeitVerteilen
                0x000098d6                strit_NamensucheKeineGefunden
                0x000096cd                strnl_NamensucheZuKurz
                0x00008e93                stren_KeinTeilnehmerServerErreichbar
                0x0000d8f8                strit_EepromSpeicherErfolg
                0x0000aa79                strnl_Druckzeilenlaenge
                0x00009648                strit_NamensucheBitteWarten
                0x0000dc45                strde_ZusatzEepromFehler
                0x00009f57                strde_KennwortFreigeben
                0x0000d645                strnl_RufnummerDoppelt
                0x0000993f                strit_Datum
                0x0000ae52                strnl_KonfigPasswort
                0x0000947e                stren_VerbindungGetrennt
                0x0000e74e                stren_Zeitzone
                0x0000d1c5                strit_Typ
                0x0000d50a                strde_LokaleSpracheGespeichert
                0x000092a0                strde_TeilnehmerBesetzt
                0x0000b043                stren_DatumDruckLokal
                0x0000bd58                strde_TwiTlnListeEintrag
                0x00009658                strde_NamensucheZuKurz
                0x0000bea8                strde_GeaendertIn
                0x0000d274                strnl_AktionAendern
                0x0000b58c                strnl_GesperrtBestaetigung
                0x0000d457                stren_TypUnbekannt
                0x00008fec                strde_KeineVerbindungZumMailServerAusgang
                0x0000beba                stren_GeaendertIn
                0x00009934                strde_Datum
                0x0000af23                strde_LangeDienstmeldungen
                0x0000e547                stren_MailFehlerIPNichtErmittelbar
                0x0000a882                strde_BaudrateListe
                0x0000d417                strde_IPZusatz
                0x0000979b                stren_NamensucheNurLokal
                0x0000e231                strnl_EmailKonfigFilterNurTX
                0x0000d71d                strnl_EintragUnveraendert
                0x0000aba0                stren_AsciiModus_Immer
                0x0000be6e                strde_Unveraendert
                0x0000b04e                strit_DatumDruckLokal
                0x0000a270                strnl_AndereVerbindungBesteht
                0x0000dfc5                strnl_EmailKonfigPopServer
                0x0000b0d5                strit_DatumDruckBeide
                0x000095fd                strit_NamensucheTexteingabe
                0x0000b8f6                strit_VerbindungstestPeriode
                0x0000d142                stren_Port
                0x0000d0f4                stren_Rufnummer
                0x0000a6f3                stren_ASBB_NurHauptstelle
                0x00009927                strnl_DiagInterneIP
                0x0000a01d                strit_SeiteGesperrt
                0x0000e4ad                strnl_SMTPFehlerAnfang
                0x0000ac20                strnl_AsciiModus_Nie
                0x0000bc04                strnl_RufnrServerAdr
                0x0000cf40                stren_TeilnehmerverzeichnisAktionenLeerOffen
                0x0000def7                strnl_EmailEingabeEmpfaenger
                0x0000dbb9                strit_ZurueckZumTeilnehmerverzeichnis
                0x00009302                stren_TeilnehmerNichtErreichbar
                0x0000d3e8                stren_HostnameZusatz
                0x00009ac1                strnl_SelbstAnrufMehrfachVersagt
                0x0000d174                strnl_Durchwahl
                0x0000dfea                stren_EmailKonfigSmtpServer
                0x0000993a                stren_Datum
                0x0000d4a2                strde_KeineAenderung
                0x0000bbc2                stren_RufnrServerAdr
                0x0000d267                stren_AktionAendern
                0x0000d2e7                strit_Rufnummer0NichtErlaubt
                0x0000d1b0                strnl_TlnverzAttrGesperrt
                0x0000c0a1                strit_UeberschriftOeffentlichesTeilnehmerverzeichnis
                0x0000aba7                strit_AsciiModus_Immer
                0x0000d1e7                strde_TypGeloescht
                0x000092c3                strit_TeilnehmerBesetzt
                0x0000e689                strde_NtpOn
                0x0000d3b1                stren_EhemalsLong
                0x0000d1e1                strnl_TlnverzAttrDyn
                0x0000d24f                strit_TypEMail
                0x0000e466                strde_SMTPFehlerAnfang
                0x0000e714                strit_NtpServerHostname
                0x00009516                strit_AnschlussInternBesetzt
                0x0000a1ed                strde_AndereVerbindungBesteht
                0x00009944                strnl_Datum
                0x0000a75d                stren_ASBB_AuchDurchwahl
                0x0000bc75                strit_TlnServSyncGeheimzahl
                0x0000a34e                strnl_ModulDeaktiviert
                0x0000b8cf                stren_VerbindungstestPeriode
                0x0000a8df                strit_BaudrateListe
                0x0000cdd6                strnl_TeilnehmerverzeichnisAktionenOffen
                0x0000d592                strde_RufnummerDoppelt
                0x0000959f                strnl_TWITimeout
                0x0000b088                strit_DatumDruckAnrufer
                0x0000b1ca                strnl_KonnteNichtGeaendertWerden
                0x000092e6                strde_TeilnehmerNichtErreichbar
                0x0000b62f                strit_ITelexRufnummer
                0x0000b963                stren_OeffentlichePortNr
                0x0000a6cb                strde_ASBB_Niemals
                0x0000d249                stren_TypEMail
                0x0000d21d                strnl_TypAscii
                0x0000c6a1                strit_TeilnehmerverzeichnisHtmlKopf
                0x0000c028                strnl_UeberschriftTeilnehmerverzeichnis
                0x0000dc00                strnl_ZurueckZumTeilnehmerverzeichnis
                0x0000be2e                strnl_NeueEinstellungen
                0x0000ad1e                strit_ProtokollLevelTlnServer
                0x0000e0cd                strnl_EmailKonfigKennwort
                0x0000b118                stren_ImpressAenderZeile
                0x0000a6df                strde_ASBB_NurHauptstelle
                0x0000a12e                stren_Druckspiegel
                0x0000b264                strde_InternesKennwortFehlt
                0x0000add1                strnl_DiagnoseLevel
                0x0000d15d                stren_Durchwahl
                0x0000b426                strde_GesperrtBestaetigung
                0x0000a3c9                stren_HtmlTextEingabeAbsenden
                0x0000a17e                stren_TexteingabeStartetFernschreiber
                0x0000bf30                strde_FehlerMitPos
                0x0000e181                strnl_EmailKonfigAbfragetakt
                0x0000dd1b                strde_TeilnehmerlisteVoll
                0x000098a9                strde_NamensucheKeineGefunden
                0x00009204                strit_ServerAusWegenFehlenderUhrzeit
                0x0000a6af                strnl_AlternativSucheBeiBesetzt
                0x0000e5da                strnl_MailFehlerNotConnected
                0x0000a067                strde_FalschesKonfigKennwortEingegeben
                0x0000bb22                strit_RemoteServerAusschlussDynIP
                0x0000e7ba                strit_AutoSommerzeit
                0x000091a5                stren_ServerAusWegenFehlenderUhrzeit
                0x0000b792                stren_RufnrServerAnmeldGeheimzahl
                0x0000b5fa                strde_ITelexRufnummer
                0x0000b14c                strde_ImpressAenderTest
                0x00009fb9                strit_KennwortFalsch
                0x0000baa0                strde_RemoteServerAusschlussDynIP
                0x0000aa38                stren_Druckzeilenlaenge
                0x0000a454                strit_EigeneAmtsnummer
                0x00009757                strnl_NamensucheServerAbbruch
                0x0000e4fe                strit_POPFehlerAnfang
                0x0000a788                strit_ASBB_AuchDurchwahl
                0x0000d1d5                stren_TlnverzAttrDyn
                0x0000d17d                strde_TlnverzAttrLokal
                0x0000937e                strit_TeilnehmerNichtErlaubt
                0x0000d1a7                strit_TlnverzAttrGesperrt
                0x0000dd6c                strit_TeilnehmerlisteVoll
                0x0000df9d                stren_EmailKonfigPopServer
                0x0000d28d                strit_AktionHinzufuegen
                0x0000daa4                strde_UngueltigerCgiAufruf
                0x0000da54                strde_KomplettGeloescht
                0x0000e6d1                strnl_NtpOn
                0x000098e7                strnl_NamensucheKeineGefunden
                0x0000d22b                stren_TypITelex
                0x0000931b                strit_TeilnehmerNichtErreichbar
                0x0000d531                stren_LokaleSpracheGespeichert
                0x0000b05a                strnl_DatumDruckLokal
                0x0000dec2                strde_EmailEingabeEmpfaenger
                0x0000e590                strde_MailFehlerNotConnected
                0x0000dfd6                strde_EmailKonfigSmtpServer
                0x00009fca                strnl_KennwortFalsch
                0x0000be80                stren_Unveraendert
                0x0000afb5                stren_DatumDruckModus
                0x0000a65c                stren_AlternativSucheBeiBesetzt
                0x0000bfb4                strnl_FehlerMitPos
                0x0000d9dc                strde_EepromLadenErfolg
                0x0000d3cb                strnl_EhemalsLong
                0x00008c3a                strde_AnrufAbgewiesenWegenBesetzt
                0x0000bdd8                strnl_TwiTlnListeEnde
                0x0000af8f                strde_DatumDruckModus
                0x0000a476                strnl_EigeneAmtsnummer
                0x0000de93                strit_EmailEmpfangStartzeile
                0x0000e04d                strit_EmailKonfigEigeneAdresse
                0x0000dce3                strit_NeuTeilnehmer
                0x0000b87a                strnl_DynIPAktiv
                0x0000be4a                strde_Weiter
                0x0000db1d                strde_ZurueckZumTeilnehmerverzeichnis
                0x00009f01                strit_KennwortAbfrage
                0x0000db01                strnl_UngueltigerCgiAufruf
                0x0000c929                strnl_TeilnehmerverzeichnisHtmlKopf
                0x0000b671                strde_ITelexRufnummerZuKurz
                0x00008fd0                strnl_TeilnehmerServerWiederErreichbar
                0x0000ba32                strit_RemoteServerNutzen
                0x0000a13b                strit_Druckspiegel
                0x0000948f                strnl_VerbindungGetrennt
                0x0000bed3                strnl_GeaendertIn
                0x0000b039                strde_DatumDruckLokal
                0x0000e6b5                strit_NtpOn
                0x000099a2                strde_SelbstAnrufMehrfachVersagt
                0x00009830                strit_NamensucheErgebnisse
                0x0000e616                stren_SMTPFehlerDirekt
                0x0000a9a6                strit_NeuesTWIProtokoll
                0x0000d686                strde_EintragGespeichert
                0x0000e2cb                strde_EmailKonfigFehler
                0x0000a490                strde_FesteHauptstelle
                0x0000ab5b                strit_AsciiEmpfModus
                0x0000a90d                strnl_BaudrateListe
                0x000093d4                strit_TeilnehmerGestoert
                0x0000d6d6                strde_EintragUnveraendert
                0x0000b09d                strnl_DatumDruckAnrufer
                0x0000bdbf                strde_TwiTlnListeEnde
                0x00008f99                stren_TeilnehmerServerWiederErreichbar
                0x00008ee0                strit_KeinTeilnehmerServerErreichbar
                0x0000d0fb                strit_Rufnummer
                0x00008c88                strit_AnrufAbgewiesenWegenBesetzt
                0x0000970e                stren_NamensucheServerAbbruch
                0x0000e47c                stren_SMTPFehlerAnfang
                0x0000e096                stren_EmailKonfigKennwort
                0x0000de1b                strit_ServerAnmeldungFalscheGeheimzahl
                0x0000e745                strde_Zeitzone
                0x00009910                stren_DiagInterneIP
                0x0000da19                strit_EepromLadenErfolg
                0x0000d960                stren_EepromLadenFehler
                0x00009f61                stren_KennwortFreigeben
                0x0000adb5                strit_DiagnoseLevel
                0x000097b5                strit_NamensucheNurLokal
                0x00009532                strnl_AnschlussInternBesetzt
                0x0000d34d                stren_MeldungTlneintragRufnummer
                0x0000d118                strnl_Name
                0x0000de64                strde_EmailEmpfangStartzeile
                0x0000b1b0                strit_KonnteNichtGeaendertWerden
                0x0000ac5b                stren_ProtokollLevel
                0x0000b138                strnl_ImpressAenderZeile
                0x00009ebd                strde_KennwortAbfrage
                0x0000ac26                strde_ProtokollLevel
                0x0000d85a                strit_EepromSpeicherFehler
                0x00009732                strit_NamensucheServerAbbruch
                0x0000a7f7                stren_DurchwahlenListe
                0x0000e065                strnl_EmailKonfigEigeneAdresse
                0x0000baec                stren_RemoteServerAusschlussDynIP
                0x0000e757                strit_Zeitzone
                0x0000ba5d                strnl_RemoteServerNutzen
                0x0000a93e                strde_NeuesTWIProtokoll
                0x0000ad73                strde_DiagnoseLevel
                0x00008de9                strit_ZeitueberschreitungWiederaufnahme
                0x0000df5d                stren_EmailEingabeText
                0x0000e579                strnl_MailFehlerIPNichtErmittelbar
                0x0000a697                strit_AlternativSucheBeiBesetzt
                0x0000d223                strde_TypITelex
                0x0000d4d6                strit_KeineAenderung
                0x0000a72d                strnl_ASBB_NurHauptstelle
                0x0000aae0                strit_UhrzeitVerteilen
                0x0000acfb                stren_ProtokollLevelTlnServer
                0x0000d60e                strit_RufnummerDoppelt
                0x0000c153                strnl_VollstaendigesTeilnehmerverzeichnis
                0x0000df50                strde_EmailEingabeText
                0x0000a3e7                strde_HtmlTextEingabeAktualisieren
                0x0000b0b2                strde_DatumDruckBeide
                0x0000cd24                strit_TeilnehmerverzeichnisAktionenOffen
                0x00009a01                stren_SelbstAnrufMehrfachVersagt
                0x0000ae36                strit_KonfigPasswort
                0x00008dc0                stren_ZeitueberschreitungWiederaufnahme
                0x0000deaa                strnl_EmailEmpfangStartzeile
                0x0000befc                stren_EinstellungenUebernehmen
                0x0000c043                strde_UeberschriftOeffentlichesTeilnehmerverzeichnis
                0x0000d169                strit_Durchwahl
                0x0000c0e0                strde_VollstaendigesTeilnehmerverzeichnis
                0x0000e643                strit_SMTPFehlerDirekt
                0x0000aff7                strnl_DatumDruckModus
                0x0000e78d                stren_AutoSommerzeit
                0x0000989b                strnl_NamensucheListenende
                0x0000bba3                strde_RufnrServerAdr
                0x0000a408                strnl_HtmlTextEingabeAktualisieren
                0x0000b9af                strde_RemoteServerNutzen
                0x0000ab7a                strnl_AsciiEmpfModus
                0x00009e37                strde_InternesVerzeichnisVoll
                0x0000d43b                strde_TypUnbekannt
                0x0000d889                strnl_EepromSpeicherFehler
                0x0000906d                strnl_KeineVerbindungZumMailServerAusgang
                0x0000e7d6                strnl_AutoSommerzeit
                0x0000e2b0                strnl_EmailKonfigDruckZiel
                0x0000dac7                stren_UngueltigerCgiAufruf
                0x0000e014                strnl_EmailKonfigSmtpServer
                0x0000be65                strnl_Weiter
                0x0000d1bc                strde_Typ
                0x0000a19a                strit_TexteingabeStartetFernschreiber
                0x0000bec6                strit_GeaendertIn
                0x0000d420                stren_IPZusatz
                0x0000a7ce                strde_DurchwahlenListe
                0x0000e76c                strde_AutoSommerzeit
                0x0000dee6                strit_EmailEingabeEmpfaenger
                0x0000dd90                strnl_TeilnehmerlisteVoll
                0x0000bd8c                strit_TwiTlnListeEintrag
                0x0000d9fb                stren_EepromLadenErfolg
                0x0000b079                stren_DatumDruckAnrufer
                0x0000d5dd                stren_RufnummerDoppelt
                0x0000ded4                stren_EmailEingabeEmpfaenger
                0x0000b924                strnl_VerbindungstestPeriode
                0x0000d3bc                strit_EhemalsLong
                0x0000e0b1                strit_EmailKonfigKennwort
                0x0000e5c2                strit_MailFehlerNotConnected
                0x0000ddee                stren_ServerAnmeldungFalscheGeheimzahl
                0x0000b177                strde_KonnteNichtGeaendertWerden
                0x0000a3be                strde_HtmlTextEingabeAbsenden
                0x0000a855                strnl_DurchwahlenListe
                0x0000d935                strde_EepromLadenFehler
                0x0000a2aa                strde_ModulDeaktiviert
                0x0000a03e                strnl_SeiteGesperrt
                0x0000aca5                strnl_ProtokollLevel
                0x0000d3d9                strde_HostnameZusatz
                0x0000a14e                strnl_Druckspiegel
                0x00008c63                stren_AnrufAbgewiesenWegenBesetzt
                0x00009c71                strit_FalscheGeheimzahlBewirktAbschaltung
                0x0000be5a                strit_Weiter
                0x0000dfb0                strit_EmailKonfigPopServer
                0x0000da97                strnl_KomplettGeloescht
                0x00009fde                strde_SeiteGesperrt
                0x00009438                strit_TeilnehmerAbgeschaltet
                0x0000bbe6                strit_RufnrServerAdr
                0x0000a244                strit_AndereVerbindungBesteht
                0x000093c0                stren_TeilnehmerGestoert
                0x0000e1e3                stren_EmailKonfigFilterNurTX
                0x0000a975                stren_NeuesTWIProtokoll
                0x0000bda5                strnl_TwiTlnListeEintrag
                0x0000b856                strit_DynIPAktiv
                0x00009336                strnl_TeilnehmerNichtErreichbar
                0x0000d7a6                strit_AlteNummerNichtGeloescht
                0x0000bb59                strnl_RemoteServerAusschlussDynIP
                0x0000e3a4                strit_EmailKonfigFehler
                0x0000dcca                stren_NeuTeilnehmer
                0x00009882                stren_NamensucheListenende
                0x0000a1c9                strnl_TexteingabeStartetFernschreiber
                0x0000b2e0                stren_InternesKennwortFehlt
                0x0000b97f                strit_OeffentlichePortNr
                0x0000bfe9                stren_UeberschriftTeilnehmerverzeichnis
                0x0000a4e8                strit_FesteHauptstelle
                0x0000d2a0                strde_Rufnummer0NichtErlaubt
                0x0000c41a                stren_TeilnehmerverzeichnisHtmlKopf
                0x0000a6d9                strnl_ASBB_Niemals
                0x0000d38c                strnl_MeldungTlneintragRufnummer
                0x0000dffe                strit_EmailKonfigSmtpServer
                0x0000a0c8                strit_FalschesKonfigKennwortEingegeben
                0x0000ab24                strde_AsciiEmpfModus
                0x0000a2ed                stren_ModulDeaktiviert
                0x0000a582                stren_FesteHauptstelleNummer
                0x0000b205                stren_KennwortGgfGeaendert
                0x0000988e                strit_NamensucheListenende
                0x00009e5c                stren_InternesVerzeichnisVoll
                0x0000d109                strde_Name
                0x00009d12                strnl_FalscheGeheimzahlBewirktAbschaltung
                0x00008f2c                strnl_KeinTeilnehmerServerErreichbar
                0x0000bfc6                strde_UeberschriftTeilnehmerverzeichnis
                0x00008ce6                strde_MehrfacheSendeFehler
                0x0000d0ea                strde_Rufnummer
                0x0000abb5                strde_AsciiModus_NurBeiDurchwahl
                0x00009bd1                stren_FalscheGeheimzahlBewirktAbschaltung
                0x0000d153                strde_Durchwahl
                0x0000bd30                strnl_TwiTlnListeAnfang
                0x00009de1                stren_NummerNichtBekannt
                0x0000d1c0                stren_Typ
                0x0000d4c1                stren_KeineAenderung
                0x0000d2c6                stren_Rufnummer0NichtErlaubt
                0x0000e4e3                stren_POPFehlerAnfang
                0x0000ce8f                strde_TeilnehmerverzeichnisAktionenLeerOffen
                0x00009418                stren_TeilnehmerAbgeschaltet
                0x00009903                strde_DiagInterneIP
                0x0000d917                strnl_EepromSpeicherErfolg
                0x0000e496                strit_SMTPFehlerAnfang
                0x0000d20b                strde_TypAscii
                0x0000df2c                strit_EmailEingabeBetreff
                0x0000e120                stren_EmailKonfigAbfragetakt
                0x0000b160                strit_ImpressAenderTest
                0x0000934e                strde_TeilnehmerNichtErlaubt
                0x0000b0c4                stren_DatumDruckBeide
                0x000093f5                strde_TeilnehmerAbgeschaltet
                0x00009650                strnl_NamensucheBitteWarten
                0x0000d1cf                strde_TlnverzAttrDyn
                0x0000a121                strde_Druckspiegel
                0x00009dc2                strde_NummerNichtBekannt
                0x0000d429                strit_IPZusatz
                0x00008d0c                stren_MehrfacheSendeFehler
                0x0000d211                stren_TypAscii
                0x0000994a                strde_DiagnoseEinleitung
                0x0000d69e                stren_EintragGespeichert
                0x00009e1c                strnl_NummerNichtBekannt
                0x0000e763                strnl_Zeitzone
                0x0000d831                stren_EepromSpeicherFehler
                0x0000b724                strnl_ITelexRufnummerZuKurz
                0x0000977d                strde_NamensucheNurLokal
                0x0000ac78                strit_ProtokollLevel
                0x0000c078                stren_UeberschriftOeffentlichesTeilnehmerverzeichnis
                0x0000dd4a                stren_TeilnehmerlisteVoll
                0x00009960                stren_DiagnoseEinleitung
                0x0000d407                strnl_HostnameZusatz
                0x0000e560                strit_MailFehlerIPNichtErmittelbar
 .progmem.data  0x0000ecfe       0xda iTelex/ConfigNtp.o
                0x0000ed0c                UtcZoneStr_P
                0x0000ecfe                NtpOn_P
                0x0000ed14                AutoDst_P
                0x0000ed02                NtpServerStr_P
 .progmem.data  0x0000edd8      0x825 iTelex/IspMaster.o
                0x0000ede1                ProgID_P
                0x0000edd8                BinServerPath_P
                0x0000ede8                ClickToContinue_P
 .progmem.data  0x0000f5fd       0x40 iTelex/Gemeinsam/BaudotCode.o
                0x0000f5fd                TtyCodeTab_STD_Bu
                0x0000f61d                TtyCodeTab_STD_Zi
                0x0000f63e                . = ALIGN (0x2)
 *fill*         0x0000f63d        0x1 00
                0x0000f63e                __trampolines_start = .
 *(.trampolines)
 .trampolines   0x0000f63e       0xac linker stubs
 *(.trampolines*)
                0x0000f6ea                __trampolines_end = .
 *(.jumptables)
 *(.jumptables*)
 *(.lowtext)
 *(.lowtext*)
                0x0000f6ea                __ctors_start = .
 *(.ctors)
                0x0000f6ea                __ctors_end = .
                0x0000f6ea                __dtors_start = .
 *(.dtors)
                0x0000f6ea                __dtors_end = .
 SORT(*)(.ctors)
 SORT(*)(.dtors)
 *(.init0)
 .init0         0x0000f6ea        0x0 c:/winavr-20100110/bin/../lib/gcc/avr/4.3.3/../../../../avr/lib/avr6/crtm2561.o
                0x0000f6ea                __init
 *(.init0)
 *(.init1)
 .init1         0x0000f6ea       0x20 system/softreset/softreset.o
                0x0000f6ea                wdt_init
 *(.init1)
 *(.init2)
 .init2         0x0000f70a       0x10 c:/winavr-20100110/bin/../lib/gcc/avr/4.3.3/../../../../avr/lib/avr6/crtm2561.o
 *(.init2)
 *(.init3)
 .init3         0x0000f71a       0xd2 hardware/memory/xram.o
                0x0000f71a                init_xram
 *(.init3)
 *(.init4)
 .init4         0x0000f7ec       0x1a c:/winavr-20100110/bin/../lib/gcc/avr/4.3.3/../../../../avr/lib/avr6/crtm2561.o
                0x0000f7ec                __do_copy_data
 .init4         0x0000f806       0x10 c:/winavr-20100110/bin/../lib/gcc/avr/4.3.3/avr6\libgcc.a(_clear_bss.o)
                0x0000f806                __do_clear_bss
 *(.init4)
 *(.init5)
 *(.init5)
 *(.init6)
 *(.init6)
 *(.init7)
 *(.init7)
 *(.init8)
 *(.init8)
 *(.init9)
 .init9         0x0000f816        0x6 c:/winavr-20100110/bin/../lib/gcc/avr/4.3.3/../../../../avr/lib/avr6/crtm2561.o
 *(.init9)
 *(.text)
 .text          0x0000f81c        0x4 c:/winavr-20100110/bin/../lib/gcc/avr/4.3.3/../../../../avr/lib/avr6/crtm2561.o
                0x0000f81c                __vector_22
                0x0000f81c                __vector_28
                0x0000f81c                __vector_32
                0x0000f81c                __vector_34
                0x0000f81c                __vector_24
                0x0000f81c                __vector_46
                0x0000f81c                __bad_interrupt
                0x0000f81c                __vector_31
                0x0000f81c                __vector_35
                0x0000f81c                __vector_23
                0x0000f81c                __vector_30
                0x0000f81c                __vector_45
                0x0000f81c                __vector_11
                0x0000f81c                __vector_13
                0x0000f81c                __vector_19
                0x0000f81c                __vector_49
                0x0000f81c                __vector_41
                0x0000f81c                __vector_43
                0x0000f81c                __vector_33
                0x0000f81c                __vector_47
                0x0000f81c                __vector_44
                0x0000f81c                __vector_9
                0x0000f81c                __vector_15
                0x0000f81c                __vector_29
                0x0000f81c                __vector_40
                0x0000f81c                __vector_48
                0x0000f81c                __vector_14
                0x0000f81c                __vector_10
                0x0000f81c                __vector_50
                0x0000f81c                __vector_16
                0x0000f81c                __vector_18
                0x0000f81c                __vector_20
                0x0000f81c                __vector_42
                0x0000f820                . = ALIGN (0x2)
 *(.text.*)
 .text.main     0x0000f820       0x36 main.o
                0x0000f820                main
 .text.EXTINT_init
                0x0000f856        0xa hardware/ext_int/ext_int.o
                0x0000f856                EXTINT_init
 .text.EXTINT_free
                0x0000f860       0x1e hardware/ext_int/ext_int.o
                0x0000f860                EXTINT_free
 .text.EXTINT_set
                0x0000f87e       0x9a hardware/ext_int/ext_int.o
                0x0000f87e                EXTINT_set
 .text.EXTINT_block
                0x0000f918       0x20 hardware/ext_int/ext_int.o
                0x0000f918                EXTINT_block
 .text.__vector_1
                0x0000f938       0x56 hardware/ext_int/ext_int.o
                0x0000f938                __vector_1
 .text.__vector_2
                0x0000f98e       0x56 hardware/ext_int/ext_int.o
                0x0000f98e                __vector_2
 .text.__vector_3
                0x0000f9e4       0x56 hardware/ext_int/ext_int.o
                0x0000f9e4                __vector_3
 .text.__vector_4
                0x0000fa3a       0x56 hardware/ext_int/ext_int.o
                0x0000fa3a                __vector_4
 .text.__vector_5
                0x0000fa90       0x56 hardware/ext_int/ext_int.o
                0x0000fa90                __vector_5
 .text.__vector_6
                0x0000fae6       0x56 hardware/ext_int/ext_int.o
                0x0000fae6                __vector_6
 .text.__vector_7
                0x0000fb3c       0x56 hardware/ext_int/ext_int.o
                0x0000fb3c                __vector_7
 .text.__vector_8
                0x0000fb92       0x56 hardware/ext_int/ext_int.o
                0x0000fb92                __vector_8
 .text.CLOCK_ReleaseCountdownTimer
                0x0000fbe8       0x18 system/clock/clock.o
                0x0000fbe8                CLOCK_ReleaseCountdownTimer
 .text.CLOCK_monthlen
                0x0000fc00       0x1a system/clock/clock.o
                0x0000fc00                CLOCK_monthlen
 .text.CLOCK_decode_time
                0x0000fc1a      0x2e4 system/clock/clock.o
                0x0000fc1a                CLOCK_decode_time
 .text.CLOCK_tick
                0x0000fefe      0x190 system/clock/clock.o
                0x0000fefe                CLOCK_tick
 .text.CLOCK_SetTime
                0x0001008e       0x22 system/clock/clock.o
                0x0001008e                CLOCK_SetTime
 .text.CLOCK_GetTime
                0x000100b0       0x22 system/clock/clock.o
                0x000100b0                CLOCK_GetTime
 .text.CLOCK_GetCountdownTimer
                0x000100d2       0x34 system/clock/clock.o
                0x000100d2                CLOCK_GetCountdownTimer
 .text.CLOCK_SetCountdownTimer
                0x00010106       0x48 system/clock/clock.o
                0x00010106                CLOCK_SetCountdownTimer
 .text.CLOCK_RegisterCountdowntimer
                0x0001014e       0x44 system/clock/clock.o
                0x0001014e                CLOCK_RegisterCountdowntimer
 .text.CLOCK_RegisterCallbackFunction
                0x00010192       0x7c system/clock/clock.o
                0x00010192                CLOCK_RegisterCallbackFunction
 .text.CLOCK_init
                0x0001020e       0x9e system/clock/clock.o
                0x0001020e                CLOCK_init
 .text.timer1_init
                0x000102ac       0x48 hardware/timer1/timer1.o
                0x000102ac                timer1_init
 .text.timer1_stop
                0x000102f4        0xc hardware/timer1/timer1.o
                0x000102f4                timer1_stop
 .text.timer1_free
                0x00010300        0xc hardware/timer1/timer1.o
                0x00010300                timer1_free
 .text.__vector_17
                0x0001030c       0x5a hardware/timer1/timer1.o
                0x0001030c                __vector_17
 .text.timer1_RegisterCallbackFunction
                0x00010366       0x26 hardware/timer1/timer1.o
                0x00010366                timer1_RegisterCallbackFunction
 .text.timer1_wait
                0x0001038c       0x24 hardware/timer1/timer1.o
                0x0001038c                timer1_wait
 .text.timer1_getcounter
                0x000103b0        0xc hardware/timer1/timer1.o
                0x000103b0                timer1_getcounter
 .text.SPI_init
                0x000103bc       0x28 hardware/spi/spi_core.o
                0x000103bc                SPI_init
 .text.SPI_ReadWrite
                0x000103e4       0x2c hardware/spi/spi_core.o
                0x000103e4                SPI_ReadWrite
 .text.SPI_ReadBlock
                0x00010410       0x2c hardware/spi/spi_core.o
                0x00010410                SPI_ReadBlock
 .text.UART_init
                0x0001043c       0x24 hardware/uart/uart_core.o
                0x0001043c                UART_init
 .text.UART_SendByte
                0x00010460       0x22 hardware/uart/uart_core.o
                0x00010460                UART_SendByte
 .text.UART_GetByte
                0x00010482       0x24 hardware/uart/uart_core.o
                0x00010482                UART_GetByte
 .text.UART_GetBytesinRxBuffer
                0x000104a6       0x24 hardware/uart/uart_core.o
                0x000104a6                UART_GetBytesinRxBuffer
 .text.UART_GetBytesinTxBuffer
                0x000104ca       0x24 hardware/uart/uart_core.o
                0x000104ca                UART_GetBytesinTxBuffer
 .text.__vector_27
                0x000104ee       0x36 hardware/uart/mega/uart_0.o
                0x000104ee                __vector_27
 .text.__vector_26
                0x00010524       0x82 hardware/uart/mega/uart_0.o
                0x00010524                __vector_26
 .text.__vector_25
                0x000105a6       0x76 hardware/uart/mega/uart_0.o
                0x000105a6                __vector_25
 .text.__vector_38
                0x0001061c       0x36 hardware/uart/mega/uart_1.o
                0x0001061c                __vector_38
 .text.UART_1_GetBytesinRxBuffer
                0x00010652       0x18 hardware/uart/mega/uart_1.o
                0x00010652                UART_1_GetBytesinRxBuffer
 .text.UART_1_GetByte
                0x0001066a       0x2c hardware/uart/mega/uart_1.o
                0x0001066a                UART_1_GetByte
 .text.__vector_37
                0x00010696       0x82 hardware/uart/mega/uart_1.o
                0x00010696                __vector_37
 .text.UART_1_SendByte
                0x00010718       0x96 hardware/uart/mega/uart_1.o
                0x00010718                UART_1_SendByte
 .text.__vector_36
                0x000107ae       0x76 hardware/uart/mega/uart_1.o
                0x000107ae                __vector_36
 .text.UART_1_init
                0x00010824       0x44 hardware/uart/mega/uart_1.o
                0x00010824                UART_1_init
 .text.GPIO_setdirection
                0x00010868      0x184 hardware/gpio/gpio_core.o
                0x00010868                GPIO_setdirection
 .text.GPIO_setPin
                0x000109ec       0xb6 hardware/gpio/gpio_core.o
                0x000109ec                GPIO_setPin
 .text.GPIO_clearPin
                0x00010aa2       0xc2 hardware/gpio/gpio_core.o
                0x00010aa2                GPIO_clearPin
 .text.enc28j60WriteBuffer
                0x00010b64       0x4a hardware/network/enc28j60.o
                0x00010b64                enc28j60WriteBuffer
 .text.enc28j60WriteOp
                0x00010bae       0x32 hardware/network/enc28j60.o
                0x00010bae                enc28j60WriteOp
 .text.enc28j60SetBank
                0x00010be0       0x44 hardware/network/enc28j60.o
                0x00010be0                enc28j60SetBank
 .text.enc28j60Write
                0x00010c24       0x18 hardware/network/enc28j60.o
                0x00010c24                enc28j60Write
 .text.nicSetMacAddress
                0x00010c3c       0x3c hardware/network/enc28j60.o
                0x00010c3c                nicSetMacAddress
 .text.enc28j60ReadOp
                0x00010c78       0x3e hardware/network/enc28j60.o
                0x00010c78                enc28j60ReadOp
 .text.enc28j60Read
                0x00010cb6       0x10 hardware/network/enc28j60.o
                0x00010cb6                enc28j60Read
 .text.enc28j60PacketSend
                0x00010cc6       0x6a hardware/network/enc28j60.o
                0x00010cc6                enc28j60PacketSend
 .text.enc28j60GetRev
                0x00010d30        0x8 hardware/network/enc28j60.o
                0x00010d30                enc28j60GetRev
 .text.enc28j60PhyWrite
                0x00010d38       0x2e hardware/network/enc28j60.o
                0x00010d38                enc28j60PhyWrite
 .text.enc28j60Init
                0x00010d66       0xb4 hardware/network/enc28j60.o
                0x00010d66                enc28j60Init
 .text.enc28j60PhyRead
                0x00010e1a       0x3a hardware/network/enc28j60.o
                0x00010e1a                enc28j60PhyRead
 .text.enc28j60Linkcheck
                0x00010e54       0x12 hardware/network/enc28j60.o
                0x00010e54                enc28j60Linkcheck
 .text.enc28j60EnableFullDuplex
                0x00010e66       0x3c hardware/network/enc28j60.o
                0x00010e66                enc28j60EnableFullDuplex
 .text.enc28j60ReadBuffer
                0x00010ea2       0x40 hardware/network/enc28j60.o
                0x00010ea2                enc28j60ReadBuffer
 .text.enc28j60PacketReceive
                0x00010ee2      0x126 hardware/network/enc28j60.o
                0x00010ee2                enc28j60PacketReceive
 .text.MemTestValue
                0x00011008       0x30 hardware/memory/xram.o
 .text.LED_off  0x00011038       0x14 hardware/led/led_core.o
                0x00011038                LED_off
 .text.LED_on   0x0001104c       0x14 hardware/led/led_core.o
                0x0001104c                LED_on
 .text.LED_init
                0x00011060       0x28 hardware/led/led_core.o
                0x00011060                LED_init
 .text.SPI0_init
                0x00011088       0x18 hardware/spi/spi_0.o
                0x00011088                SPI0_init
 .text.SPI0_ReadWrite
                0x000110a0        0xc hardware/spi/spi_0.o
                0x000110a0                SPI0_ReadWrite
 .text.SPI0_FastMem2Write
                0x000110ac       0x2c hardware/spi/spi_0.o
                0x000110ac                SPI0_FastMem2Write
 .text.SPI0_FastRead2Mem
                0x000110d8       0x2e hardware/spi/spi_0.o
                0x000110d8                SPI0_FastRead2Mem
 .text.SPI1_init
                0x00011106       0x1c hardware/spi/spi_1.o
                0x00011106                SPI1_init
 .text.SPI1_ReadWrite
                0x00011122       0x1c hardware/spi/spi_1.o
                0x00011122                SPI1_ReadWrite
 .text.SPI1_FastMem2Write
                0x0001113e       0x36 hardware/spi/spi_1.o
                0x0001113e                SPI1_FastMem2Write
 .text.SPI1_FastRead2Mem
                0x00011174       0x3e hardware/spi/spi_1.o
                0x00011174                SPI1_FastRead2Mem
 .text.SPI2_init
                0x000111b2        0xc hardware/spi/spi_2.o
                0x000111b2                SPI2_init
 .text.SPI2_ReadWrite
                0x000111be       0x34 hardware/spi/spi_2.o
                0x000111be                SPI2_ReadWrite
 .text.SPI2_FastMem2Write
                0x000111f2       0x42 hardware/spi/spi_2.o
                0x000111f2                SPI2_FastMem2Write
 .text.SPI2_FastRead2Mem
                0x00011234       0x38 hardware/spi/spi_2.o
                0x00011234                SPI2_FastRead2Mem
 .text.timer0_init
                0x0001126c       0x3a hardware/timer0/timer0.o
                0x0001126c                timer0_init
 .text.__vector_21
                0x000112a6       0x5a hardware/timer0/timer0.o
                0x000112a6                __vector_21
 .text.timer0_RegisterCallbackFunction
                0x00011300       0x26 hardware/timer0/timer0.o
                0x00011300                timer0_RegisterCallbackFunction
 .text.sd_raw_send_command
                0x00011326       0x9c hardware/sd_raw/sd_raw.o
 .text.unselect_card
                0x000113c2       0x14 hardware/sd_raw/sd_raw.o
                0x000113c2                unselect_card
 .text.select_card
                0x000113d6       0x16 hardware/sd_raw/sd_raw.o
                0x000113d6                select_card
 .text.sd_raw_read
                0x000113ec      0x104 hardware/sd_raw/sd_raw.o
                0x000113ec                sd_raw_read
 .text.sd_raw_read_interval
                0x000114f0       0x88 hardware/sd_raw/sd_raw.o
                0x000114f0                sd_raw_read_interval
 .text.sd_raw_write
                0x00011578      0x12e hardware/sd_raw/sd_raw.o
                0x00011578                sd_raw_write
 .text.sd_raw_write_interval
                0x000116a6       0x88 hardware/sd_raw/sd_raw.o
                0x000116a6                sd_raw_write_interval
 .text.sd_raw_init
                0x0001172e      0x102 hardware/sd_raw/sd_raw.o
                0x0001172e                sd_raw_init
 .text.icmp     0x00011830       0xea system/net/icmp.o
                0x00011830                icmp
 .text.UDP_GetSocketState
                0x0001191a       0x36 system/net/udp.o
                0x0001191a                UDP_GetSocketState
 .text.UDP_GetByteInBuffer
                0x00011950       0x34 system/net/udp.o
                0x00011950                UDP_GetByteInBuffer
 .text.UDP_FreeBuffer
                0x00011984       0x40 system/net/udp.o
                0x00011984                UDP_FreeBuffer
 .text.UDP_CloseSocket
                0x000119c4       0x98 system/net/udp.o
                0x000119c4                UDP_CloseSocket
 .text.UDP_init
                0x00011a5c       0x1a system/net/udp.o
                0x00011a5c                UDP_init
 .text.UDP_Getfreesocket
                0x00011a76       0x2a system/net/udp.o
                0x00011a76                UDP_Getfreesocket
 .text.MakeUDPheader
                0x00011aa0       0x8c system/net/udp.o
                0x00011aa0                MakeUDPheader
 .text.UDP_GetSocket
                0x00011b2c      0x120 system/net/udp.o
                0x00011b2c                UDP_GetSocket
 .text.udp      0x00011c4c      0x150 system/net/udp.o
                0x00011c4c                udp
 .text.UDP_SendPacket
                0x00011d9c       0xca system/net/udp.o
                0x00011d9c                UDP_SendPacket
 .text.UDP_RegisterSocket
                0x00011e66      0x18a system/net/udp.o
                0x00011e66                UDP_RegisterSocket
 .text.LockTCP  0x00011ff0        0x6 system/net/tcp.o
                0x00011ff0                LockTCP
 .text.FreeTCP  0x00011ff6        0x8 system/net/tcp.o
                0x00011ff6                FreeTCP
 .text.Getfreesocket
                0x00011ffe       0x3a system/net/tcp.o
                0x00011ffe                Getfreesocket
 .text.RegisterTCPPort
                0x00012038       0x34 system/net/tcp.o
                0x00012038                RegisterTCPPort
 .text.CheckPortInList
                0x0001206c       0x32 system/net/tcp.o
                0x0001206c                CheckPortInList
 .text.CheckPortRequest
                0x0001209e       0x56 system/net/tcp.o
                0x0001209e                CheckPortRequest
 .text.CheckSocketState
                0x000120f4       0x26 system/net/tcp.o
                0x000120f4                CheckSocketState
 .text.FlushSocketData
                0x0001211a       0x38 system/net/tcp.o
                0x0001211a                FlushSocketData
 .text.GetBytesInSocketData
                0x00012152       0x32 system/net/tcp.o
                0x00012152                GetBytesInSocketData
 .text.TCP_pharseOptions
                0x00012184       0x90 system/net/tcp.o
                0x00012184                TCP_pharseOptions
 .text.CopyTCPdata2socketbuffer
                0x00012214       0x9c system/net/tcp.o
                0x00012214                CopyTCPdata2socketbuffer
 .text.GetSocket
                0x000122b0       0xd6 system/net/tcp.o
                0x000122b0                GetSocket
 .text.RegisterSocket
                0x00012386      0x160 system/net/tcp.o
                0x00012386                RegisterSocket
 .text.MakeTCPheader
                0x000124e6      0x292 system/net/tcp.o
                0x000124e6                MakeTCPheader
 .text.Connect2IP
                0x00012778      0x2dc system/net/tcp.o
                0x00012778                Connect2IP
 .text.GetByteFromSocketData
                0x00012a54       0x92 system/net/tcp.o
                0x00012a54                GetByteFromSocketData
 .text.GetSocketData
                0x00012ae6      0x10c system/net/tcp.o
                0x00012ae6                GetSocketData
 .text.SendData_RPE
                0x00012bf2      0x1dc system/net/tcp.o
                0x00012bf2                SendData_RPE
 .text.CloseTCPSocket
                0x00012dce      0x162 system/net/tcp.o
                0x00012dce                CloseTCPSocket
 .text.PutSocketData_RPE
                0x00012f30      0x11e system/net/tcp.o
                0x00012f30                PutSocketData_RPE
 .text.TCPTimeOutHandler
                0x0001304e       0xdc system/net/tcp.o
                0x0001304e                TCPTimeOutHandler
 .text.tcp      0x0001312a      0x814 system/net/tcp.o
                0x0001312a                tcp
 .text.tcp_init
                0x0001393e       0xd6 system/net/tcp.o
                0x0001393e                tcp_init
 .text.MakeETHheader
                0x00013a14       0x36 system/net/ethernet.o
                0x00013a14                MakeETHheader
 .text.FreeEthernet
                0x00013a4a       0x4e system/net/ethernet.o
                0x00013a4a                FreeEthernet
 .text.LockEthernet
                0x00013a98       0x4e system/net/ethernet.o
                0x00013a98                LockEthernet
 .text.sendEthernetframe
                0x00013ae6       0x70 system/net/ethernet.o
                0x00013ae6                sendEthernetframe
 .text.EthernetInit
                0x00013b56       0x5c system/net/ethernet.o
                0x00013b56                EthernetInit
 .text.ethernet
                0x00013bb2       0xac system/net/ethernet.o
                0x00013bb2                ethernet
 .text.ARP_Timeouthandler
                0x00013c5e       0x1a system/net/arp.o
                0x00013c5e                ARP_Timeouthandler
 .text.GetARPtableEntry
                0x00013c78       0x86 system/net/arp.o
                0x00013c78                GetARPtableEntry
 .text.mactostr
                0x00013cfe       0x8c system/net/arp.o
                0x00013cfe                mactostr
 .text.arp      0x00013d8a      0x12c system/net/arp.o
                0x00013d8a                arp
 .text.GetIP2MAC
                0x00013eb6      0x224 system/net/arp.o
                0x00013eb6                GetIP2MAC
 .text.ARP_INIT
                0x000140da       0x1a system/net/arp.o
                0x000140da                ARP_INIT
 .text.iptostr  0x000140f4       0x62 system/net/ip.o
                0x000140f4                iptostr
 .text.strtoip  0x00014156       0xa6 system/net/ip.o
                0x00014156                strtoip
 .text.MakeIPheader
                0x000141fc       0xa6 system/net/ip.o
                0x000141fc                MakeIPheader
 .text.ip       0x000142a2       0xa2 system/net/ip.o
                0x000142a2                ip
 .text.DHCP_AddOption
                0x00014344      0x1c0 system/net/dhcpc.o
                0x00014344                DHCP_AddOption
 .text.DHCP_buildheader
                0x00014504       0xce system/net/dhcpc.o
                0x00014504                DHCP_buildheader
 .text.DHCP_ParseOption
                0x000145d2      0x114 system/net/dhcpc.o
                0x000145d2                DHCP_ParseOption
 .text.DHCP_SendRequest
                0x000146e6      0x17e system/net/dhcpc.o
                0x000146e6                DHCP_SendRequest
 .text.DHCP_SendDiscover
                0x00014864      0x120 system/net/dhcpc.o
                0x00014864                DHCP_SendDiscover
 .text.DHCP_GetConfig
                0x00014984      0x11c system/net/dhcpc.o
                0x00014984                DHCP_GetConfig
 .text.NTP_GetTime
                0x00014aa0      0x248 system/net/ntp.o
                0x00014aa0                NTP_GetTime
 .text.DNS_convertHostName
                0x00014ce8       0x70 system/net/dns.o
                0x00014ce8                DNS_convertHostName
 .text.DNS_ResolveName
                0x00014d58      0x17a system/net/dns.o
                0x00014d58                DNS_ResolveName
 .text.DNS_ResolveName_P
                0x00014ed2       0x28 system/net/dns.o
                0x00014ed2                DNS_ResolveName_P
 .text.network_init
                0x00014efa      0x4f2 system/net/network.o
                0x00014efa                network_init
 .text.ChangeEndian16bit
                0x000153ec        0xc system/math/math.o
                0x000153ec                ChangeEndian16bit
 .text.Checksum_16
                0x000153f8       0x86 system/math/checksum.o
                0x000153f8                Checksum_16
 .text.STDOUT_INIT
                0x0001547e       0x38 system/stdout/stdout.o
                0x0001547e                STDOUT_INIT
 .text.STDOUT_Flush
                0x000154b6       0x3c system/stdout/stdout.o
                0x000154b6                STDOUT_Flush
 .text.STDOUT_set
                0x000154f2       0x2e system/stdout/stdout.o
                0x000154f2                STDOUT_set
 .text.STDOUT_restore
                0x00015520       0x1c system/stdout/stdout.o
                0x00015520                STDOUT_restore
 .text.STDOUT_save
                0x0001553c       0x1c system/stdout/stdout.o
                0x0001553c                STDOUT_save
 .text.STDOUT_Get_Byte
                0x00015558       0x5a system/stdout/stdout.o
                0x00015558                STDOUT_Get_Byte
 .text.STDOUT_Send_Byte
                0x000155b2       0x5a system/stdout/stdout.o
                0x000155b2                STDOUT_Send_Byte
 .text.setprotectConfig
                0x0001560c        0xa system/config/eeconfig.o
                0x0001560c                setprotectConfig
 .text.getConfigsizeUsed
                0x00015616       0x52 system/config/eeconfig.o
                0x00015616                getConfigsizeUsed
 .text.checkConfigName
                0x00015668       0xd0 system/config/eeconfig.o
                0x00015668                checkConfigName
 .text.checkConfigName_P
                0x00015738       0x50 system/config/eeconfig.o
                0x00015738                checkConfigName_P
 .text.deleteConfig
                0x00015788       0xda system/config/eeconfig.o
                0x00015788                deleteConfig
 .text.deleteConfig_P
                0x00015862       0x50 system/config/eeconfig.o
                0x00015862                deleteConfig_P
 .text.writeConfig
                0x000158b2       0xe4 system/config/eeconfig.o
                0x000158b2                writeConfig
 .text.changeConfig
                0x00015996       0x2c system/config/eeconfig.o
                0x00015996                changeConfig
 .text.changeConfig_P
                0x000159c2       0x54 system/config/eeconfig.o
                0x000159c2                changeConfig_P
 .text.readConfig
                0x00015a16       0xe0 system/config/eeconfig.o
                0x00015a16                readConfig
 .text.readConfig_P
                0x00015af6       0x54 system/config/eeconfig.o
                0x00015af6                readConfig_P
 .text.makeConfig
                0x00015b4a       0x5a system/config/eeconfig.o
                0x00015b4a                makeConfig
 .text.PrintConfig
                0x00015ba4      0x130 system/config/eeconfig.o
                0x00015ba4                PrintConfig
 .text.findConfig
                0x00015cd4       0xc2 system/config/eeconfig.o
                0x00015cd4                findConfig
 .text.Config_Init
                0x00015d96        0xe system/config/eeconfig.o
                0x00015d96                Config_Init
 .text.softreset
                0x00015da4       0x5a system/softreset/softreset.o
                0x00015da4                softreset
 .text.INIT_FIFO
                0x00015dfe       0x22 system/buffer/fifo.o
                0x00015dfe                INIT_FIFO
 .text.Get_FIFO
                0x00015e20       0x58 system/buffer/fifo.o
                0x00015e20                Get_FIFO
 .text.Get_Bytes_in_FIFO
                0x00015e78       0x32 system/buffer/fifo.o
                0x00015e78                Get_Bytes_in_FIFO
 .text.Put_Byte_in_FIFO
                0x00015eaa       0xaa system/buffer/fifo.o
                0x00015eaa                Put_Byte_in_FIFO
 .text.Get_Byte_from_FIFO
                0x00015f54       0x92 system/buffer/fifo.o
                0x00015f54                Get_Byte_from_FIFO
 .text.Flush_FIFO
                0x00015fe6       0x3e system/buffer/fifo.o
                0x00015fe6                Flush_FIFO
 .text.Get_FIFOrestsize
                0x00016024       0x34 system/buffer/fifo.o
                0x00016024                Get_FIFOrestsize
 .text.Get_Block_from_FIFO
                0x00016058       0xfe system/buffer/fifo.o
                0x00016058                Get_Block_from_FIFO
 .text.Put_Block_in_FIFO
                0x00016156      0x102 system/buffer/fifo.o
                0x00016156                Put_Block_in_FIFO
 .text.init     0x00016258      0x216 system/init.o
                0x00016258                init
 .text.base64_encode
                0x0001646e       0xec system/base64/base64.o
                0x0001646e                base64_encode
 .text.DYNDNS_pharseHTTPheader
                0x0001655a      0x164 system/net/dyndns.o
                0x0001655a                DYNDNS_pharseHTTPheader
 .text.DYNDNS_getPublicIP
                0x000166be      0x15a system/net/dyndns.o
                0x000166be                DYNDNS_getPublicIP
 .text.DYNDNS_updateIP
                0x00016818      0x162 system/net/dyndns.o
                0x00016818                DYNDNS_updateIP
 .text.THREAD_init
                0x0001697a       0x20 system/thread/thread.o
                0x0001697a                THREAD_init
 .text.THREAD_RegisterThread
                0x0001699a       0x56 system/thread/thread.o
                0x0001699a                THREAD_RegisterThread
 .text.THREAD_mainloop
                0x000169f0       0x54 system/thread/thread.o
                0x000169f0                THREAD_mainloop
 .text.atoh     0x00016a44       0x24 system/string/string.o
                0x00016a44                atoh
 .text.strtobin
                0x00016a68       0x8a system/string/string.o
                0x00016a68                strtobin
 .text.htons    0x00016af2        0xc system/net/endian.o
                0x00016af2                htons
 .text.htonl    0x00016afe       0x16 system/net/endian.o
                0x00016afe                htonl
 .text.fat_get_next_cluster
                0x00016b14       0x80 system/filesystem/fat.o
 .text.fat_free_clusters
                0x00016b94       0xb4 system/filesystem/fat.o
 .text.fat_append_clusters
                0x00016c48      0x142 system/filesystem/fat.o
 .text.fat_clear_cluster_callback
                0x00016d8a        0x6 system/filesystem/fat.o
 .text.fat_cluster_offset
                0x00016d90       0x4c system/filesystem/fat.o
 .text.fat_read_file
                0x00016ddc      0x1d8 system/filesystem/fat.o
                0x00016ddc                fat_read_file
 .text.fat_reset_dir
                0x00016fb4       0x1a system/filesystem/fat.o
                0x00016fb4                fat_reset_dir
 .text.fat_dir_entry_read_callback
                0x00016fce      0x1ae system/filesystem/fat.o
 .text.fat_delete_file
                0x0001717c       0xc2 system/filesystem/fat.o
                0x0001717c                fat_delete_file
 .text.fat_get_fs_free
                0x0001723e       0xe4 system/filesystem/fat.o
                0x0001723e                fat_get_fs_free
 .text.fat_get_fs_free_16_callback
                0x00017322       0x32 system/filesystem/fat.o
 .text.fat_clear_cluster
                0x00017354       0x62 system/filesystem/fat.o
 .text.fat_read_dir
                0x000173b6      0x138 system/filesystem/fat.o
                0x000173b6                fat_read_dir
 .text.fat_find_offset_for_dir_entry
                0x000174ee      0x17e system/filesystem/fat.o
 .text.fat_write_dir_entry
                0x0001766c      0x2fa system/filesystem/fat.o
 .text.fat_create_file
                0x00017966       0xa6 system/filesystem/fat.o
                0x00017966                fat_create_file
 .text.fat_resize_file
                0x00017a0c      0x1d6 system/filesystem/fat.o
                0x00017a0c                fat_resize_file
 .text.fat_seek_file
                0x00017be2       0xaa system/filesystem/fat.o