'Received: from mailout-de.gmx.net [213.165.64.22] by winmail-qwmail.de' 0D 0A
'  (SMTPD32-8.15) id AB0F305200AA; Fri, 02 Nov 2012 20:12:15 +0100' 0D 0A
'Received: (qmail invoked by alias); 02 Nov 2012 19:12:15 -0000' 0D 0A
'Received: from a89-182-182-165.net-htp.de (EHLO FRED-004) [89.182.182.165]' 0D 0A
'  by mail.gmx.net (mp002) with SMTP; 02 Nov 2012 20:12:15 +0100' 0D 0A
'X-Authenticated: #5925835' 0D 0A
'X-Provags-ID: V01U2FsdGVkX1/tgYk+ek3tGYgkAzza43SVIGELm97216lwrPaHse' 0D 0A
09 'uj7S48PnZUg8p5' 0D 0A
'From: Fred Sonnenrein <fred.sonnenrein@gmx.de>' 0D 0A
'To: fred@teleprinter.net' 0D 0A 'Subject: Test1' 0D 0A
'Date: Fri, 02 Nov 2012 20:16:08 +0100' 0D 0A
'X-Mailer: Forte Agent 1.8/32.548' 0D 0A
'MIME-Version: 1.0' 0D 0A
'Content-Type: text/plain; charset=us-ascii' 0D 0A
'Content-Transfer-Encoding: quoted-printable' 0D 0A
'X-Y-GMX-Trusted: 0' 0D 0A
'Message-Id: <201211022012831.SM01832@mailout-de.gmx.net>' 0D 0A
'X-RCPT-TO: <fred@teleprinter.net>' 0D 0A 'Status: R' 0D 0A
'X-UIDL: 651883504' 0D 0A
0D 0A 'Hallo Fred' 0D 0A
0D 0A
0D 0A '.' 0D 0A 
--> BufUsed 892
'Received: from mailout-de.gmx.net [213.165.64.22] by winmail-qwmail.de' 0D 0A 
'  (SMTPD32-8.15) id AB0F305200AA; Fri, 02 Nov 2012 20:12:15 +0100' 0D 0A 
'Received: (qmail invoked by alias); 02 Nov 2012 19:12:15 -0000' 0D 0A 
'Received: from a89-182-182-165.net-htp.de (EHLO FRED-004) [89.182.182.165]' 0D 0A 
'  by mail.gmx.net (mp002) with SMTP; 02 Nov 2012 20:12:15 +0100' 0D 0A 
'X-Authenticated: #5925835' 0D 0A 
'X-Provags-ID: V01U2FsdGVkX1/tgYk+ek3tGYgkAzza43SVIGELm97216lwrPaHse' 0D 0A 
09 'uj7S48PnZUg8p5' 0D 0A 
'From: Fred Sonnenrein <fred.sonnenrein@gmx.de>' 0D 0A 
'To: fred@teleprinter.net' 0D 0A 
'Subject: Test1' 0D 0A 
'Date: Fri, 02 Nov 2012 20:16:08 +0100' 0D 0A 
'X-Mailer: Forte Agent 1.8/32.548' 0D 0A 
'MIME-Version: 1.0' 0D 0A 
'Content-Type: text/plain; charset=us-ascii' 0D 0A 
'Content-Transfer-Encoding: quoted-printable' 0D 0A 
'X-Y-GMX-Trusted: 0' 0D 0A 
'Message-Id: <201211022012831.SM01832@mailout-de.gmx.net>' 0D 0A 
'X-RCPT-TO: <fred@teleprinter.net>' 0D 0A 
'Status: R' 0D 0A 
'X-UIDL: 651883504' 0D 0A 
0D 0A 
'Hallo Fred' 0D 0A 
0D 0A 
0D 0A '.' 0D 0A 
--> BufUsed 1800

'Received: from mailout-de.gmx.net [213.165.64.22] by winmail-qwmail.de' 0D 0A
'  (SMTPD32-8.15) id AB0F305200AA; Fri, 02 Nov 2012 20:12:15 +0100' 0D 0A
'Received: (qmail invoked by alias); 02 Nov 2012 19:12:15 -0000' 0D 0A
'Received: from a89-182-182-165.net-htp.de (EHLO FRED-004) [89.182.182.165]' 0D 0A
'  by mail.gmx.net (mp002) with SMTP; 02 Nov 2012 20:12:15 +0100' 0D 0A
'X-Authenticated: #5925835' 0D 0A
'X-Provags-ID: V01U2FsdGVkX1/tgYk+ek3tGYgkAzza43SVIGELm97216lwrPaHse' 0D 0A
09 'uj7S48PnZUg8p5' 0D 0A
'From: Fred Sonnenrein <fred.sonnenrein@gmx.de>' 0D 0A
'To: fred@teleprinter.net' 0D 0A
'Subject: Test1' 0D 0A
'Date: Fri, 02 Nov 2012 20:16:08 +0100' 0D 0A
'X-Mailer: Forte Agent 1.8/32.548' 0D 0A
'MIME-Version: 1.0' 0D 0A
'Content-Type: text/plain; charset=us-ascii' 0D 0A
'Content-Transfer-Encoding: quoted-printable' 0D 0A
'X-Y-GMX-Trusted: 0' 0D 0A
'Message-Id: <201211022012831.SM01832@mailout-de.gmx.net>' 0D 0A
'X-RCPT-TO: <fred@teleprinter.net>' 0D 0A
'Status: R' 0D 0A
'X-UIDL: 651883504' 0D 0A
0D 0A
'Hallo Fred' 0D 0A
0D 0A
0D 0A
'.' 0D 0A
--> BufUsed 892


'Received: from mailout-de.gmx.net [213.165.64.22] by winmail-qwmail.de' 0D 0A
'  (SMTPD32-8.15) id AB0F305200AA; Fri, 02 Nov 2012 20:12:15 +0100' 0D 0A
'Received: (qmail invoked by alias); 02 Nov 2012 19:12:15 -0000' 0D 0A
'Received: from a89-182-182-165.net-htp.de (EHLO FRED-004) [89.182.182.165]' 0D 0A
'  by mail.gmx.net (mp002) with SMTP; 02 Nov 2012 20:12:15 +0100' 0D 0A
'X-Authenticated: #5925835' 0D 0A
'X-Provags-ID: V01U2FsdGVkX1/tgYk+ek3tGYgkAzza43SVIGELm97216lwrPaHse' 0D 0A
09 'uj7S48PnZUg8p5' 0D 0A
'From: Fred Sonnenrein <fred.sonnenrein@gmx.de>' 0D 0A
'To: fred@teleprinter.net' 0D 0A
'Subject: Test1' 0D 0A
'Date: Fri, 02 Nov 2012 20:16:08 +0100' 0D 0A
'X-Mailer: Forte Agent 1.8/32.548' 0D 0A
'MIME-Version: 1.0' 0D 0A
'Content-Type: text/plain; charset=us-ascii' 0D 0A
'Content-Transfer-Encoding: quoted-printable' 0D 0A
'X-Y-GMX-Trusted: 0' 0D 0A
'Message-Id: <201211022012831.SM01832@mailout-de.gmx.net>' 0D 0A
'X-RCPT-TO: <fred@teleprinter.net>' 0D 0A
'Status: R' 0D 0A
'X-UIDL: 651883504' 0D 0A
0D 0A
'Hallo Fred' 0D 0A
0D 0A
0D 0A
'.' 0D 0A
--> BufUsed 892


'Received: from sonnibs [89.182.182.165] by winmail-qwmail.de' 0D 0A
'  (SMTPD32-8.15) id AE0C1A940110; Fri, 02 Nov 2012 20:25:00 +0100' 0D 0A
'From: <fred@teleprinter.net>' 0D 0A
'To: <fred.sonnenrein@gmx.de>' 0D 0A
'Subject: !SPAM-Connection  Blabla' 0D 0A
'Date: 01 Nov 2012' 0D 0A
'Message-Id: <201211022026491.SM01832@sonnibs>' 0D 0A
'X-IMAIL-SPAM-VALHELO: (1de81a940110e136)' 0D 0A
'X-RCPT-TO: fred@teleprinter.net' 0D 0A
'Status: R' 0D 0A
'X-UIDL: 651883506' 0D 0A
0D 0A
'Dies ist der Byody.' 0D 0A
'Mal sehen, weas GMS daraus machr....' 0D 0A
'Tippen lakann ich auch nicht mehr...' 0D 0A
'eagfhefgrgfsjfsdg' 0D 0A
0D 0A
'.' 0D 0A
--> BufUsed 518



'Received: from sonnibs [89.182.182.165] by winmail-qwmail.de' 0D 0A
'  (SMTPD32-8.15) id A2A114D70136; Fri, 02 Nov 2012 20:44:33 +0100' 0D 0A
'Ohne Header und ohne alles. ' 0D 0A
'Das ist spannend.' 0D 0A
'X-UIDL: 651883508' 0D 0A
0D 0A
'.' 0D 0A
--> BufUsed 202

'Received: from mail-ia0-f175.google.com [209.85.210.175] by winmail-qwmail.de with ESMTP' 0D 0A
'  (SMTPD32-8.15) id A06415800136; Sat, 03 Nov 2012 10:14:12 +0100' 0D 0A
'Received: by mail-ia0-f175.google.com with SMTP id b35so3499172iac.20' 0D 0A
'        for <fred@teleprinter.net>; Sat, 03 Nov 2012 02:14:12 -0700 (PDT)' 0D 0A
'DKIM-Signature: v=1; a=rsa-sha256; c=relaxed/relaxed;' 0D 0A
'        d=gmail.com; s=20120113;' 0D 0A
'        h=mime-version:in-reply-to:references:date:message-id:subject:from:to' 0D 0A
'         :content-type:content-transfer-encoding;' 0D 0A
'        bh=hbVsXmynVposj6gd8q1aQz85PDi1VxjrSPQ9TjQpltw=;' 0D 0A
'        b=iXmf5DlTEQq5x2VBZQ82q/5sySTIxL4J9UMpb80e7+C4E3GPeGobpCWuS80G8M31PJ' 0D 0A
'         ktMGfqMaDdm1JW/5473CIsWTFRTjd/cPLTPF4MG/7Y8Djsa/HnWqyC9WqIQ3EVDGNhMn' 0D 0A
'         a+w0BqR/vvHVqRP2IzeVZnVf9U4imA7uLrMchZq9RGgz8EyddLAituR2oaMmnIPtUFG9' 0D 0A
'         LeXc9VJ4LTEAshiFJ1HJAfZkb0kzclAs6YD4GC03UY49esa9NYN00DogVWXVqJG9xW/v' 0D 0A
'         rYush8KfNen1q6FswdByUtmCUwq/oYV3x0ZBSx9A1eJkNoRJgblNZ/mPm6K7xMhrGdr2' 0D 0A
'         pVDw==' 0D 0A
'MIME-Version: 1.0' 0D 0A
'Received: by 10.50.188.199 with SMTP id gc7mr4430813igc.4.1351934051987; Sat,' 0D 0A
' 03 Nov 2012 02:14:11 -0700 (PDT)' 0D 0A
'Received: by 10.64.61.34 with HTTP; Sat, 3 Nov 2012 02:14:11 -0700 (PDT)' 0D 0A
'In-Reply-To: <201211022036492.SM01832@sonnibs>' 0D 0A
'References: <201211022036492.SM01832@sonnibs>' 0D 0A
'Date: Sat, 3 Nov 2012 10:14:11 +0100' 0D 0A
'Message-ID: <CAGcpztjQuDr011_9u4akorr0hcthYCti18hqsO7ak0WC-ZTJMQ@mail.gmail.com>' 0D 0A
'Subject: Re: !SPAM-Connection Testmail' 0D 0A
'From: Henning Treumann <df3oe.henning@googlemail.com>' 0D 0A
'To: fred@teleprinter.net' 0D 0A
'Content-Type: text/plain; charset=ISO-8859-1' 0D 0A
'Content-Transfer-Encoding: quoted-printable' 0D 0A
'X-RCPT-TO: <fred@teleprinter.net>' 0D 0A
'Status: R' 0D 0A
'X-UIDL: 651883509' 0D 0A
0D 0A
--> BufUsed 1709

'Hallo Fred,' 0D 0A
0D 0A
'Mail ist angekommen, wie du siehst...' 0D 0A
'Ich nutze diese Adresse nur als Empfangsadresse zur Weiterleitung' 0D 0A
'auf meinen Google-Mailaccount.' 0D 0A
0D 0A
'Gruesse,' 0D 0A
'Henning' 0D 0A
'+++' 0D 0A
0D 0A
0D 0A
'Am 1. November 2011 08:00 schrieb  <fred@teleprinter.net>:' 0D 0A
'> Hallo Henning,' 0D 0A
'> schreib mir mal zurueck, ob du diese Mail bekommen hast...' 0D 0A
'> Fred' 0D 0A
'> Verwendest du die Mailadresse henning@teleprinter.net eigentlich auch' 0D 0A
'> zum versenden von mails?' 0D 0A
'> ach ja. schreib mir auch uzeber txp oder fred.sonnenrein@gmx.de, wenn du' 0D 0A
'> diese mail gelesen hast.' 0D 0A
'> Ich habe die mail n=E4mlich textbasiert auf dem teleprinter-server eingeg=' 0D 0A
'eben...' 0D 0A
'> schoenen abend!' 0D 0A
'> Fred' 0D 0A
'> .' 0D 0A
0D 0A
'.' 0D 0A
--> BufUsed 660


'Received: from TelexPhone mail client [89.182.180.88] by teleprinter.net with ESMTP' 0D 0A
'  (SMTPD32-8.15) id A56E51E00F6; Thu, 08 Nov 2012 20:18:06 +0100' 0D 0A
'From:<fred@teleprinter.net>' 0D 0A
'To:fred@teleprinter.net>' 0D 0A
'Subject: *TXP* Mail sent by TelexPhone' 0D 0A
'Message-Id: <201211082018787.SM01832@TelexPhone mail client>' 0D 0A
'Date: Thu,  8 Nov 2012 20:18:28 +0100' 0D 0A
'X-RCPT-TO: <fred@teleprinter.net>' 0D 0A
'Status: U' 0D20:22:33,67:  0A 'X-UIDL: 651883514' 0D 0A
0D 0A
'hallo fred...' 0D 0A
'1234567890' 0D 0A
0D 0A
0D 0A
'.' 0D 0A
--> BufUsed 448


'Received: from mail5.tuevsued.de [193.30.192.27] by winmail-qwmail.de with ESMTP' 0D 0A
'  (SMTPD32-8.15) id AF2C2890126; Thu, 08 Nov 2012 15:18:20 +0100' 0D 0A
'X-IronPort-Anti-Spam-Filtered: true' 0D 0A
'X-IronPort-Anti-Spam-Result: AjcJAMm9m1DBHsCj/2dsb2JhbABEg1DBGweCJRkhJSwBPkIPFwEEG4gGmlihX5F4YQOmPoJw' 0D 0A
'Received: from tuevnetz1.tuevsued.de (HELO SDEMUCA01558.de001.itgr.net) ([193.30.192.163])' 0D 0A
'  by mail5.tuevsued.de 20:00:44,74: with ESMTP; 08 Nov 2012 15:18:20 +0100' 0D 0A
'Received: from SDEMUCA01551.de001.itgr.net ([10.250.5.151]) by' 0D 0A
' SDEMUCA01558.de001.itgr.net ([10.40.160.158]) with mapi; Thu, 8 Nov 2012' 0D 0A
' 15:18:19 +0100' 0D 0A
'From: "Sonnenrein, Fred" <Fred.Sonnenrein@tuev-sued.de>' 0D 0A
'To: "fred@teleprinter.net" <fred@teleprinter.net>' 0D 0A
'Disposition-Notification-To: "Sonnenrein, Fred" <Fred.Sonnenrein@tuev-sued.de>' 0D 0A
'Date: Thu, 8 Nov 2012 15:18:18 +0100' 0D 0A
'Subject: Test ASCI20:00:45,27: I' 0D 0A
'Thread-Topic: Test ASCII' 0D 0A
'Thread-Index: Ac29u+ZNV1I6wCQcTJ+CGMNyGNw6Ng==' 0D 0A
'Message-ID: <672F38929EE1BC47A8790B64959A562501034B3E00@SDEMUCA01551.de001.itgr.net>' 0D 0A
'Accept-Language: de-DE' 0D 0A
'Content-Language: de-DE' 0D 0A
'X-MS-Has-Attach:' 0D 0A
'X-MS-TNEF-Correlator:' 0D 0A
'acceptlanguage: de-DE' 0D 0A
'Content-Type: text/plain; charset="us-ascii"' 0D 0A
'Content-Transfer-Encoding: quoted-printable' 0D 0A
'MIME-Version: 1.0' 0D 0A
'X-RCPT-TO: <fred@teleprint20:00:45,80: er.net>' 0D 0A
'Status: R' 0D 0A
'X-UIDL: 651883511' 0D 0A
0D 0A
--> BufUsed 1313

'Dies ist der Body.' 0D 0A
'Zeile 1' 0D 0A
'Zeile 2' 0D 0A
'Letzte Zeile.' 0D 0A
0D 0A
0D 0A
'.' 0D 0A
--> BufUsed 60



'Received: from mail5.tuevsued.de [193.30.192.27] by winmail-qwmail.de with ESMTP' 0D 0A
'  (SMTPD32-8.15) id AF4628B0126; Thu, 08 Nov 2012 15:18:46 +0100' 0D 0A
'X-IronPort-Anti-Spam-Filtered: true' 0D 0A
'X-IronPort-Anti-Spam-Result: AjgJAMm9m1DBHsCj/2dsb2JhbABEgkmBB8EbB4IlLTIsAQx0DxcBBBuIBppYoV+ReGEDpj6CcA' 0D 0A
'Received: from tuevnetz1.tuevsued.de (HELO SDEMUCA01558.de001.itgr.net) ([193.30.192.163])' 0D 0A
'  by mail5.tuevsued.d20:03:46,19: e with ESMTP; 08 Nov 2012 15:18:46 +0100' 0D 0A
'Received: from SDEMUCA01551.de001.itgr.net ([10.250.5.151]) by' 0D 0A
' SDEMUCA01558.de001.itgr.net ([10.40.160.158]) with mapi; Thu, 8 Nov 2012' 0D 0A
' 15:18:45 +0100' 0D 0A
'From: "Sonnenrein, Fred" <Fred.Sonnenrein@tuev-sued.de>' 0D 0A
'To: "fred@teleprinter.net" <fred@teleprinter.net>' 0D 0A
'Disposition-Notification-To: "Sonnenrein, Fred" <Fred.Sonnenrein@tuev-sued.de>' 0D 0A
'Date: Thu, 8 Nov 2012 15:18:44 +0100' 0D 0A
'Subject: Test HT20:03:46,72: ML' 0D 0A
'Thread-Topic: Test HTML' 0D 0A
'Thread-Index: Ac29u+ZNV1I6wCQcTJ+CGMNyGNw6Ng==' 0D 0A
'Message-ID: <672F38929EE1BC47A8790B64959A562501034B3E06@SDEMUCA01551.de001.itgr.net>' 0D 0A
'Accept-Language: de-DE' 0D 0A
'Content-Language: de-DE' 0D 0A
'X-MS-Has-Attach:' 0D 0A
'X-MS-TNEF-Correlator:' 0D 0A
'acceptlanguage: de-DE' 0D 0A
'Content-Type: multipart/alternative;' 0D 0A
09 'boundary="_000_672F38929EE1BC47A8790B64959A562501034B3E06SDEMUCA01551d_"' 0D 0A
'MIME-Version: 1.0'20:03:47,23:  0D 0A
'X-RCPT-TO: <fred@teleprinter.net>' 0D 0A
'Status: R' 0D 0A
'X-UIDL: 651883512' 0D 0A
0D 0A
--> BufUsed 1335

'--_000_672F38929EE1BC47A8790B64959A562501034B3E06SDEMUCA01551d_' 0D 0A
'Content-Type: text/plain; charset="us-ascii"' 0D 0A
'Content-Transfer-Encoding: quoted-printable' 0D 0A
0D 0A
'Dies ist der Body.' 0D 0A
0D 0A
'Zeile 1' 0D 0A
0D 0A
'Zeile 2' 0D 0A
0D 0A
'Letzte Zeile.' 0D 0A
0D 0A
0D 0A
0D 0A
'--_000_672F38929EE1BC47A8790B64959A562501034B3E06SDEMUCA01551d_' 0D 0A
'Content-Type: text/html; charset="us-ascii"' 0D 0A
'Content-Transfer-Encoding: quoted-prin20:03:47,90: table' 0D 0A
0D 0A
'<html xmlns:v=3D"urn:schemas-microsoft-com:vml" xmlns:o=3D"urn:schemas-micr=' 0D 0A
'osoft-com:office:office" xmlns:w=3D"urn:schemas-microsoft-com:office:word" =' 0D 0A
'xmlns:m=3D"http://schemas.microsoft.com/office/2004/12/omml" xmlns=3D"http:=' 0D 0A
'//www.w3.org/TR/REC-html40"><head><meta http-equiv=3DContent-Type content=' 0D 0A
'=3D"text/html; charset=3Dus-ascii"><meta name=3DGenerator content=3D"Micros=' 0D 0A
'oft Word 12 (filtered medium)"><style><!--'20:03:48,42:  0D 0A
'/* Font Definitions */' 0D 0A
'@font-face' 0D 0A
09 '{font-family:"Cambria Math";' 0D 0A
09 'panose-1:2 4 5 3 5 4 6 3 2 4;}' 0D 0A
'@font-face' 0D 0A
09 '{font-family:Calibri;' 0D 0A
09 'panose-1:2 15 5 2 2 2 4 3 2 4;}' 0D 0A
'/* Style Definitions */' 0D 0A
'p.MsoNormal, li.MsoNormal, div.MsoNormal' 0D 0A
09 '{margin:0cm;' 0D 0A
09 'margin-bottom:.0001pt;' 0D 0A
09 'font-size:11.0pt;' 0D 0A
09 'font-family:"Calibri","sans-serif";}' 0D 0A
'a:link, span.MsoHyperlink' 0D 0A20:03:48,94:  09 '{mso-style-priority:99;' 0D 0A
09 'color:blue;' 0D 0A
09 'text-decoration:underline;}' 0D 0A
'a:visited, span.MsoHyperlinkFollowed' 0D 0A
09 '{mso-style-priority:99;' 0D 0A
09 'color:purple;' 0D 0A
09 'text-decoration:underline;}' 0D 0A
'p.MsoPlainText, li.MsoPlainText, div.MsoPlainText' 0D 0A
09 '{mso-style-priority:99;' 0D 0A
09 'mso-style-link:"Nur Text Zchn";' 0D 0A
09 'margin:0cm;' 0D 0A
09 'margin-bottom:.0001pt;' 0D 0A
09 'font-size:10.0pt;' 0D 0A
09 'font-family:"Courier New";}'20:03:49,46:  0D 0A
'span.NurTextZchn' 0D 0A
09 '{mso-style-name:"Nur Text Zchn";' 0D 0A
09 'mso-style-priority:99;' 0D 0A
09 'mso-style-link:"Nur Text";' 0D 0A
09 'font-family:"Courier New";}' 0D 0A
'..MsoChpDefault' 0D 0A
09 '{mso-style-type:export-only;}' 0D 0A
'@page WordSection1' 0D 0A
09 '{size:612.0pt 792.0pt;' 0D 0A
09 'margin:70.85pt 70.85pt 2.0cm 70.85pt;}' 0D 0A
'div.WordSection1' 0D 0A
09 '{page:WordSection1;}' 0D 0A
'--></style><!--[if gte mso 9]><xml>' 0D 0A
'<o:shapedefaults v:ext=3D"edit"20:03:49,99:  spidmax=3D"1026" />' 0D 0A
'</xml><![endif]--><!--[if gte mso 9]><xml>' 0D 0A
'<o:shapelayout v:ext=3D"edit">' 0D 0A
'<o:idmap v:ext' --> BufUsed 2048

'959A562501034B3E06SDEMUCA01551d_--' 0D 0A
0D 0A
'.' 0D 0A
--> BufUsed 2089


'Received: from mail5.tuevsued.de [193.30.192.27] by winmail-qwmail.de with ESMTP' 0D 0A
'  (SMTPD32-8.15) id AF6C28C0126; Thu, 08 Nov 2012 15:19:24 +0100' 0D 0A
'X-IronPort-Anti-Spam-Filtered: true' 0D 0A
'X-IronPort-Anti-Spam-Result: AjcJADy/m1DBHsCj/2dsb2JhbABEg1DBGweCJS0yLAELAQJyDxcBBBuIBppToV+ReGEDpj6CcA' 0D 0A
'Received: from tuevnetz1.tuevsued.de (HELO SDEMUCA01558.de001.itgr.net) ([193.30.192.163])' 0D 0A
'  by mail5.tuevsued.d20:06:47,63: e with ESMTP; 08 Nov 2012 15:19:07 +0100' 0D 0A
'Received: from SDEMUCA01551.de001.itgr.net ([10.250.5.151]) by' 0D 0A
' SDEMUCA01558.de001.itgr.net ([10.40.160.158]) with mapi; Thu, 8 Nov 2012' 0D 0A
' 15:19:06 +0100' 0D 0A
'From: "Sonnenrein, Fred" <Fred.Sonnenrein@tuev-sued.de>' 0D 0A
'To: "fred@teleprinter.net" <fred@teleprinter.net>' 0D 0A
'Disposition-Notification-To: "Sonnenrein, Fred" <Fred.Sonnenrein@tuev-sued.de>' 0D 0A
'Date: Thu, 8 Nov 2012 15:19:05 +0100' 0D 0A
'Subject: Test RT20:06:48,16: F' 0D 0A
'Thread-Topic: Test RTF' 0D 0A
'Thread-Index: Ac29u+ZNV1I6wCQcTJ+CGMNyGNw6Ng==' 0D 0A
'Message-ID: <672F38929EE1BC47A8790B64959A562501034B3E09@SDEMUCA01551.de001.itgr.net>' 0D 0A
'Accept-Language: de-DE' 0D 0A
'Content-Language: de-DE' 0D 0A
'X-MS-Has-Attach:' 0D 0A
'X-MS-TNEF-Correlator:' 0D 0A
'acceptlanguage: de-DE' 0D 0A
'Content-Type: multipart/alternative;' 0D 0A
09 'boundary="_000_672F38929EE1BC47A8790B64959A562501034B3E09SDEMUCA01551d_"' 0D 0A
'MIME-Version: 1.0'20:06:48,67:  0D 0A
'X-RCPT-TO: <fred@teleprinter.net>' 0D 0A
'Status: R' 0D 0A
'X-UIDL: 651883513' 0D 0A
0D 0A
--> BufUsed 1333

'--_000_672F38929EE1BC47A8790B64959A562501034B3E09SDEMUCA01551d_' 0D 0A
'Content-Type: text/plain; charset="us-ascii"' 0D 0A
'Content-Transfer-Encoding: quoted-printable' 0D 0A
0D 0A
'Dies ist der Body.' 0D 0A
'Zeile 1' 0D 0A
'Zeile 2' 0D 0A
'Letzte Zeile.' 0D 0A
0D 0A
0D 0A
0D 0A
'--_000_672F38929EE1BC47A8790B64959A562501034B3E09SDEMUCA01551d_' 0D 0A
'Content-Type: text/html; charset="us-ascii"' 0D 0A
'Content-Transfer-Encoding: quoted-printable'20:06:49,32:  0D 0A
0D 0A
'<html>' 0D 0A
'<head>' 0D 0A
'<meta http-equiv=3D"Content-Type" content=3D"text/html; charset=3Dus-ascii"=' 0D 0A
'>' 0D 0A
'<meta name=3D"Generator" content=3D"Microsoft Exchange Server">' 0D 0A
'<!-- converted from rtf -->' 0D 0A
'<style><!-- .EmailQuote { margin-left: 1pt; padding-left: 4pt; border-left:=' 0D 0A
' #800000 2px solid; } --></style>' 0D 0A
'</head>' 0D 0A
'<body>' 0D 0A
'<font face=3D"Courier New, monospace" size=3D"2">' 0D 0A
'<div>Dies ist der Body.</div>'20:06:49,85:  0D 0A
'<div>Zeile 1</div>' 0D 0A
'<div>Zeile 2</div>' 0D 0A
'<div>Letzte Zeile.</div>' 0D 0A
'<div>&nbsp;</div>' 0D 0A
'<div>&nbsp;</div>' 0D 0A
'</font>' 0D 0A
'</body>' 0D 0A
'</html>' 0D 0A
0D 0A
'--_000_672F38929EE1BC47A8790B64959A562501034B3E09SDEMUCA01551d_--' 0D 0A
0D 0A
'.' 0D 0A
--> BufUsed 982

